Component: ARM Compiler 5.05 update 1 (build 106) Tool: armlink [4d0efa]

==============================================================================

Section Cross References

    main.o(.text) refers to lcd.o(.text) for LCD_ShowString
    main.o(.text) refers to noretval__2printf.o(.text) for __2printf
    main.o(.text) refers to os_time.o(.text) for OSTimeDlyHMSM
    main.o(.text) refers to cpu_core.o(.text) for CPU_Init
    main.o(.text) refers to os_core.o(.text) for OSSchedRoundRobinCfg
    main.o(.text) refers to cpu_a.o(.text) for CPU_SR_Save
    main.o(.text) refers to os_task.o(.text) for OSTaskCreate
    main.o(.text) refers to delay.o(.text) for delay_init
    main.o(.text) refers to misc.o(.text) for NVIC_PriorityGroupConfig
    main.o(.text) refers to usart.o(.text) for uart_init
    main.o(.text) refers to led.o(.text) for LED_Init
    main.o(.text) refers to lcd.o(.data) for POINT_COLOR
    main.o(.text) refers to os_var.o(.data) for OSSchedLockNestingCtr
    main.o(.text) refers to main.o(.bss) for TASK1_TASK_STK
    system_stm32f4xx.o(.text) refers to system_stm32f4xx.o(.data) for SystemCoreClock
    led.o(.text) refers to stm32f4xx_rcc.o(.text) for RCC_AHB1PeriphClockCmd
    led.o(.text) refers to stm32f4xx_gpio.o(.text) for GPIO_Init
    lcd.o(.text) refers to _printf_percent.o(.ARM.Collect$$_printf_percent$$00000000) for _printf_percent
    lcd.o(.text) refers to _printf_x.o(.ARM.Collect$$_printf_percent$$0000000C) for _printf_x
    lcd.o(.text) refers to _printf_hex_int.o(.text) for _printf_longlong_hex
    lcd.o(.text) refers to delay.o(.text) for delay_us
    lcd.o(.text) refers to lcd.o(.bss) for lcddev
    lcd.o(.text) refers to lcd.o(.data) for POINT_COLOR
    lcd.o(.text) refers to dflt_clz.o(x$fpl$dfltu) for __aeabi_ui2d
    lcd.o(.text) refers to dmul.o(x$fpl$dmul) for __aeabi_dmul
    lcd.o(.text) refers to dfixu.o(x$fpl$dfixu) for __aeabi_d2uiz
    lcd.o(.text) refers to stm32f4xx_rcc.o(.text) for RCC_AHB1PeriphClockCmd
    lcd.o(.text) refers to stm32f4xx_gpio.o(.text) for GPIO_Init
    lcd.o(.text) refers to stm32f4xx_fsmc.o(.text) for FSMC_NORSRAMInit
    lcd.o(.text) refers to noretval__2printf.o(.text) for __2printf
    lcd.o(.text) refers to lcd.o(.constdata) for asc2_1206
    startup_stm32f40_41xxx.o(STACK) refers (Special) to heapauxi.o(.text) for __use_two_region_memory
    startup_stm32f40_41xxx.o(HEAP) refers (Special) to heapauxi.o(.text) for __use_two_region_memory
    startup_stm32f40_41xxx.o(RESET) refers (Special) to heapauxi.o(.text) for __use_two_region_memory
    startup_stm32f40_41xxx.o(RESET) refers to startup_stm32f40_41xxx.o(STACK) for __initial_sp
    startup_stm32f40_41xxx.o(RESET) refers to startup_stm32f40_41xxx.o(.text) for Reset_Handler
    startup_stm32f40_41xxx.o(RESET) refers to stm32f4xx_it.o(.text) for NMI_Handler
    startup_stm32f40_41xxx.o(RESET) refers to os_cpu_a.o(CODE) for PendSV_Handler
    startup_stm32f40_41xxx.o(RESET) refers to delay.o(.text) for SysTick_Handler
    startup_stm32f40_41xxx.o(RESET) refers to usart.o(.text) for USART1_IRQHandler
    startup_stm32f40_41xxx.o(.text) refers (Special) to heapauxi.o(.text) for __use_two_region_memory
    startup_stm32f40_41xxx.o(.text) refers to system_stm32f4xx.o(.text) for SystemInit
    startup_stm32f40_41xxx.o(.text) refers to __main.o(!!!main) for __main
    startup_stm32f40_41xxx.o(.text) refers to startup_stm32f40_41xxx.o(HEAP) for Heap_Mem
    startup_stm32f40_41xxx.o(.text) refers to startup_stm32f40_41xxx.o(STACK) for Stack_Mem
    stm32f4xx_gpio.o(.text) refers to stm32f4xx_rcc.o(.text) for RCC_AHB1PeriphResetCmd
    stm32f4xx_rcc.o(.text) refers to stm32f4xx_rcc.o(.data) for APBAHBPrescTable
    stm32f4xx_syscfg.o(.text) refers to stm32f4xx_rcc.o(.text) for RCC_APB2PeriphResetCmd
    stm32f4xx_usart.o(.text) refers to stm32f4xx_rcc.o(.text) for RCC_APB2PeriphResetCmd
    stm32f4xx_fsmc.o(.text) refers to stm32f4xx_fsmc.o(.constdata) for FSMC_DefaultTimingStruct
    stm32f4xx_tim.o(.text) refers to stm32f4xx_rcc.o(.text) for RCC_APB2PeriphResetCmd
    delay.o(.text) refers to os_core.o(.text) for OSSchedLock
    delay.o(.text) refers to os_time.o(.text) for OSTimeDly
    delay.o(.text) refers to misc.o(.text) for SysTick_CLKSourceConfig
    delay.o(.text) refers to os_var.o(.data) for OSRunning
    delay.o(.text) refers to delay.o(.data) for fac_us
    delay.o(.text) refers to os_cfg_app.o(.constdata) for OSCfg_TickRate_Hz
    usart.o(.rev16_text) refers (Special) to use_no_semi_2.o(.text) for __use_no_semihosting
    usart.o(.revsh_text) refers (Special) to use_no_semi_2.o(.text) for __use_no_semihosting
    usart.o(.text) refers (Special) to use_no_semi_2.o(.text) for __use_no_semihosting
    usart.o(.text) refers to stm32f4xx_rcc.o(.text) for RCC_AHB1PeriphClockCmd
    usart.o(.text) refers to stm32f4xx_gpio.o(.text) for GPIO_PinAFConfig
[...]
    SystemCoreClockUpdate                    0x080007ad   Thumb Code   174  system_stm32f4xx.o(.text)
    LED_Init                                 0x08000889   Thumb Code    58  led.o(.text)
    LCD_WR_REG                               0x080008c9   Thumb Code    18  lcd.o(.text)
    LCD_WR_DATA                              0x080008db   Thumb Code    20  lcd.o(.text)
    LCD_RD_DATA                              0x080008ef   Thumb Code    16  lcd.o(.text)
    LCD_WriteReg                             0x080008ff   Thumb Code    24  lcd.o(.text)
    LCD_ReadReg                              0x08000917   Thumb Code    22  lcd.o(.text)
    LCD_WriteRAM_Prepare                     0x0800092d   Thumb Code    10  lcd.o(.text)
    LCD_WriteRAM                             0x08000937   Thumb Code     8  lcd.o(.text)
    LCD_BGR2RGB                              0x0800093f   Thumb Code    26  lcd.o(.text)
    opt_delay                                0x08000959   Thumb Code    14  lcd.o(.text)
    LCD_SetCursor                            0x08000967   Thumb Code   418  lcd.o(.text)
    LCD_ReadPoint                            0x08000b09   Thumb Code   388  lcd.o(.text)
    LCD_DisplayOn                            0x08000c8d   Thumb Code   102  lcd.o(.text)
    LCD_DisplayOff                           0x08000cf3   Thumb Code    90  lcd.o(.text)
    LCD_Scan_Dir                             0x08000d4d   Thumb Code   744  lcd.o(.text)
    LCD_DrawPoint                            0x08001035   Thumb Code    28  lcd.o(.text)
    LCD_Fast_DrawPoint                       0x08001051   Thumb Code   388  lcd.o(.text)
    LCD_SSD_BackLightSet                     0x080011d5   Thumb Code    88  lcd.o(.text)
    LCD_Display_Dir                          0x0800122d   Thumb Code   444  lcd.o(.text)
    LCD_Set_Window                           0x080013e9   Thumb Code   546  lcd.o(.text)
    LCD_Clear                                0x0800160b   Thumb Code   100  lcd.o(.text)
    LCD_Init                                 0x0800166f   Thumb Code 14696  lcd.o(.text)
    LCD_Fill                                 0x08004fd7   Thumb Code   180  lcd.o(.text)
    LCD_Color_Fill                           0x0800508b   Thumb Code   102  lcd.o(.text)
    LCD_DrawLine                             0x080050f1   Thumb Code   176  lcd.o(.text)
    LCD_DrawRectangle                        0x080051a1   Thumb Code    60  lcd.o(.text)
    LCD_Draw_Circle                          0x080051dd   Thumb Code   152  lcd.o(.text)
    LCD_ShowChar                             0x08005275   Thumb Code   272  lcd.o(.text)
    LCD_Pow                                  0x08005385   Thumb Code    22  lcd.o(.text)
    LCD_ShowNum                              0x0800539b   Thumb Code   148  lcd.o(.text)
    LCD_ShowxNum                             0x0800542f   Thumb Code   220  lcd.o(.text)
    LCD_ShowString                           0x0800550b   Thumb Code   102  lcd.o(.text)
    Reset_Handler                            0x08005571   Thumb Code     8  startup_stm32f40_41xxx.o(.text)
    ADC_IRQHandler                           0x0800558b   Thumb Code     0  startup_stm32f40_41xxx.o(.text)
    CAN1_RX0_IRQHandler                      0x0800558b   Thumb Code     0  startup_stm32f40_41xxx.o(.text)
    CAN1_RX1_IRQHandler                      0x0800558b   Thumb Code     0  startup_stm32f40_41xxx.o(.text)
    CAN1_SCE_IRQHandler                      0x0800558b   Thumb Code     0  startup_stm32f40_41xxx.o(.text)
    CAN1_TX_IRQHandler                       0x0800558b   Thumb Code     0  startup_stm32f40_41xxx.o(.text)
    CAN2_RX0_IRQHandler                      0x0800558b   Thumb Code     0  startup_stm32f40_41xxx.o(.text)
    CAN2_RX1_IRQHandler                      0x0800558b   Thumb Code     0  startup_stm32f40_41xxx.o(.text)
    CAN2_SCE_IRQHandler                      0x0800558b   Thumb Code     0  startup_stm32f40_41xxx.o(.text)
    CAN2_TX_IRQHandler                       0x0800558b   Thumb Code     0  startup_stm32f40_41xxx.o(.text)
    CRYP_IRQHandler                          0x0800558b   Thumb Code     0  startup_stm32f40_41xxx.o(.text)
    DCMI_IRQHandler                          0x0800558b   Thumb Code     0  startup_stm32f40_41xxx.o(.text)
    DMA1_Stream0_IRQHandler                  0x0800558b   Thumb Code     0  startup_stm32f40_41xxx.o(.text)
    DMA1_Stream1_IRQHandler                  0x0800558b   Thumb Code     0  startup_stm32f40_41xxx.o(.text)
    DMA1_Stream2_IRQHandler                  0x0800558b   Thumb Code     0  startup_stm32f40_41xxx.o(.text)
    DMA1_Stream3_IRQHandler                  0x0800558b   Thumb Code     0  startup_stm32f40_41xxx.o(.text)
    DMA1_Stream4_IRQHandler                  0x0800558b   Thumb Code     0  startup_stm32f40_41xxx.o(.text)
    DMA1_Stream5_IRQHandler                  0x0800558b   Thumb Code     0  startup_stm32f40_41xxx.o(.text)
    DMA1_Stream6_IRQHandler                  0x0800558b   Thumb Code     0  startup_stm32f40_41xxx.o(.text)
    DMA1_Stream7_IRQHandler                  0x0800558b   Thumb Code     0  startup_stm32f40_41xxx.o(.text)
    DMA2_Stream0_IRQHandler                  0x0800558b   Thumb Code     0  startup_stm32f40_41xxx.o(.text)
    DMA2_Stream1_IRQHandler                  0x0800558b   Thumb Code     0  startup_stm32f40_41xxx.o(.text)
    DMA2_Stream2_IRQHandler                  0x0800558b   Thumb Code     0  startup_stm32f40_41xxx.o(.text)
    DMA2_Stream3_IRQHandler                  0x0800558b   Thumb Code     0  startup_stm32f40_41xxx.o(.text)
    DMA2_Stream4_IRQHandler                  0x0800558b   Thumb Code     0  startup_stm32f40_41xxx.o(.text)
    DMA2_Stream5_IRQHandler                  0x0800558b   Thumb Code     0  startup_stm32f40_41xxx.o(.text)
    DMA2_Stream6_IRQHandler                  0x0800558b   Thumb Code     0  startup_stm32f40_41xxx.o(.text)
    DMA2_Stream7_IRQHandler                  0x0800558b   Thumb Code     0  startup_stm32f40_41xxx.o(.text)
    ETH_IRQHandler                           0x0800558b   Thumb Code     0  startup_stm32f40_41xxx.o(.text)
    ETH_WKUP_IRQHandler                      0x0800558b   Thumb Code     0  startup_stm32f40_41xxx.o(.text)
    EXTI0_IRQHandler                         0x0800558b   Thumb Code     0  startup_stm32f40_41xxx.o(.text)
    EXTI15_10_IRQHandler                     0x0800558b   Thumb Code     0  startup_stm32f40_41xxx.o(.text)
    EXTI1_IRQHandler                         0x0800558b   Thumb Code     0  startup_stm32f40_41xxx.o(.text)
    EXTI2_IRQHandler                         0x0800558b   Thumb Code     0  startup_stm32f40_41xxx.o(.text)
    EXTI3_IRQHandler                         0x0800558b   Thumb Code     0  startup_stm32f40_41xxx.o(.text)
    EXTI4_IRQHandler                         0x0800558b   Thumb Code     0  startup_stm32f40_41xxx.o(.text)
    EXTI9_5_IRQHandler                       0x0800558b   Thumb Code     0  startup_stm32f40_41xxx.o(.text)
    FLASH_IRQHandler                         0x0800558b   Thumb Code     0  startup_stm32f40_41xxx.o(.text)
    FPU_IRQHandler                           0x0800558b   Thumb Code     0  startup_stm32f40_41xxx.o(.text)
    FSMC_IRQHandler                          0x0800558b   Thumb Code     0  startup_stm32f40_41xxx.o(.text)
    HASH_RNG_IRQHandler                      0x0800558b   Thumb Code     0  startup_stm32f40_41xxx.o(.text)
    I2C1_ER_IRQHandler                       0x0800558b   Thumb Code     0  startup_stm32f40_41xxx.o(.text)
    I2C1_EV_IRQHandler                       0x0800558b   Thumb Code     0  startup_stm32f40_41xxx.o(.text)
    I2C2_ER_IRQHandler                       0x0800558b   Thumb Code     0  startup_stm32f40_41xxx.o(.text)
    I2C2_EV_IRQHandler                       0x0800558b   Thumb Code     0  startup_stm32f40_41xxx.o(.text)
    I2C3_ER_IRQHandler                       0x0800558b   Thumb Code     0  startup_stm32f40_41xxx.o(.text)
    I2C3_EV_IRQHandler                       0x0800558b   Thumb Code     0  startup_stm32f40_41xxx.o(.text)
    OTG_FS_IRQHandler                        0x0800558b   Thumb Code     0  startup_stm32f40_41xxx.o(.text)
    OTG_FS_WKUP_IRQHandler                   0x0800558b   Thumb Code     0  startup_stm32f40_41xxx.o(.text)
    OTG_HS_EP1_IN_IRQHandler                 0x0800558b   Thumb Code     0  startup_stm32f40_41xxx.o(.text)
    OTG_HS_EP1_OUT_IRQHandler                0x0800558b   Thumb Code     0  startup_stm32f40_41xxx.o(.text)
    OTG_HS_IRQHandler                        0x0800558b   Thumb Code     0  startup_stm32f40_41xxx.o(.text)
    OTG_HS_WKUP_IRQHandler                   0x0800558b   Thumb Code     0  startup_stm32f40_41xxx.o(.text)
    PVD_IRQHandler                           0x0800558b   Thumb Code     0  startup_stm32f40_41xxx.o(.text)
    RCC_IRQHandler                           0x0800558b   Thumb Code     0  startup_stm32f40_41xxx.o(.text)
    RTC_Alarm_IRQHandler                     0x0800558b   Thumb Code     0  startup_stm32f40_41xxx.o(.text)
    RTC_WKUP_IRQHandler                      0x0800558b   Thumb Code     0  startup_stm32f40_41xxx.o(.text)
    SDIO_IRQHandler                          0x0800558b   Thumb Code     0  startup_stm32f40_41xxx.o(.text)
    SPI1_IRQHandler                          0x0800558b   Thumb Code     0  startup_stm32f40_41xxx.o(.text)
    SPI2_IRQHandler                          0x0800558b   Thumb Code     0  startup_stm32f40_41xxx.o(.text)
    SPI3_IRQHandler                          0x0800558b   Thumb Code     0  startup_stm32f40_41xxx.o(.text)
    TAMP_STAMP_IRQHandler                    0x0800558b   Thumb Code     0  startup_stm32f40_41xxx.o(.text)
    TIM1_BRK_TIM9_IRQHandler                 0x0800558b   Thumb Code     0  startup_stm32f40_41xxx.o(.text)
    TIM1_CC_IRQHandler                       0x0800558b   Thumb Code     0  startup_stm32f40_41xxx.o(.text)
    TIM1_TRG_COM_TIM11_IRQHandler            0x0800558b   Thumb Code     0  startup_stm32f40_41xxx.o(.text)
    TIM1_UP_TIM10_IRQHandler                 0x0800558b   Thumb Code     0  startup_stm32f40_41xxx.o(.text)
    TIM2_IRQHandler                          0x0800558b   Thumb Code     0  startup_stm32f40_41xxx.o(.text)
    TIM3_IRQHandler                          0x0800558b   Thumb Code     0  startup_stm32f40_41xxx.o(.text)
    TIM4_IRQHandler                          0x0800558b   Thumb Code     0  startup_stm32f40_41xxx.o(.text)
    TIM5_IRQHandler                          0x0800558b   Thumb Code     0  startup_stm32f40_41xxx.o(.text)
    TIM6_DAC_IRQHandler                      0x0800558b   Thumb Code     0  startup_stm32f40_41xxx.o(.text)
    TIM7_IRQHandler                          0x0800558b   Thumb Code     0  startup_stm32f40_41xxx.o(.text)
    TIM8_BRK_TIM12_IRQHandler                0x0800558b   Thumb Code     0  startup_stm32f40_41xxx.o(.text)
    TIM8_CC_IRQHandler                       0x0800558b   Thumb Code     0  startup_stm32f40_41xxx.o(.text)
    TIM8_TRG_COM_TIM14_IRQHandler            0x0800558b   Thumb Code     0  startup_stm32f40_41xxx.o(.text)
    TIM8_UP_TIM13_IRQHandler                 0x0800558b   Thumb Code     0  startup_stm32f40_41xxx.o(.text)
    UART4_IRQHandler                         0x0800558b   Thumb Code     0  startup_stm32f40_41xxx.o(.text)
    UART5_IRQHandler                         0x0800558b   Thumb Code     0  startup_stm32f40_41xxx.o(.text)
    USART2_IRQHandler                        0x0800558b   Thumb Code     0  startup_stm32f40_41xxx.o(.text)
    USART3_IRQHandler                        0x0800558b   Thumb Code     0  startup_stm32f40_41xxx.o(.text)
    USART6_IRQHandler                        0x0800558b   Thumb Code     0  startup_stm32f40_41xxx.o(.text)
    WWDG_IRQHandler                          0x0800558b   Thumb Code     0  startup_stm32f40_41xxx.o(.text)
    __user_initial_stackheap                 0x0800558d   Thumb Code     0  startup_stm32f40_41xxx.o(.text)
    NVIC_PriorityGroupConfig                 0x080055b1   Thumb Code    10  misc.o(.text)
    NVIC_Init                                0x080055bb   Thumb Code   106  misc.o(.text)
    NVIC_SetVectorTable                      0x08005625   Thumb Code    14  misc.o(.text)
    NVIC_SystemLPConfig                      0x08005633   Thumb Code    34  misc.o(.text)
    SysTick_CLKSourceConfig                  0x08005655   Thumb Code    40  misc.o(.text)
    GPIO_DeInit                              0x08005691   Thumb Code   268  stm32f4xx_gpio.o(.text)
    GPIO_Init                                0x0800579d   Thumb Code   144  stm32f4xx_gpio.o(.text)
    GPIO_StructInit                          0x0800582d   Thumb Code    18  stm32f4xx_gpio.o(.text)
    GPIO_PinLockConfig                       0x0800583f   Thumb Code    34  stm32f4xx_gpio.o(.text)
    GPIO_ReadInputDataBit                    0x08005861   Thumb Code    18  stm32f4xx_gpio.o(.text)
    GPIO_ReadInputData                       0x08005873   Thumb Code     8  stm32f4xx_gpio.o(.text)
    GPIO_ReadOutputDataBit                   0x0800587b   Thumb Code    18  stm32f4xx_gpio.o(.text)
    GPIO_ReadOutputData                      0x0800588d   Thumb Code     8  stm32f4xx_gpio.o(.text)
    GPIO_SetBits                             0x08005895   Thumb Code     4  stm32f4xx_gpio.o(.text)
    GPIO_ResetBits                           0x08005899   Thumb Code     4  stm32f4xx_gpio.o(.text)
    GPIO_WriteBit                            0x0800589d   Thumb Code    10  stm32f4xx_gpio.o(.text)
    GPIO_Write                               0x080058a7   Thumb Code     4  stm32f4xx_gpio.o(.text)
    GPIO_ToggleBits                          0x080058ab   Thumb Code     8  stm32f4xx_gpio.o(.text)
    GPIO_PinAFConfig                         0x080058b3   Thumb Code    70  stm32f4xx_gpio.o(.text)
    RCC_DeInit                               0x08005925   Thumb Code    82  stm32f4xx_rcc.o(.text)
    RCC_HSEConfig                            0x08005977   Thumb Code    14  stm32f4xx_rcc.o(.text)
    RCC_GetFlagStatus                        0x08005985   Thumb Code    60  stm32f4xx_rcc.o(.text)
    RCC_WaitForHSEStartUp                    0x080059c1   Thumb Code    56  stm32f4xx_rcc.o(.text)
    RCC_AdjustHSICalibrationValue            0x080059f9   Thumb Code    20  stm32f4xx_rcc.o(.text)
    RCC_HSICmd                               0x08005a0d   Thumb Code     6  stm32f4xx_rcc.o(.text)
    RCC_LSEConfig                            0x08005a13   Thumb Code    46  stm32f4xx_rcc.o(.text)
    RCC_LSICmd                               0x08005a41   Thumb Code     6  stm32f4xx_rcc.o(.text)
    RCC_PLLConfig                            0x08005a47   Thumb Code    32  stm32f4xx_rcc.o(.text)
    RCC_PLLCmd                               0x08005a67   Thumb Code     6  stm32f4xx_rcc.o(.text)
    RCC_PLLI2SConfig                         0x08005a6d   Thumb Code    14  stm32f4xx_rcc.o(.text)
    RCC_PLLI2SCmd                            0x08005a7b   Thumb Code     6  stm32f4xx_rcc.o(.text)
    RCC_PLLSAIConfig                         0x08005a81   Thumb Code    20  stm32f4xx_rcc.o(.text)
    RCC_PLLSAICmd                            0x08005a95   Thumb Code     6  stm32f4xx_rcc.o(.text)
    RCC_ClockSecuritySystemCmd               0x08005a9b   Thumb Code     6  stm32f4xx_rcc.o(.text)
    RCC_MCO1Config                           0x08005aa1   Thumb Code    28  stm32f4xx_rcc.o(.text)
    RCC_MCO2Config                           0x08005abd   Thumb Code    28  stm32f4xx_rcc.o(.text)
    RCC_SYSCLKConfig                         0x08005ad9   Thumb Code    20  stm32f4xx_rcc.o(.text)
    RCC_GetSYSCLKSource                      0x08005aed   Thumb Code    12  stm32f4xx_rcc.o(.text)
    RCC_HCLKConfig                           0x08005af9   Thumb Code    20  stm32f4xx_rcc.o(.text)
    RCC_PCLK1Config                          0x08005b0d   Thumb Code    20  stm32f4xx_rcc.o(.text)
    RCC_PCLK2Config                          0x08005b21   Thumb Code    22  stm32f4xx_rcc.o(.text)
    RCC_GetClocksFreq                        0x08005b37   Thumb Code   222  stm32f4xx_rcc.o(.text)
    RCC_RTCCLKConfig                         0x08005c15   Thumb Code    54  stm32f4xx_rcc.o(.text)
    RCC_RTCCLKCmd                            0x08005c4b   Thumb Code     8  stm32f4xx_rcc.o(.text)
    RCC_BackupResetCmd                       0x08005c53   Thumb Code     8  stm32f4xx_rcc.o(.text)
    RCC_I2SCLKConfig                         0x08005c5b   Thumb Code     6  stm32f4xx_rcc.o(.text)
    RCC_SAIPLLI2SClkDivConfig                0x08005c61   Thumb Code    26  stm32f4xx_rcc.o(.text)
    RCC_SAIPLLSAIClkDivConfig                0x08005c7b   Thumb Code    28  stm32f4xx_rcc.o(.text)
    RCC_SAIBlockACLKConfig                   0x08005c97   Thumb Code    20  stm32f4xx_rcc.o(.text)
    RCC_SAIBlockBCLKConfig                   0x08005cab   Thumb Code    20  stm32f4xx_rcc.o(.text)
    RCC_LTDCCLKDivConfig                     0x08005cbf   Thumb Code    20  stm32f4xx_rcc.o(.text)
    RCC_TIMCLKPresConfig                     0x08005cd3   Thumb Code     6  stm32f4xx_rcc.o(.text)
    RCC_AHB1PeriphClockCmd                   0x08005cd9   Thumb Code    34  stm32f4xx_rcc.o(.text)
    RCC_AHB2PeriphClockCmd                   0x08005cfb   Thumb Code    78  stm32f4xx_rcc.o(.text)
    RCC_AHB3PeriphClockCmd                   0x08005d49   Thumb Code    34  stm32f4xx_rcc.o(.text)
    RCC_APB1PeriphClockCmd                   0x08005d6b   Thumb Code    34  stm32f4xx_rcc.o(.text)
    RCC_APB2PeriphClockCmd                   0x08005d8d   Thumb Code    34  stm32f4xx_rcc.o(.text)
    RCC_AHB1PeriphResetCmd                   0x08005daf   Thumb Code    34  stm32f4xx_rcc.o(.text)
    RCC_AHB2PeriphResetCmd                   0x08005dd1   Thumb Code    34  stm32f4xx_rcc.o(.text)
    RCC_AHB3PeriphResetCmd                   0x08005df3   Thumb Code    34  stm32f4xx_rcc.o(.text)
    RCC_APB1PeriphResetCmd                   0x08005e15   Thumb Code    34  stm32f4xx_rcc.o(.text)
    RCC_APB2PeriphResetCmd                   0x08005e37   Thumb Code    34  stm32f4xx_rcc.o(.text)
    RCC_AHB1PeriphClockLPModeCmd             0x08005e59   Thumb Code    34  stm32f4xx_rcc.o(.text)
    RCC_AHB2PeriphClockLPModeCmd             0x08005e7b   Thumb Code    34  stm32f4xx_rcc.o(.text)
    RCC_AHB3PeriphClockLPModeCmd             0x08005e9d   Thumb Code    34  stm32f4xx_rcc.o(.text)
    RCC_APB1PeriphClockLPModeCmd             0x08005ebf   Thumb Code    34  stm32f4xx_rcc.o(.text)
    RCC_APB2PeriphClockLPModeCmd             0x08005ee1   Thumb Code    34  stm32f4xx_rcc.o(.text)
    RCC_LSEModeConfig                        0x08005f03   Thumb Code    40  stm32f4xx_rcc.o(.text)
    RCC_ITConfig                             0x08005f2b   Thumb Code    34  stm32f4xx_rcc.o(.text)
    RCC_ClearFlag                            0x08005f4d   Thumb Code    18  stm32f4xx_rcc.o(.text)
    RCC_GetITStatus                          0x08005f5f   Thumb Code    22  stm32f4xx_rcc.o(.text)
    RCC_ClearITPendingBit                    0x08005f75   Thumb Code     8  stm32f4xx_rcc.o(.text)
    USART_DeInit                             0x08005f81   Thumb Code   206  stm32f4xx_usart.o(.text)
    USART_Init                               0x0800604f   Thumb Code   204  stm32f4xx_usart.o(.text)
    USART_StructInit                         0x0800611b   Thumb Code    24  stm32f4xx_usart.o(.text)
    USART_ClockInit                          0x08006133   Thumb Code    32  stm32f4xx_usart.o(.text)
    USART_ClockStructInit                    0x08006153   Thumb Code    12  stm32f4xx_usart.o(.text)
    USART_Cmd                                0x0800615f   Thumb Code    24  stm32f4xx_usart.o(.text)
    USART_SetPrescaler                       0x08006177   Thumb Code    16  stm32f4xx_usart.o(.text)
    USART_OverSampling8Cmd                   0x08006187   Thumb Code    22  stm32f4xx_usart.o(.text)
    USART_OneBitMethodCmd                    0x0800619d   Thumb Code    24  stm32f4xx_usart.o(.text)
    USART_SendData                           0x080061b5   Thumb Code     8  stm32f4xx_usart.o(.text)
    USART_ReceiveData                        0x080061bd   Thumb Code    10  stm32f4xx_usart.o(.text)
    USART_SetAddress                         0x080061c7   Thumb Code    18  stm32f4xx_usart.o(.text)
    USART_ReceiverWakeUpCmd                  0x080061d9   Thumb Code    24  stm32f4xx_usart.o(.text)
    USART_WakeUpConfig                       0x080061f1   Thumb Code    18  stm32f4xx_usart.o(.text)
    USART_LINBreakDetectLengthConfig         0x08006203   Thumb Code    18  stm32f4xx_usart.o(.text)
    USART_LINCmd                             0x08006215   Thumb Code    24  stm32f4xx_usart.o(.text)
    USART_SendBreak                          0x0800622d   Thumb Code    10  stm32f4xx_usart.o(.text)
    USART_HalfDuplexCmd                      0x08006237   Thumb Code    24  stm32f4xx_usart.o(.text)
    USART_SetGuardTime                       0x0800624f   Thumb Code    16  stm32f4xx_usart.o(.text)
    USART_SmartCardCmd                       0x0800625f   Thumb Code    24  stm32f4xx_usart.o(.text)
    USART_SmartCardNACKCmd                   0x08006277   Thumb Code    24  stm32f4xx_usart.o(.text)
    USART_IrDAConfig                         0x0800628f   Thumb Code    18  stm32f4xx_usart.o(.text)
    USART_IrDACmd                            0x080062a1   Thumb Code    24  stm32f4xx_usart.o(.text)
    USART_DMACmd                             0x080062b9   Thumb Code    18  stm32f4xx_usart.o(.text)
    USART_ITConfig                           0x080062cb   Thumb Code    74  stm32f4xx_usart.o(.text)
    USART_GetFlagStatus                      0x08006315   Thumb Code    26  stm32f4xx_usart.o(.text)
    USART_ClearFlag                          0x0800632f   Thumb Code    18  stm32f4xx_usart.o(.text)
    USART_GetITStatus                        0x08006341   Thumb Code   118  stm32f4xx_usart.o(.text)
    USART_ClearITPendingBit                  0x080063b7   Thumb Code    30  stm32f4xx_usart.o(.text)
    FSMC_NORSRAMDeInit                       0x080063d5   Thumb Code    54  stm32f4xx_fsmc.o(.text)
    FSMC_NORSRAMInit                         0x0800640b   Thumb Code   230  stm32f4xx_fsmc.o(.text)
    FSMC_NORSRAMStructInit                   0x080064f1   Thumb Code    48  stm32f4xx_fsmc.o(.text)
    FSMC_NORSRAMCmd                          0x08006521   Thumb Code    46  stm32f4xx_fsmc.o(.text)
    FSMC_NANDDeInit                          0x0800654f   Thumb Code    62  stm32f4xx_fsmc.o(.text)
    FSMC_NANDInit                            0x0800658d   Thumb Code   132  stm32f4xx_fsmc.o(.text)
    FSMC_NANDStructInit                      0x08006611   Thumb Code    54  stm32f4xx_fsmc.o(.text)
    FSMC_NANDCmd                             0x08006647   Thumb Code    86  stm32f4xx_fsmc.o(.text)
    FSMC_NANDECCCmd                          0x0800669d   Thumb Code    86  stm32f4xx_fsmc.o(.text)
    FSMC_GetECC                              0x080066f3   Thumb Code    24  stm32f4xx_fsmc.o(.text)
    FSMC_PCCARDDeInit                        0x0800670b   Thumb Code    36  stm32f4xx_fsmc.o(.text)
    FSMC_PCCARDInit                          0x0800672f   Thumb Code   130  stm32f4xx_fsmc.o(.text)
    FSMC_PCCARDStructInit                    0x080067b1   Thumb Code    60  stm32f4xx_fsmc.o(.text)
    FSMC_PCCARDCmd                           0x080067ed   Thumb Code    44  stm32f4xx_fsmc.o(.text)
    FSMC_ITConfig                            0x08006819   Thumb Code   128  stm32f4xx_fsmc.o(.text)
    FSMC_GetFlagStatus                       0x08006899   Thumb Code    54  stm32f4xx_fsmc.o(.text)
    FSMC_ClearFlag                           0x080068cf   Thumb Code    74  stm32f4xx_fsmc.o(.text)
    FSMC_GetITStatus                         0x08006919   Thumb Code    62  stm32f4xx_fsmc.o(.text)
    FSMC_ClearITPendingBit                   0x08006957   Thumb Code    66  stm32f4xx_fsmc.o(.text)
    delay_osschedlock                        0x0800699d   Thumb Code    10  delay.o(.text)
    delay_osschedunlock                      0x080069a7   Thumb Code    10  delay.o(.text)
    delay_ostimedly                          0x080069b1   Thumb Code    16  delay.o(.text)
    SysTick_Handler                          0x080069c1   Thumb Code    24  delay.o(.text)
    delay_init                               0x080069d9   Thumb Code    94  delay.o(.text)
    delay_us                                 0x08006a37   Thumb Code    84  delay.o(.text)
    delay_ms                                 0x08006a8b   Thumb Code    66  delay.o(.text)
    _sys_exit                                0x08006ae5   Thumb Code     6  usart.o(.text)
    fputc                                    0x08006aeb   Thumb Code    22  usart.o(.text)
    uart_init                                0x08006b01   Thumb Code   172  usart.o(.text)
    USART1_IRQHandler                        0x08006bad   Thumb Code   130  usart.o(.text)
    BSP_CPU_ClkFreq                          0x08006c41   Thumb Code    14  bsp.o(.text)
    CPU_TS_TmrInit                           0x08006c4f   Thumb Code    44  bsp.o(.text)
    CPU_TS_TmrRd                             0x08006c7b   Thumb Code     6  bsp.o(.text)
    CPU_TS32_to_uSec                         0x08006c81   Thumb Code    54  bsp.o(.text)
    CPU_NameClr                              0x08006cc5   Thumb Code    42  cpu_core.o(.text)
    CPU_Init                                 0x08006d05   Thumb Code    12  cpu_core.o(.text)
    CPU_SW_Exception                         0x08006d11   Thumb Code     4  cpu_core.o(.text)
    CPU_NameGet                              0x08006d15   Thumb Code    70  cpu_core.o(.text)
    CPU_NameSet                              0x08006d5b   Thumb Code    96  cpu_core.o(.text)
    CPU_TS_Get32                             0x08006dbb   Thumb Code    12  cpu_core.o(.text)
    CPU_TS_Update                            0x08006dc7   Thumb Code     2  cpu_core.o(.text)
    CPU_TS_TmrFreqGet                        0x08006dc9   Thumb Code    30  cpu_core.o(.text)
    CPU_TS_TmrFreqSet                        0x08006de7   Thumb Code     6  cpu_core.o(.text)
    CPU_CntLeadZeros08                       0x08006ded   Thumb Code    18  cpu_core.o(.text)
    CPU_CntLeadZeros16                       0x08006dff   Thumb Code    18  cpu_core.o(.text)
    CPU_CntLeadZeros32                       0x08006e11   Thumb Code    18  cpu_core.o(.text)
    CPU_CntLeadZeros64                       0x08006e23   Thumb Code   188  cpu_core.o(.text)
    CPU_CntTrailZeros08                      0x08006edf   Thumb Code    22  cpu_core.o(.text)
    CPU_CntTrailZeros16                      0x08006ef5   Thumb Code    22  cpu_core.o(.text)
    CPU_CntTrailZeros32                      0x08006f0b   Thumb Code    22  cpu_core.o(.text)
    CPU_CntTrailZeros64                      0x08006f21   Thumb Code    62  cpu_core.o(.text)
    CPU_IntDis                               0x08006f6d   Thumb Code     0  cpu_a.o(.text)
    CPU_IntEn                                0x08006f71   Thumb Code     0  cpu_a.o(.text)
    CPU_SR_Save                              0x08006f75   Thumb Code     0  cpu_a.o(.text)
    CPU_SR_Restore                           0x08006f7d   Thumb Code     0  cpu_a.o(.text)
    CPU_WaitForInt                           0x08006f83   Thumb Code     0  cpu_a.o(.text)
    CPU_WaitForExcept                        0x08006f87   Thumb Code     0  cpu_a.o(.text)
    CPU_CntLeadZeros                         0x08006f8b   Thumb Code     0  cpu_a.o(.text)
    CPU_CntTrailZeros                        0x08006f91   Thumb Code     0  cpu_a.o(.text)
    CPU_RevBits                              0x08006f9b   Thumb Code     0  cpu_a.o(.text)
    ASCII_IsAlpha                            0x08006fa1   Thumb Code    48  lib_ascii.o(.text)
    ASCII_IsAlphaNum                         0x08006fd1   Thumb Code    76  lib_ascii.o(.text)
    ASCII_IsLower                            0x0800701d   Thumb Code    20  lib_ascii.o(.text)
    ASCII_IsUpper                            0x08007031   Thumb Code    20  lib_ascii.o(.text)
    ASCII_IsDig                              0x08007045   Thumb Code    20  lib_ascii.o(.text)
    ASCII_IsDigOct                           0x08007059   Thumb Code    20  lib_ascii.o(.text)
    ASCII_IsDigHex                           0x0800706d   Thumb Code    36  lib_ascii.o(.text)
    ASCII_IsBlank                            0x08007091   Thumb Code    20  lib_ascii.o(.text)
    ASCII_IsSpace                            0x080070a5   Thumb Code    36  lib_ascii.o(.text)
    ASCII_IsPrint                            0x080070c9   Thumb Code    20  lib_ascii.o(.text)
    ASCII_IsGraph                            0x080070dd   Thumb Code    20  lib_ascii.o(.text)
    ASCII_IsPunct                            0x080070f1   Thumb Code   134  lib_ascii.o(.text)
    ASCII_IsCtrl                             0x08007177   Thumb Code    26  lib_ascii.o(.text)
    ASCII_ToLower                            0x08007191   Thumb Code    32  lib_ascii.o(.text)
    ASCII_ToUpper                            0x080071b1   Thumb Code    32  lib_ascii.o(.text)
    ASCII_Cmp                                0x080071d1   Thumb Code    38  lib_ascii.o(.text)
    Mem_Init                                 0x080071f9   Thumb Code    54  lib_mem.o(.text)
    Mem_Set                                  0x0800722f   Thumb Code    84  lib_mem.o(.text)
    Mem_Clr                                  0x08007283   Thumb Code    18  lib_mem.o(.text)
    Mem_Move                                 0x08007295   Thumb Code   186  lib_mem.o(.text)
    Mem_Cmp                                  0x0800734f   Thumb Code   192  lib_mem.o(.text)
    Mem_HeapAlloc                            0x08007487   Thumb Code   168  lib_mem.o(.text)
    Mem_SegGetSizeRem                        0x0800752f   Thumb Code   108  lib_mem.o(.text)
    Mem_HeapGetSizeRem                       0x0800759b   Thumb Code    22  lib_mem.o(.text)
    Mem_PoolClr                              0x080075b1   Thumb Code    80  lib_mem.o(.text)
    Mem_PoolCreate                           0x08007601   Thumb Code   838  lib_mem.o(.text)
    Mem_PoolBlkGetNbrAvail                   0x08007947   Thumb Code    52  lib_mem.o(.text)
    Mem_PoolBlkGet                           0x0800797b   Thumb Code   126  lib_mem.o(.text)
    Mem_PoolBlkGetUsedAtIx                   0x080079f9   Thumb Code   140  lib_mem.o(.text)
    Mem_PoolBlkFree                          0x08007a85   Thumb Code   152  lib_mem.o(.text)
    Mem_PoolBlkIxGet                         0x08007b1d   Thumb Code   162  lib_mem.o(.text)
    Str_Len_N                                0x08007bc1   Thumb Code    28  lib_str.o(.text)
    Str_Len                                  0x08007bdd   Thumb Code    20  lib_str.o(.text)
    Str_Copy_N                               0x08007bf1   Thumb Code    70  lib_str.o(.text)
    Str_Copy                                 0x08007c37   Thumb Code    24  lib_str.o(.text)
    Str_Cat_N                                0x08007c4f   Thumb Code    90  lib_str.o(.text)
    Str_Cat                                  0x08007ca9   Thumb Code    24  lib_str.o(.text)
    Str_Cmp_N                                0x08007cc1   Thumb Code   156  lib_str.o(.text)
    Str_Cmp                                  0x08007d5d   Thumb Code    24  lib_str.o(.text)
    Str_CmpIgnoreCase_N                      0x08007d75   Thumb Code   264  lib_str.o(.text)
    Str_CmpIgnoreCase                        0x08007e7d   Thumb Code    24  lib_str.o(.text)
    Str_Char_N                               0x08007e95   Thumb Code    74  lib_str.o(.text)
    Str_Char                                 0x08007edf   Thumb Code    24  lib_str.o(.text)
    Str_Char_Last_N                          0x08007ef7   Thumb Code    76  lib_str.o(.text)
    Str_Char_Last                            0x08007f43   Thumb Code    24  lib_str.o(.text)
    Str_Char_Replace_N                       0x08007f5b   Thumb Code    52  lib_str.o(.text)
    Str_Char_Replace                         0x08007f8f   Thumb Code    28  lib_str.o(.text)
    Str_Str_N                                0x08007fab   Thumb Code   182  lib_str.o(.text)
    Str_Str                                  0x08008061   Thumb Code    24  lib_str.o(.text)
    Str_FmtNbr_Int32U                        0x08008255   Thumb Code    46  lib_str.o(.text)
    Str_FmtNbr_Int32S                        0x08008283   Thumb Code    62  lib_str.o(.text)
    Str_ParseNbr_Int32U                      0x0800847f   Thumb Code    30  lib_str.o(.text)
    Str_ParseNbr_Int32S                      0x0800849d   Thumb Code    74  lib_str.o(.text)
    Mem_Copy                                 0x080084ed   Thumb Code     0  lib_mem_a.o(.text)
    OSCfg_Init                               0x0800870d   Thumb Code    74  os_cfg_app.o(.text)
    OS_IdleTask                              0x080087e5   Thumb Code    50  os_core.o(.text)
    OS_IdleTaskInit                          0x08008817   Thumb Code    68  os_core.o(.text)
    OS_RdyListInit                           0x0800885b   Thumb Code    32  os_core.o(.text)
    OSInit                                   0x0800887b   Thumb Code   288  os_core.o(.text)
    OSIntEnter                               0x0800899b   Thumb Code    34  os_core.o(.text)
    OSIntExit                                0x080089bd   Thumb Code   188  os_core.o(.text)
    OSSched                                  0x08008a79   Thumb Code   130  os_core.o(.text)
    OS_SchedLockTimeMeasStart                0x08008afb   Thumb Code    20  os_core.o(.text)
    OSSchedLock                              0x08008b0f   Thumb Code   104  os_core.o(.text)
    OS_SchedLockTimeMeasStop                 0x08008b77   Thumb Code    44  os_core.o(.text)
    OSSchedUnlock                            0x08008ba3   Thumb Code   282  os_core.o(.text)
    OSSchedRoundRobinCfg                     0x08008cbd   Thumb Code    88  os_core.o(.text)
    OS_RdyListMoveHeadToTail                 0x08008d15   Thumb Code    68  os_core.o(.text)
    OSSchedRoundRobinYield                   0x08008d59   Thumb Code   164  os_core.o(.text)
    OSStart                                  0x08008dfd   Thumb Code    78  os_core.o(.text)
    OSVersion                                0x08008e4b   Thumb Code    12  os_core.o(.text)
    OS_PendDbgNameAdd                        0x08008e57   Thumb Code    66  os_core.o(.text)
    OS_PendListInsertPrio                    0x08008e99   Thumb Code   102  os_core.o(.text)
    OS_PendDataInit                          0x08008eff   Thumb Code    38  os_core.o(.text)
    OS_RdyListRemove                         0x08008f25   Thumb Code    86  os_core.o(.text)
    OS_TaskBlock                             0x08008f7b   Thumb Code    56  os_core.o(.text)
    OS_Pend                                  0x08008fb3   Thumb Code    98  os_core.o(.text)
    OS_PendListRemove1                       0x08009015   Thumb Code   136  os_core.o(.text)
    OS_PendListRemove                        0x0800909d   Thumb Code    48  os_core.o(.text)
    OS_PendAbort1                            0x080090cd   Thumb Code    36  os_core.o(.text)
    OS_RdyListInsertHead                     0x080090f1   Thumb Code    58  os_core.o(.text)
    OS_RdyListInsertTail                     0x0800912b   Thumb Code    56  os_core.o(.text)
    OS_RdyListInsert                         0x08009163   Thumb Code    40  os_core.o(.text)
    OS_TaskRdy                               0x0800918b   Thumb Code    28  os_core.o(.text)
    OS_PendAbort                             0x080091a7   Thumb Code   166  os_core.o(.text)
    OS_PendDbgNameRemove                     0x0800924d   Thumb Code    34  os_core.o(.text)
    OS_PendListChangePrio                    0x0800926f   Thumb Code    70  os_core.o(.text)
    OS_PendListInit                          0x080092b5   Thumb Code    10  os_core.o(.text)
    OS_PendListInsertHead                    0x080092bf   Thumb Code    32  os_core.o(.text)
    OS_PendObjDel1                           0x080092df   Thumb Code    36  os_core.o(.text)
    OS_PendObjDel                            0x08009303   Thumb Code   162  os_core.o(.text)
    OS_Post1                                 0x080093a5   Thumb Code    42  os_core.o(.text)
    OS_Post                                  0x080093cf   Thumb Code   192  os_core.o(.text)
    OS_Sched0                                0x0800948f   Thumb Code    68  os_core.o(.text)
    OS_SchedRoundRobin                       0x080094d3   Thumb Code   220  os_core.o(.text)
    OS_Dbg_Init                              0x080095bd   Thumb Code   146  os_dbg.o(.text)
    OS_FlagDbgListAdd                        0x0800976d   Thumb Code    38  os_flag.o(.text)
    OSFlagCreate                             0x08009793   Thumb Code   172  os_flag.o(.text)
    OS_FlagClr                               0x0800983f   Thumb Code    28  os_flag.o(.text)
    OS_FlagDbgListRemove                     0x0800985b   Thumb Code    44  os_flag.o(.text)
    OSFlagDel                                0x08009887   Thumb Code   594  os_flag.o(.text)
    OS_FlagBlock                             0x08009ad9   Thumb Code    58  os_flag.o(.text)
    OSFlagPend                               0x08009b13   Thumb Code  1488  os_flag.o(.text)
    OSFlagPendAbort                          0x0800a0e3   Thumb Code   292  os_flag.o(.text)
    OSFlagPendGetFlagsRdy                    0x0800a207   Thumb Code    68  os_flag.o(.text)
    OS_FlagTaskRdy                           0x0800a24b   Thumb Code    86  os_flag.o(.text)
    OS_FlagPost                              0x0800a2a1   Thumb Code   570  os_flag.o(.text)
    OSFlagPost                               0x0800a4db   Thumb Code   146  os_flag.o(.text)
    OS_FlagInit                              0x0800a56d   Thumb Code    14  os_flag.o(.text)
    OS_IntQPost                              0x0800a595   Thumb Code   216  os_int.o(.text)
    OS_IntQRePost                            0x0800a66d   Thumb Code   360  os_int.o(.text)
    OS_IntQTask                              0x0800a7d5   Thumb Code   162  os_int.o(.text)
    OS_IntQTaskInit                          0x0800a877   Thumb Code   208  os_int.o(.text)
    OS_MemDbgListAdd                         0x0800a9d9   Thumb Code    34  os_mem.o(.text)
    OSMemCreate                              0x0800a9fb   Thumb Code   288  os_mem.o(.text)
    OSMemGet                                 0x0800ab1b   Thumb Code   100  os_mem.o(.text)
    OSMemPut                                 0x0800ab7f   Thumb Code   112  os_mem.o(.text)
    OS_MemInit                               0x0800abef   Thumb Code    14  os_mem.o(.text)
    OS_MsgPoolCreate                         0x0800ac11   Thumb Code    54  os_msg.o(.text)
    OS_MsgPoolInit                           0x0800ac47   Thumb Code    70  os_msg.o(.text)
    OS_MsgQFreeAll                           0x0800ac8d   Thumb Code    62  os_msg.o(.text)
    OS_MsgQInit                              0x0800accb   Thumb Code    14  os_msg.o(.text)
    OS_MsgQGet                               0x0800acd9   Thumb Code    98  os_msg.o(.text)
    OS_MsgQPut                               0x0800ad3b   Thumb Code   246  os_msg.o(.text)
    OS_MutexDbgListAdd                       0x0800ae3d   Thumb Code    38  os_mutex.o(.text)
    OSMutexCreate                            0x0800ae63   Thumb Code   178  os_mutex.o(.text)
    OS_MutexClr                              0x0800af15   Thumb Code    38  os_mutex.o(.text)
    OS_MutexDbgListRemove                    0x0800af3b   Thumb Code    44  os_mutex.o(.text)
    OSMutexDel                               0x0800af67   Thumb Code   842  os_mutex.o(.text)
    OSMutexPend                              0x0800b2b1   Thumb Code   706  os_mutex.o(.text)
    OSMutexPendAbort                         0x0800b573   Thumb Code   314  os_mutex.o(.text)
    OSMutexPost                              0x0800b6ad   Thumb Code   564  os_mutex.o(.text)
    OS_MutexInit                             0x0800b8e1   Thumb Code    14  os_mutex.o(.text)
    OS_PrioInit                              0x0800b911   Thumb Code    20  os_prio.o(.text)
    OS_PrioGetHighest                        0x0800b925   Thumb Code    36  os_prio.o(.text)
    OS_PrioInsert                            0x0800b949   Thumb Code    32  os_prio.o(.text)
    OS_PrioRemove                            0x0800b969   Thumb Code    32  os_prio.o(.text)
    OS_QDbgListAdd                           0x0800b98d   Thumb Code    38  os_q.o(.text)
    OSQCreate                                0x0800b9b3   Thumb Code   186  os_q.o(.text)
    OS_QClr                                  0x0800ba6d   Thumb Code    40  os_q.o(.text)
    OS_QDbgListRemove                        0x0800ba95   Thumb Code    44  os_q.o(.text)
    OSQDel                                   0x0800bac1   Thumb Code   362  os_q.o(.text)
    OSQFlush                                 0x0800bc2b   Thumb Code   210  os_q.o(.text)
    OSQPend                                  0x0800bcfd   Thumb Code   538  os_q.o(.text)
    OSQPendAbort                             0x0800bf17   Thumb Code   292  os_q.o(.text)
    OS_QPost                                 0x0800c03b   Thumb Code   324  os_q.o(.text)
    OSQPost                                  0x0800c17f   Thumb Code   198  os_q.o(.text)
    OS_QInit                                 0x0800c245   Thumb Code    14  os_q.o(.text)
    OS_SemDbgListAdd                         0x0800c265   Thumb Code    38  os_sem.o(.text)
    OSSemCreate                              0x0800c28b   Thumb Code   172  os_sem.o(.text)
    OS_SemClr                                0x0800c337   Thumb Code    28  os_sem.o(.text)
    OS_SemDbgListRemove                      0x0800c353   Thumb Code    44  os_sem.o(.text)
    OSSemDel                                 0x0800c37f   Thumb Code   362  os_sem.o(.text)
    OSSemPend                                0x0800c4e9   Thumb Code   504  os_sem.o(.text)
    OSSemPendAbort                           0x0800c6e1   Thumb Code   292  os_sem.o(.text)
    OS_SemPost                               0x0800c805   Thumb Code   350  os_sem.o(.text)
    OSSemPost                                0x0800c963   Thumb Code   144  os_sem.o(.text)
    OSSemSet                                 0x0800c9f3   Thumb Code   138  os_sem.o(.text)
    OS_SemInit                               0x0800ca7d   Thumb Code    14  os_sem.o(.text)
    OSTaskChangePrio                         0x0800ca95   Thumb Code   416  os_task.o(.text)
    OS_TaskDbgListAdd                        0x0800cc35   Thumb Code    42  os_task.o(.text)
    OS_TaskInitTCB                           0x0800cc5f   Thumb Code   186  os_task.o(.text)
    OSTaskCreate                             0x0800cd19   Thumb Code   616  os_task.o(.text)
    OS_TaskDbgListRemove                     0x0800cf81   Thumb Code    64  os_task.o(.text)
    OSTaskDel                                0x0800cfc1   Thumb Code   424  os_task.o(.text)
    OSTaskQFlush                             0x0800d169   Thumb Code   214  os_task.o(.text)
    OSTaskQPend                              0x0800d23f   Thumb Code   554  os_task.o(.text)
    OSTaskQPendAbort                         0x0800d469   Thumb Code   242  os_task.o(.text)
    OS_TaskQPost                             0x0800d55b   Thumb Code   526  os_task.o(.text)
    OSTaskQPost                              0x0800d769   Thumb Code   114  os_task.o(.text)
    OSTaskRegGet                             0x0800d7db   Thumb Code    78  os_task.o(.text)
    OSTaskRegGetID                           0x0800d829   Thumb Code    84  os_task.o(.text)
    OSTaskRegSet                             0x0800d87d   Thumb Code    78  os_task.o(.text)
    OS_TaskResume                            0x0800d8cb   Thumb Code   314  os_task.o(.text)
    OSTaskResume                             0x0800da05   Thumb Code   112  os_task.o(.text)
    OSTaskSemPend                            0x0800da75   Thumb Code   550  os_task.o(.text)
    OSTaskSemPendAbort                       0x0800dc9b   Thumb Code   270  os_task.o(.text)
    OS_TaskSemPost                           0x0800dda9   Thumb Code  1224  os_task.o(.text)
    OSTaskSemPost                            0x0800e271   Thumb Code    98  os_task.o(.text)
    OSTaskSemSet                             0x0800e2d3   Thumb Code    80  os_task.o(.text)
    OSTaskStkChk                             0x0800e323   Thumb Code   224  os_task.o(.text)
    OS_TaskSuspend                           0x0800e403   Thumb Code   328  os_task.o(.text)
    OSTaskSuspend                            0x0800e54b   Thumb Code    78  os_task.o(.text)
    OSTaskTimeQuantaSet                      0x0800e599   Thumb Code    96  os_task.o(.text)
    OS_TaskInit                              0x0800e5f9   Thumb Code    18  os_task.o(.text)
    OS_TaskReturn                            0x0800e60b   Thumb Code    20  os_task.o(.text)
    OS_TickListRemove                        0x0800e649   Thumb Code    56  os_tick.o(.text)
    OS_TickListUpdate                        0x0800e681   Thumb Code   480  os_tick.o(.text)
    OS_TickTask                              0x0800e861   Thumb Code    38  os_tick.o(.text)
    OS_TickListInit                          0x0800e887   Thumb Code    32  os_tick.o(.text)
    OS_TickTaskInit                          0x0800e8a7   Thumb Code   130  os_tick.o(.text)
    OS_TickListInsert                        0x0800e929   Thumb Code   502  os_tick.o(.text)
    OS_TickListResetPeak                     0x0800eb1f   Thumb Code    28  os_tick.o(.text)
    OSTimeDly                                0x0800eb45   Thumb Code   266  os_time.o(.text)
    OSTimeDlyHMSM                            0x0800ec4f   Thumb Code   480  os_time.o(.text)
    OSTimeDlyResume                          0x0800ee2f   Thumb Code   466  os_time.o(.text)
    OSTimeGet                                0x0800f001   Thumb Code    46  os_time.o(.text)
    OSTimeSet                                0x0800f02f   Thumb Code    46  os_time.o(.text)
    OSTimeTick                               0x0800f05d   Thumb Code    54  os_time.o(.text)
    OS_TmrDbgListAdd                         0x0800f0a9   Thumb Code    34  os_tmr.o(.text)
    OSTmrCreate                              0x0800f0cb   Thumb Code   248  os_tmr.o(.text)
    OS_TmrClr                                0x0800f1c3   Thumb Code    36  os_tmr.o(.text)
    OS_TmrUnlink                             0x0800f1e7   Thumb Code    72  os_tmr.o(.text)
    OS_TmrDbgListRemove                      0x0800f22f   Thumb Code    44  os_tmr.o(.text)
    OSTmrDel                                 0x0800f25b   Thumb Code   176  os_tmr.o(.text)
    OSTmrRemainGet                           0x0800f30b   Thumb Code   184  os_tmr.o(.text)
    OS_TmrLink                               0x0800f3c3   Thumb Code   196  os_tmr.o(.text)
    OSTmrStart                               0x0800f487   Thumb Code   210  os_tmr.o(.text)
    OSTmrStateGet                            0x0800f559   Thumb Code   134  os_tmr.o(.text)
    OSTmrStop                                0x0800f5df   Thumb Code   232  os_tmr.o(.text)
    OS_TmrTask                               0x0800f6c7   Thumb Code   176  os_tmr.o(.text)
    OS_TmrInit                               0x0800f777   Thumb Code   208  os_tmr.o(.text)
    OS_TmrResetPeak                          0x0800f847   Thumb Code    28  os_tmr.o(.text)
    OSIdleTaskHook                           0x0800f8c1   Thumb Code    16  os_cpu_c.o(.text)
    OSInitHook                               0x0800f8d1   Thumb Code    28  os_cpu_c.o(.text)
    OSStatTaskHook                           0x0800f8ed   Thumb Code    16  os_cpu_c.o(.text)
    OSTaskCreateHook                         0x0800f8fd   Thumb Code    20  os_cpu_c.o(.text)
    OSTaskDelHook                            0x0800f911   Thumb Code    20  os_cpu_c.o(.text)
    OSTaskReturnHook                         0x0800f925   Thumb Code    20  os_cpu_c.o(.text)
    OSTaskStkInit                            0x0800f939   Thumb Code   600  os_cpu_c.o(.text)
    OSTaskSwHook                             0x0800fb91   Thumb Code   120  os_cpu_c.o(.text)
    OSTimeTickHook                           0x0800fc09   Thumb Code    16  os_cpu_c.o(.text)
    OS_CPU_SysTickHandler                    0x0800fc19   Thumb Code    52  os_cpu_c.o(.text)
    OS_CPU_SysTickInit                       0x0800fc4d   Thumb Code    44  os_cpu_c.o(.text)
    __use_no_semihosting                     0x0800fcb9   Thumb Code     2  use_no_semi_2.o(.text)
    __aeabi_uldivmod                         0x0800fcbb   Thumb Code     0  lludivv7m.o(.text)
    _ll_udiv                                 0x0800fcbb   Thumb Code   238  lludivv7m.o(.text)
    __2printf                                0x0800fda9   Thumb Code    20  noretval__2printf.o(.text)
    __printf                                 0x0800fdc1   Thumb Code   104  __printf.o(.text)
    _printf_int_hex                          0x0800fe29   Thumb Code    84  _printf_hex_int.o(.text)
    _printf_longlong_hex                     0x0800fe29   Thumb Code     0  _printf_hex_int.o(.text)
    __use_two_region_memory                  0x0800fe81   Thumb Code     2  heapauxi.o(.text)
    __rt_heap_escrow$2region                 0x0800fe83   Thumb Code     2  heapauxi.o(.text)
    __rt_heap_expand$2region                 0x0800fe85   Thumb Code     2  heapauxi.o(.text)
    __I$use$semihosting                      0x0800fe87   Thumb Code     0  use_no_semi.o(.text)
    __use_no_semihosting_swi                 0x0800fe87   Thumb Code     2  use_no_semi.o(.text)
    _printf_int_common                       0x0800fe89   Thumb Code   178  _printf_intcommon.o(.text)
    _printf_char_file                        0x0800ff3d   Thumb Code    32  _printf_char_file.o(.text)
    _printf_char_common                      0x0800ff6b   Thumb Code    32  _printf_char_common.o(.text)
    ferror                                   0x0800ff91   Thumb Code     8  ferror.o(.text)
    __user_setup_stackheap                   0x0800ff99   Thumb Code    74  sys_stackheap_outer.o(.text)
    exit                                     0x0800ffe3   Thumb Code    12  exit.o(.text)
    __user_libspace                          0x0800fff1   Thumb Code     8  libspace.o(.text)
    __user_perproc_libspace                  0x0800fff1   Thumb Code     0  libspace.o(.text)
    __user_perthread_libspace                0x0800fff1   Thumb Code     0  libspace.o(.text)
    OSStartHighRdy                           0x0800fff9   Thumb Code     0  os_cpu_a.o(CODE)
    OSCtxSw                                  0x0801001b   Thumb Code     0  os_cpu_a.o(CODE)
    OSIntCtxSw                               0x08010025   Thumb Code     0  os_cpu_a.o(CODE)
    PendSV_Handler                           0x0801002f   Thumb Code     0  os_cpu_a.o(CODE)
    __aeabi_d2uiz                            0x080100a5   Thumb Code     0  dfixu.o(x$fpl$dfixu)
    _dfixu                                   0x080100a5   Thumb Code    90  dfixu.o(x$fpl$dfixu)
    __aeabi_ui2d                             0x080100ff   Thumb Code     0  dflt_clz.o(x$fpl$dfltu)
    _dfltu                                   0x080100ff   Thumb Code    38  dflt_clz.o(x$fpl$dfltu)
    __aeabi_dmul                             0x08010125   Thumb Code     0  dmul.o(x$fpl$dmul)
    _dmul                                    0x08010125   Thumb Code   332  dmul.o(x$fpl$dmul)
    __fpl_dnaninf                            0x08010279   Thumb Code   156  dnaninf.o(x$fpl$dnaninf)
    __fpl_dretinf                            0x08010315   Thumb Code    12  dretinf.o(x$fpl$dretinf)
    _fp_init                                 0x08010321   Thumb Code    10  fpinit.o(x$fpl$fpinit)
    __fplib_config_fpu_vfp                   0x08010329   Thumb Code     0  fpinit.o(x$fpl$fpinit)
    __fplib_config_pureend_doubles           0x08010329   Thumb Code     0  fpinit.o(x$fpl$fpinit)
    __I$use$fp                               0x0801032a   Number         0  usenofp.o(x$fpl$usenofp)
    asc2_1206                                0x0801032a   Data        1140  lcd.o(.constdata)
    asc2_1608                                0x0801079e   Data        1520  lcd.o(.constdata)
    asc2_2412                                0x08010d8e   Data        3420  lcd.o(.constdata)
    FSMC_DefaultTimingStruct                 0x08011aec   Data          28  stm32f4xx_fsmc.o(.constdata)
    CPU_EndiannessTest                       0x08011c08   Data           4  cpu_core.o(.constdata)
    OSCfg_IdleTaskStkBasePtr                 0x08011ca0   Data           4  os_cfg_app.o(.constdata)
    OSCfg_IdleTaskStkLimit                   0x08011ca4   Data           4  os_cfg_app.o(.constdata)
    OSCfg_IdleTaskStkSize                    0x08011ca8   Data           4  os_cfg_app.o(.constdata)
    OSCfg_IdleTaskStkSizeRAM                 0x08011cac   Data           4  os_cfg_app.o(.constdata)
    OSCfg_IntQBasePtr                        0x08011cb0   Data           4  os_cfg_app.o(.constdata)
    OSCfg_IntQSize                           0x08011cb4   Data           2  os_cfg_app.o(.constdata)
    OSCfg_IntQSizeRAM                        0x08011cb8   Data           4  os_cfg_app.o(.constdata)
    OSCfg_IntQTaskStkBasePtr                 0x08011cbc   Data           4  os_cfg_app.o(.constdata)
    OSCfg_IntQTaskStkLimit                   0x08011cc0   Data           4  os_cfg_app.o(.constdata)
    OSCfg_IntQTaskStkSize                    0x08011cc4   Data           4  os_cfg_app.o(.constdata)
    OSCfg_IntQTaskStkSizeRAM                 0x08011cc8   Data           4  os_cfg_app.o(.constdata)
    OSCfg_ISRStkBasePtr                      0x08011ccc   Data           4  os_cfg_app.o(.constdata)
    OSCfg_ISRStkSize                         0x08011cd0   Data           4  os_cfg_app.o(.constdata)
    OSCfg_ISRStkSizeRAM                      0x08011cd4   Data           4  os_cfg_app.o(.constdata)
    OSCfg_MsgPoolSize                        0x08011cd8   Data           2  os_cfg_app.o(.constdata)
    OSCfg_MsgPoolSizeRAM                     0x08011cdc   Data           4  os_cfg_app.o(.constdata)
    OSCfg_MsgPoolBasePtr                     0x08011ce0   Data           4  os_cfg_app.o(.constdata)
    OSCfg_StatTaskPrio                       0x08011ce4   Data           1  os_cfg_app.o(.constdata)
    OSCfg_StatTaskRate_Hz                    0x08011ce8   Data           4  os_cfg_app.o(.constdata)
    OSCfg_StatTaskStkBasePtr                 0x08011cec   Data           4  os_cfg_app.o(.constdata)
    OSCfg_StatTaskStkLimit                   0x08011cf0   Data           4  os_cfg_app.o(.constdata)
    OSCfg_StatTaskStkSize                    0x08011cf4   Data           4  os_cfg_app.o(.constdata)
    OSCfg_StatTaskStkSizeRAM                 0x08011cf8   Data           4  os_cfg_app.o(.constdata)
    OSCfg_StkSizeMin                         0x08011cfc   Data           4  os_cfg_app.o(.constdata)
    OSCfg_TickRate_Hz                        0x08011d00   Data           4  os_cfg_app.o(.constdata)
    OSCfg_TickTaskPrio                       0x08011d04   Data           1  os_cfg_app.o(.constdata)
    OSCfg_TickTaskStkBasePtr                 0x08011d08   Data           4  os_cfg_app.o(.constdata)
    OSCfg_TickTaskStkLimit                   0x08011d0c   Data           4  os_cfg_app.o(.constdata)
    OSCfg_TickTaskStkSize                    0x08011d10   Data           4  os_cfg_app.o(.constdata)
    OSCfg_TickTaskStkSizeRAM                 0x08011d14   Data           4  os_cfg_app.o(.constdata)
    OSCfg_TickWheelSize                      0x08011d18   Data           2  os_cfg_app.o(.constdata)
    OSCfg_TickWheelSizeRAM                   0x08011d1c   Data           4  os_cfg_app.o(.constdata)
    OSCfg_TmrTaskPrio                        0x08011d20   Data           1  os_cfg_app.o(.constdata)
    OSCfg_TmrTaskRate_Hz                     0x08011d24   Data           4  os_cfg_app.o(.constdata)
    OSCfg_TmrTaskStkBasePtr                  0x08011d28   Data           4  os_cfg_app.o(.constdata)
    OSCfg_TmrTaskStkLimit                    0x08011d2c   Data           4  os_cfg_app.o(.constdata)
    OSCfg_TmrTaskStkSize                     0x08011d30   Data           4  os_cfg_app.o(.constdata)
    OSCfg_TmrTaskStkSizeRAM                  0x08011d34   Data           4  os_cfg_app.o(.constdata)
    OSCfg_TmrWheelSize                       0x08011d38   Data           2  os_cfg_app.o(.constdata)
    OSCfg_TmrWheelSizeRAM                    0x08011d3c   Data           4  os_cfg_app.o(.constdata)
    OSCfg_DataSizeRAM                        0x08011d40   Data           4  os_cfg_app.o(.constdata)
    OSDbg_DbgEn                              0x08011d44   Data           2  os_dbg.o(.constdata)
    OSDbg_ArgChkEn                           0x08011d46   Data           1  os_dbg.o(.constdata)
    OSDbg_AppHooksEn                         0x08011d47   Data           1  os_dbg.o(.constdata)
    OSDbg_EndiannessTest                     0x08011d48   Data           4  os_dbg.o(.constdata)
    OSDbg_CalledFromISRChkEn                 0x08011d4c   Data           1  os_dbg.o(.constdata)
    OSDbg_FlagEn                             0x08011d4d   Data           1  os_dbg.o(.constdata)
    OSDbg_FlagGrp                            0x08011d50   Data          40  os_dbg.o(.constdata)
    OSDbg_FlagDelEn                          0x08011d78   Data           1  os_dbg.o(.constdata)
    OSDbg_FlagModeClrEn                      0x08011d79   Data           1  os_dbg.o(.constdata)
    OSDbg_FlagPendAbortEn                    0x08011d7a   Data           1  os_dbg.o(.constdata)
    OSDbg_FlagGrpSize                        0x08011d7c   Data           2  os_dbg.o(.constdata)
    OSDbg_FlagWidth                          0x08011d7e   Data           2  os_dbg.o(.constdata)
    OSDbg_IntQ                               0x08011d80   Data           2  os_dbg.o(.constdata)
    OSDbg_ISRPostDeferredEn                  0x08011d82   Data           1  os_dbg.o(.constdata)
    OSDbg_Mem                                0x08011d84   Data          32  os_dbg.o(.constdata)
    OSDbg_MemEn                              0x08011da4   Data           1  os_dbg.o(.constdata)
    OSDbg_MemSize                            0x08011da6   Data           2  os_dbg.o(.constdata)
    OSDbg_MsgEn                              0x08011da8   Data           1  os_dbg.o(.constdata)
    OSDbg_MsgSize                            0x08011daa   Data           2  os_dbg.o(.constdata)
    OSDbg_MsgPoolSize                        0x08011dac   Data           2  os_dbg.o(.constdata)
    OSDbg_MsgQSize                           0x08011dae   Data           2  os_dbg.o(.constdata)
    OSDbg_Mutex                              0x08011db0   Data          44  os_dbg.o(.constdata)
    OSDbg_MutexEn                            0x08011ddc   Data           1  os_dbg.o(.constdata)
    OSDbg_MutexDelEn                         0x08011ddd   Data           1  os_dbg.o(.constdata)
    OSDbg_MutexPendAbortEn                   0x08011dde   Data           1  os_dbg.o(.constdata)
    OSDbg_MutexSize                          0x08011de0   Data           2  os_dbg.o(.constdata)
    OSDbg_ObjTypeChkEn                       0x08011de2   Data           1  os_dbg.o(.constdata)
    OSDbg_PendMultiEn                        0x08011de3   Data           1  os_dbg.o(.constdata)
    OSDbg_PendDataSize                       0x08011de4   Data           2  os_dbg.o(.constdata)
    OSDbg_PendListSize                       0x08011de6   Data           2  os_dbg.o(.constdata)
    OSDbg_PendObjSize                        0x08011de8   Data           2  os_dbg.o(.constdata)
    OSDbg_PrioMax                            0x08011dea   Data           2  os_dbg.o(.constdata)
    OSDbg_PrioTblSize                        0x08011dec   Data           2  os_dbg.o(.constdata)
    OSDbg_PtrSize                            0x08011dee   Data           2  os_dbg.o(.constdata)
    OSDbg_Q                                  0x08011df0   Data          48  os_dbg.o(.constdata)
    OSDbg_QEn                                0x08011e20   Data           1  os_dbg.o(.constdata)
    OSDbg_QDelEn                             0x08011e21   Data           1  os_dbg.o(.constdata)
    OSDbg_QFlushEn                           0x08011e22   Data           1  os_dbg.o(.constdata)
    OSDbg_QPendAbortEn                       0x08011e23   Data           1  os_dbg.o(.constdata)
    OSDbg_QSize                              0x08011e24   Data           2  os_dbg.o(.constdata)
    OSDbg_SchedRoundRobinEn                  0x08011e26   Data           1  os_dbg.o(.constdata)
    OSDbg_Sem                                0x08011e28   Data          40  os_dbg.o(.constdata)
    OSDbg_SemEn                              0x08011e50   Data           1  os_dbg.o(.constdata)
    OSDbg_SemDelEn                           0x08011e51   Data           1  os_dbg.o(.constdata)
    OSDbg_SemPendAbortEn                     0x08011e52   Data           1  os_dbg.o(.constdata)
    OSDbg_SemSetEn                           0x08011e53   Data           1  os_dbg.o(.constdata)
    OSDbg_SemSize                            0x08011e54   Data           2  os_dbg.o(.constdata)
    OSDbg_RdyList                            0x08011e56   Data           2  os_dbg.o(.constdata)
    OSDbg_RdyListSize                        0x08011e58   Data           4  os_dbg.o(.constdata)
    OSDbg_StkWidth                           0x08011e5c   Data           1  os_dbg.o(.constdata)
    OSDbg_StatTaskEn                         0x08011e5d   Data           1  os_dbg.o(.constdata)
    OSDbg_StatTaskStkChkEn                   0x08011e5e   Data           1  os_dbg.o(.constdata)
    OSDbg_TaskChangePrioEn                   0x08011e5f   Data           1  os_dbg.o(.constdata)
    OSDbg_TaskDelEn                          0x08011e60   Data           1  os_dbg.o(.constdata)
    OSDbg_TaskQEn                            0x08011e61   Data           1  os_dbg.o(.constdata)
    OSDbg_TaskQPendAbortEn                   0x08011e62   Data           1  os_dbg.o(.constdata)
    OSDbg_TaskProfileEn                      0x08011e63   Data           1  os_dbg.o(.constdata)
    OSDbg_TaskRegTblSize                     0x08011e64   Data           2  os_dbg.o(.constdata)
    OSDbg_TaskSemPendAbortEn                 0x08011e66   Data           1  os_dbg.o(.constdata)
    OSDbg_TaskSuspendEn                      0x08011e67   Data           1  os_dbg.o(.constdata)
    OSDbg_TCBSize                            0x08011e68   Data           2  os_dbg.o(.constdata)
    OSDbg_TickSpokeSize                      0x08011e6a   Data           2  os_dbg.o(.constdata)
    OSDbg_TimeDlyHMSMEn                      0x08011e6c   Data           1  os_dbg.o(.constdata)
    OSDbg_TimeDlyResumeEn                    0x08011e6d   Data           1  os_dbg.o(.constdata)
    OSDbg_TLS_TblSize                        0x08011e6e   Data           2  os_dbg.o(.constdata)
    OSDbg_Tmr                                0x08011e70   Data          52  os_dbg.o(.constdata)
    OSDbg_TmrEn                              0x08011ea4   Data           1  os_dbg.o(.constdata)
    OSDbg_TmrDelEn                           0x08011ea5   Data           1  os_dbg.o(.constdata)
    OSDbg_TmrSize                            0x08011ea6   Data           2  os_dbg.o(.constdata)
    OSDbg_TmrSpokeSize                       0x08011ea8   Data           2  os_dbg.o(.constdata)
    OSDbg_VersionNbr                         0x08011eaa   Data           2  os_dbg.o(.constdata)
    OSDbg_DataSize                           0x08011eac   Data           4  os_dbg.o(.constdata)
    Region$$Table$$Base                      0x08011ed8   Number         0  anon$$obj.o(Region$$Table)
    Region$$Table$$Limit                     0x08011ef8   Number         0  anon$$obj.o(Region$$Table)
    SystemCoreClock                          0x20000000   Data           4  system_stm32f4xx.o(.data)
    AHBPrescTable                            0x20000004   Data          16  system_stm32f4xx.o(.data)
    POINT_COLOR                              0x20000014   Data           2  lcd.o(.data)
    BACK_COLOR                               0x20000016   Data           2  lcd.o(.data)
    __stdout                                 0x2000002c   Data           4  usart.o(.data)
    USART_RX_STA                             0x20000030   Data           2  usart.o(.data)
    CPU_TS_TmrFreq_Hz                        0x20000034   Data           4  cpu_core.o(.data)
    Mem_PoolTbl                              0x20000038   Data           4  lib_mem.o(.data)
    OSPrioTbl                                0x2000003c   Data           8  os_prio.o(.data)
    OS_AppTaskCreateHookPtr                  0x20000044   Data           4  os_var.o(.data)
    OS_AppTaskDelHookPtr                     0x20000048   Data           4  os_var.o(.data)
    OS_AppTaskReturnHookPtr                  0x2000004c   Data           4  os_var.o(.data)
    OS_AppIdleTaskHookPtr                    0x20000050   Data           4  os_var.o(.data)
    OS_AppStatTaskHookPtr                    0x20000054   Data           4  os_var.o(.data)
    OS_AppTaskSwHookPtr                      0x20000058   Data           4  os_var.o(.data)
    OS_AppTimeTickHookPtr                    0x2000005c   Data           4  os_var.o(.data)
    OSIdleTaskCtr                            0x20000060   Data           4  os_var.o(.data)
    OSIntNestingCtr                          0x20000064   Data           1  os_var.o(.data)
    OSRunning                                0x20000065   Data           1  os_var.o(.data)
    OSIntQInPtr                              0x20000068   Data           4  os_var.o(.data)
    OSIntQOutPtr                             0x2000006c   Data           4  os_var.o(.data)
    OSIntQNbrEntries                         0x20000070   Data           2  os_var.o(.data)
    OSIntQNbrEntriesMax                      0x20000072   Data           2  os_var.o(.data)
    OSIntQOvfCtr                             0x20000074   Data           2  os_var.o(.data)
    OSIntQTaskTimeMax                        0x20000078   Data           4  os_var.o(.data)
    OSFlagDbgListPtr                         0x2000007c   Data           4  os_var.o(.data)
    OSFlagQty                                0x20000080   Data           2  os_var.o(.data)
    OSMemDbgListPtr                          0x20000084   Data           4  os_var.o(.data)
    OSMemQty                                 0x20000088   Data           2  os_var.o(.data)
    OSMutexDbgListPtr                        0x2000008c   Data           4  os_var.o(.data)
    OSMutexQty                               0x20000090   Data           2  os_var.o(.data)
    OSPrioCur                                0x20000092   Data           1  os_var.o(.data)
    OSPrioHighRdy                            0x20000093   Data           1  os_var.o(.data)
    OSPrioSaved                              0x20000094   Data           1  os_var.o(.data)
    OSQDbgListPtr                            0x20000098   Data           4  os_var.o(.data)
    OSQQty                                   0x2000009c   Data           2  os_var.o(.data)
    OSSchedLockTimeBegin                     0x200000a0   Data           4  os_var.o(.data)
    OSSchedLockTimeMax                       0x200000a4   Data           4  os_var.o(.data)
    OSSchedLockTimeMaxCur                    0x200000a8   Data           4  os_var.o(.data)
    OSSchedLockNestingCtr                    0x200000ac   Data           1  os_var.o(.data)
    OSSchedRoundRobinDfltTimeQuanta          0x200000b0   Data           4  os_var.o(.data)
    OSSchedRoundRobinEn                      0x200000b4   Data           1  os_var.o(.data)
    OSSemDbgListPtr                          0x200000b8   Data           4  os_var.o(.data)
    OSSemQty                                 0x200000bc   Data           2  os_var.o(.data)
    OSTaskCtxSwCtr                           0x200000c0   Data           4  os_var.o(.data)
    OSTaskDbgListPtr                         0x200000c4   Data           4  os_var.o(.data)
    OSTaskQty                                0x200000c8   Data           2  os_var.o(.data)
    OSTaskRegNextAvailID                     0x200000ca   Data           1  os_var.o(.data)
    OSTickCtr                                0x200000cc   Data           4  os_var.o(.data)
    OSTickTaskTimeMax                        0x200000d0   Data           4  os_var.o(.data)
    OSTmrDbgListPtr                          0x200000d4   Data           4  os_var.o(.data)
    OSTmrQty                                 0x200000d8   Data           2  os_var.o(.data)
    OSTmrTaskTimeMax                         0x200000dc   Data           4  os_var.o(.data)
    OSTmrTickCtr                             0x200000e0   Data           4  os_var.o(.data)
    OSTmrUpdateCnt                           0x200000e4   Data           4  os_var.o(.data)
    OSTmrUpdateCtr                           0x200000e8   Data           4  os_var.o(.data)
    OSTCBCurPtr                              0x200000ec   Data           4  os_var.o(.data)
    OSTCBHighRdyPtr                          0x200000f0   Data           4  os_var.o(.data)
    OS_CPU_ExceptStkBase                     0x200000f4   Data           4  os_cpu_c.o(.data)
    StartTaskTCB                             0x200000f8   Data         196  main.o(.bss)
    START_TASK_STK                           0x200001bc   Data         512  main.o(.bss)
    Task1_TaskTCB                            0x200003bc   Data         196  main.o(.bss)
    TASK1_TASK_STK                           0x20000480   Data         512  main.o(.bss)
    Task2_TaskTCB                            0x20000680   Data         196  main.o(.bss)
    TASK2_TASK_STK                           0x20000744   Data         512  main.o(.bss)
    lcddev                                   0x20000944   Data          14  lcd.o(.bss)
    USART_RX_BUF                             0x20000952   Data         200  usart.o(.bss)
    CPU_Name                                 0x20000a1a   Data          16  cpu_core.o(.bss)
    Mem_PoolHeap                             0x20000a2c   Data          72  lib_mem.o(.bss)
    Mem_Heap                                 0x20000a74   Data        1024  lib_mem.o(.bss)
    OSCfg_IdleTaskStk                        0x20000e74   Data         512  os_cfg_app.o(.bss)
    OSCfg_IntQ                               0x20001074   Data         320  os_cfg_app.o(.bss)
    OSCfg_IntQTaskStk                        0x200011b4   Data         512  os_cfg_app.o(.bss)
    OSCfg_ISRStk                             0x200013b4   Data         512  os_cfg_app.o(.bss)
    OSCfg_MsgPool                            0x200015b4   Data        1600  os_cfg_app.o(.bss)
    OSCfg_TickTaskStk                        0x20001bf4   Data         512  os_cfg_app.o(.bss)
    OSCfg_TickWheel                          0x20001df4   Data         136  os_cfg_app.o(.bss)
    OSCfg_TmrTaskStk                         0x20001e7c   Data         512  os_cfg_app.o(.bss)
    OSCfg_TmrWheel                           0x2000207c   Data         136  os_cfg_app.o(.bss)
    OSIdleTaskTCB                            0x20002104   Data         196  os_var.o(.bss)
    OSIntQTaskTCB                            0x200021c8   Data         196  os_var.o(.bss)
    OSMsgPool                                0x2000228c   Data          12  os_var.o(.bss)
    OSRdyList                                0x20002298   Data         768  os_var.o(.bss)
    OSTickTaskTCB                            0x20002598   Data         196  os_var.o(.bss)
    OSTmrTaskTCB                             0x2000265c   Data         196  os_var.o(.bss)
    __libspace_start                         0x20002720   Data          96  libspace.o(.bss)
    __temporary_stack_top$libspace           0x20002780   Data           0  libspace.o(.bss)



==============================================================================

Memory Map of the image

  Image Entry point : 0x08000189

  Load Region LR_IROM1 (Base: 0x08000000, Size: 0x00011ff0, Max: 0x00100000, ABSOLUTE)

    Execution Region ER_IROM1 (Base: 0x08000000, Size: 0x00011ef8, Max: 0x00100000, ABSOLUTE)

    Base Addr    Size         Type   Attr      Idx    E Section Name        Object

    0x08000000   0x00000188   Data   RO          358    RESET               startup_stm32f40_41xxx.o
    0x08000188   0x00000008   Code   RO         1043  * !!!main             c_w.l(__main.o)
    0x08000190   0x00000034   Code   RO         1237    !!!scatter          c_w.l(__scatter.o)
    0x080001c4   0x0000001a   Code   RO         1239    !!handler_copy      c_w.l(__scatter_copy.o)
    0x080001de   0x00000002   PAD
    0x080001e0   0x0000001c   Code   RO         1241    !!handler_zi        c_w.l(__scatter_zi.o)
    0x080001fc   0x00000000   Code   RO         1040    .ARM.Collect$$_printf_percent$$00000000  c_w.l(_printf_percent.o)
    0x080001fc   0x00000006   Code   RO         1039    .ARM.Collect$$_printf_percent$$0000000C  c_w.l(_printf_x.o)
    0x08000202   0x00000004   Code   RO         1068    .ARM.Collect$$_printf_percent$$00000017  c_w.l(_printf_percent_end.o)
    0x08000206   0x00000002   Code   RO         1112    .ARM.Collect$$libinit$$00000000  c_w.l(libinit.o)
    0x08000208   0x00000004   Code   RO         1124    .ARM.Collect$$libinit$$00000001  c_w.l(libinit2.o)
    0x0800020c   0x00000000   Code   RO         1127    .ARM.Collect$$libinit$$00000004  c_w.l(libinit2.o)
    0x0800020c   0x00000000   Code   RO         1130    .ARM.Collect$$libinit$$0000000A  c_w.l(libinit2.o)
    0x0800020c   0x00000000   Code   RO         1132    .ARM.Collect$$libinit$$0000000C  c_w.l(libinit2.o)
    0x0800020c   0x00000000   Code   RO         1134    .ARM.Collect$$libinit$$0000000E  c_w.l(libinit2.o)
    0x0800020c   0x00000000   Code   RO         1137    .ARM.Collect$$libinit$$00000011  c_w.l(libinit2.o)
    0x0800020c   0x00000000   Code   RO         1139    .ARM.Collect$$libinit$$00000013  c_w.l(libinit2.o)
    0x0800020c   0x00000000   Code   RO         1141    .ARM.Collect$$libinit$$00000015  c_w.l(libinit2.o)
    0x0800020c   0x00000000   Code   RO         1143    .ARM.Collect$$libinit$$00000017  c_w.l(libinit2.o)
    0x0800020c   0x00000000   Code   RO         1145    .ARM.Collect$$libinit$$00000019  c_w.l(libinit2.o)
    0x0800020c   0x00000000   Code   RO         1147    .ARM.Collect$$libinit$$0000001B  c_w.l(libinit2.o)
    0x0800020c   0x00000000   Code   RO         1149    .ARM.Collect$$libinit$$0000001D  c_w.l(libinit2.o)
    0x0800020c   0x00000000   Code   RO         1151    .ARM.Collect$$libinit$$0000001F  c_w.l(libinit2.o)
    0x0800020c   0x00000000   Code   RO         1153    .ARM.Collect$$libinit$$00000021  c_w.l(libinit2.o)
    0x0800020c   0x00000000   Code   RO         1155    .ARM.Collect$$libinit$$00000023  c_w.l(libinit2.o)
    0x0800020c   0x00000000   Code   RO         1157    .ARM.Collect$$libinit$$00000025  c_w.l(libinit2.o)
    0x0800020c   0x00000000   Code   RO         1161    .ARM.Collect$$libinit$$0000002C  c_w.l(libinit2.o)
    0x0800020c   0x00000000   Code   RO         1163    .ARM.Collect$$libinit$$0000002E  c_w.l(libinit2.o)
    0x0800020c   0x00000000   Code   RO         1165    .ARM.Collect$$libinit$$00000030  c_w.l(libinit2.o)
    0x0800020c   0x00000000   Code   RO         1167    .ARM.Collect$$libinit$$00000032  c_w.l(libinit2.o)
    0x0800020c   0x00000002   Code   RO         1168    .ARM.Collect$$libinit$$00000033  c_w.l(libinit2.o)
    0x0800020e   0x00000002   Code   RO         1194    .ARM.Collect$$libshutdown$$00000000  c_w.l(libshutdown.o)
    0x08000210   0x00000000   Code   RO         1222    .ARM.Collect$$libshutdown$$00000003  c_w.l(libshutdown2.o)
    0x08000210   0x00000000   Code   RO         1225    .ARM.Collect$$libshutdown$$00000006  c_w.l(libshutdown2.o)
    0x08000210   0x00000000   Code   RO         1228    .ARM.Collect$$libshutdown$$00000009  c_w.l(libshutdown2.o)
    0x08000210   0x00000000   Code   RO         1230    .ARM.Collect$$libshutdown$$0000000B  c_w.l(libshutdown2.o)
    0x08000210   0x00000000   Code   RO         1233    .ARM.Collect$$libshutdown$$0000000E  c_w.l(libshutdown2.o)
    0x08000210   0x00000002   Code   RO         1234    .ARM.Collect$$libshutdown$$0000000F  c_w.l(libshutdown2.o)
    0x08000212   0x00000000   Code   RO         1059    .ARM.Collect$$rtentry$$00000000  c_w.l(__rtentry.o)
    0x08000212   0x00000000   Code   RO         1075    .ARM.Collect$$rtentry$$00000002  c_w.l(__rtentry2.o)
    0x08000212   0x00000006   Code   RO         1087    .ARM.Collect$$rtentry$$00000004  c_w.l(__rtentry4.o)
    0x08000218   0x00000000   Code   RO         1077    .ARM.Collect$$rtentry$$00000009  c_w.l(__rtentry2.o)
    0x08000218   0x00000004   Code   RO         1078    .ARM.Collect$$rtentry$$0000000A  c_w.l(__rtentry2.o)
    0x0800021c   0x00000000   Code   RO         1080    .ARM.Collect$$rtentry$$0000000C  c_w.l(__rtentry2.o)
    0x0800021c   0x00000008   Code   RO         1081    .ARM.Collect$$rtentry$$0000000D  c_w.l(__rtentry2.o)
    0x08000224   0x00000002   Code   RO         1116    .ARM.Collect$$rtexit$$00000000  c_w.l(rtexit.o)
    0x08000226   0x00000000   Code   RO         1170    .ARM.Collect$$rtexit$$00000002  c_w.l(rtexit2.o)
    0x08000226   0x00000004   Code   RO         1171    .ARM.Collect$$rtexit$$00000003  c_w.l(rtexit2.o)
    0x0800022a   0x00000006   Code   RO         1172    .ARM.Collect$$rtexit$$00000004  c_w.l(rtexit2.o)
    0x08000230   0x00000430   Code   RO            3    .text               main.o
    0x08000660   0x00000016   Code   RO          225    .text               stm32f4xx_it.o
    0x08000676   0x00000002   PAD
    0x08000678   0x00000210   Code   RO          274    .text               system_stm32f4xx.o
    0x08000888   0x00000040   Code   RO          300    .text               led.o
    0x080008c8   0x00004ca8   Code   RO          320    .text               lcd.o
    0x08005570   0x00000040   Code   RO          359    .text               startup_stm32f40_41xxx.o
    0x080055b0   0x000000e0   Code   RO          365    .text               misc.o
    0x08005690   0x00000294   Code   RO          385    .text               stm32f4xx_gpio.o
    0x08005924   0x0000065c   Code   RO          405    .text               stm32f4xx_rcc.o
    0x08005f80   0x00000454   Code   RO          447    .text               stm32f4xx_usart.o
    0x080063d4   0x000005c8   Code   RO          467    .text               stm32f4xx_fsmc.o
    0x0800699c   0x00000148   Code   RO          510    .text               delay.o
    0x08006ae4   0x0000015c   Code   RO          550    .text               usart.o
    0x08006c40   0x00000084   Code   RO          581    .text               bsp.o
    0x08006cc4   0x000002a8   Code   RO          614    .text               cpu_core.o
    0x08006f6c   0x00000034   Code   RO          640    .text               cpu_a.o
    0x08006fa0   0x00000256   Code   RO          643    .text               lib_ascii.o
    0x080071f6   0x00000002   PAD
    0x080071f8   0x000009c6   Code   RO          676    .text               lib_mem.o
    0x08007bbe   0x00000002   PAD
    0x08007bc0   0x0000092c   Code   RO          695    .text               lib_str.o
    0x080084ec   0x00000220   Code   RO          712    .text               lib_mem_a.o
    0x0800870c   0x000000d8   Code   RO          715    .text               os_cfg_app.o
    0x080087e4   0x00000dd8   Code   RO          738    .text               os_core.o
    0x080095bc   0x000001b0   Code   RO          750    .text               os_dbg.o
    0x0800976c   0x00000e28   Code   RO          765    .text               os_flag.o
    0x0800a594   0x00000444   Code   RO          777    .text               os_int.o
    0x0800a9d8   0x00000238   Code   RO          789    .text               os_mem.o
    0x0800ac10   0x0000022c   Code   RO          801    .text               os_msg.o
    0x0800ae3c   0x00000ad4   Code   RO          813    .text               os_mutex.o
    0x0800b910   0x0000007c   Code   RO          831    .text               os_prio.o
    0x0800b98c   0x000008d8   Code   RO          850    .text               os_q.o
    0x0800c264   0x00000830   Code   RO          862    .text               os_sem.o
    0x0800ca94   0x00001bb4   Code   RO          880    .text               os_task.o
    0x0800e648   0x000004fc   Code   RO          892    .text               os_tick.o
    0x0800eb44   0x00000564   Code   RO          904    .text               os_time.o
    0x0800f0a8   0x00000818   Code   RO          916    .text               os_tmr.o
    0x0800f8c0   0x000003f8   Code   RO          944    .text               os_cpu_c.o
    0x0800fcb8   0x00000002   Code   RO          988    .text               c_w.l(use_no_semi_2.o)
    0x0800fcba   0x000000ee   Code   RO          990    .text               c_w.l(lludivv7m.o)
    0x0800fda8   0x00000018   Code   RO          994    .text               c_w.l(noretval__2printf.o)
    0x0800fdc0   0x00000068   Code   RO          996    .text               c_w.l(__printf.o)
    0x0800fe28   0x00000058   Code   RO         1001    .text               c_w.l(_printf_hex_int.o)
    0x0800fe80   0x00000006   Code   RO         1041    .text               c_w.l(heapauxi.o)
    0x0800fe86   0x00000002   Code   RO         1057    .text               c_w.l(use_no_semi.o)
    0x0800fe88   0x000000b2   Code   RO         1064    .text               c_w.l(_printf_intcommon.o)
    0x0800ff3a   0x00000002   PAD
    0x0800ff3c   0x00000024   Code   RO         1066    .text               c_w.l(_printf_char_file.o)
    0x0800ff60   0x00000030   Code   RO         1091    .text               c_w.l(_printf_char_common.o)
    0x0800ff90   0x00000008   Code   RO         1093    .text               c_w.l(ferror.o)
    0x0800ff98   0x0000004a   Code   RO         1097    .text               c_w.l(sys_stackheap_outer.o)
    0x0800ffe2   0x0000000c   Code   RO         1101    .text               c_w.l(exit.o)
    0x0800ffee   0x00000002   PAD
    0x0800fff0   0x00000008   Code   RO         1113    .text               c_w.l(libspace.o)
    0x0800fff8   0x000000ac   Code   RO          968    CODE                os_cpu_a.o
    0x080100a4   0x0000005a   Code   RO         1045    x$fpl$dfixu         fz_wm.l(dfixu.o)
    0x080100fe   0x00000026   Code   RO         1049    x$fpl$dfltu         fz_wm.l(dflt_clz.o)
    0x08010124   0x00000154   Code   RO         1055    x$fpl$dmul          fz_wm.l(dmul.o)
    0x08010278   0x0000009c   Code   RO         1069    x$fpl$dnaninf       fz_wm.l(dnaninf.o)
    0x08010314   0x0000000c   Code   RO         1071    x$fpl$dretinf       fz_wm.l(dretinf.o)
    0x08010320   0x0000000a   Code   RO         1182    x$fpl$fpinit        fz_wm.l(fpinit.o)
    0x0801032a   0x00000000   Code   RO         1073    x$fpl$usenofp       fz_wm.l(usenofp.o)
    0x0801032a   0x000017c0   Data   RO          322    .constdata          lcd.o
    0x08011aea   0x00000002   PAD
    0x08011aec   0x0000001c   Data   RO          468    .constdata          stm32f4xx_fsmc.o
    0x08011b08   0x00000104   Data   RO          616    .constdata          cpu_core.o
    0x08011c0c   0x00000094   Data   RO          696    .constdata          lib_str.o
    0x08011ca0   0x000000a4   Data   RO          717    .constdata          os_cfg_app.o
    0x08011d44   0x0000016c   Data   RO          751    .constdata          os_dbg.o
    0x08011eb0   0x00000028   Data   RO         1002    .constdata          c_w.l(_printf_hex_int.o)
    0x08011ed8   0x00000020   Data   RO         1235    Region$$Table       anon$$obj.o


    Execution Region RW_IRAM1 (Base: 0x20000000, Size: 0x00002d80, Max: 0x00020000, ABSOLUTE)

    Base Addr    Size         Type   Attr      Idx    E Section Name        Object

    0x20000000   0x00000014   Data   RW          275    .data               system_stm32f4xx.o
    0x20000014   0x00000004   Data   RW          323    .data               lcd.o
    0x20000018   0x00000010   Data   RW          406    .data               stm32f4xx_rcc.o
    0x20000028   0x00000004   Data   RW          511    .data               delay.o
    0x2000002c   0x00000006   Data   RW          552    .data               usart.o
    0x20000032   0x00000002   PAD
    0x20000034   0x00000004   Data   RW          617    .data               cpu_core.o
    0x20000038   0x00000004   Data   RW          678    .data               lib_mem.o
    0x2000003c   0x00000008   Data   RW          832    .data               os_prio.o
    0x20000044   0x000000b0   Data   RW          929    .data               os_var.o
    0x200000f4   0x00000004   Data   RW          945    .data               os_cpu_c.o
    0x200000f8   0x0000084c   Zero   RW            4    .bss                main.o
    0x20000944   0x0000000e   Zero   RW          321    .bss                lcd.o
    0x20000952   0x000000c8   Zero   RW          551    .bss                usart.o
    0x20000a1a   0x00000010   Zero   RW          615    .bss                cpu_core.o
    0x20000a2a   0x00000002   PAD
    0x20000a2c   0x00000448   Zero   RW          677    .bss                lib_mem.o
    0x20000e74   0x00001290   Zero   RW          716    .bss                os_cfg_app.o
    0x20002104   0x0000061c   Zero   RW          928    .bss                os_var.o
    0x20002720   0x00000060   Zero   RW         1114    .bss                c_w.l(libspace.o)
    0x20002780   0x00000200   Zero   RW          357    HEAP                startup_stm32f40_41xxx.o
    0x20002980   0x00000400   Zero   RW          356    STACK               startup_stm32f40_41xxx.o


==============================================================================

Image component sizes


      Code (inc. data)   RO Data    RW Data    ZI Data      Debug   Object Name

       132         14          0          0          0       1259   bsp.o
        52          0          0          0          0        364   cpu_a.o
       680         14        260          4         16      14879   cpu_core.o
       328         24          0          4          0       1953   delay.o
     19624        168       6080          4         14      22522   lcd.o
        64          6          0          0          0        579   led.o
       598          0          0          0          0       3832   lib_ascii.o
      2502         32          0          4       1096      22112   lib_mem.o
       544          0          0          0          0        512   lib_mem_a.o
      2348          6        148          0          0      13334   lib_str.o
      1072        232          0          0       2124     312535   main.o
       224         20          0          0          0       2065   misc.o
       216        142        164          0       4752      20641   os_cfg_app.o
      3544        282          0          0          0      12289   os_core.o
       172         32          0          0          0        432   os_cpu_a.o
      1016         64          0          4          0       4233   os_cpu_c.o
       432        286        364          0          0       4925   os_dbg.o
      3624        110          0          0          0       8023   os_flag.o
      1092        146          0          0          0       2396   os_int.o
       568         20          0          0          0       2892   os_mem.o
       556         12          0          0          0       2907   os_msg.o
      2772        114          0          0          0       5714   os_mutex.o
       124          4          0          8          0       2068   os_prio.o
      2264         76          0          0          0       6396   os_q.o
      2096         70          0          0          0       6408   os_sem.o
      7092        270          0          0          0      13770   os_task.o
      1276         90          0          0          0       3505   os_tick.o
      1380         46          0          0          0       3293   os_time.o
      2072        140          0          0          0       6590   os_tmr.o
         0          0          0        176       1564      18932   os_var.o
        64         26        392          0       1536        872   startup_stm32f40_41xxx.o
      1480         18         28          0          0       5942   stm32f4xx_fsmc.o
       660         44          0          0          0       4337   stm32f4xx_gpio.o
        22          0          0          0          0       1087   stm32f4xx_it.o
      1628         52          0         16          0      13208   stm32f4xx_rcc.o
      1108         34          0          0          0       8040   stm32f4xx_usart.o
       528         46          0         20          0       1939   system_stm32f4xx.o
       348         18          0          6        200       3506   usart.o

    ----------------------------------------------------------------------
     64308       2658       7470        248      11304     560291   Object Totals
         0          0         32          0          0          0   (incl. Generated)
         6          0          2          2          2          0   (incl. Padding)

    ----------------------------------------------------------------------

      Code (inc. data)   RO Data    RW Data    ZI Data      Debug   Library Member Name

         8          0          0          0          0         68   __main.o
       104          0          0          0          0         84   __printf.o
         0          0          0          0          0          0   __rtentry.o
        12          0          0          0          0          0   __rtentry2.o
         6          0          0          0          0          0   __rtentry4.o
        52          8          0          0          0          0   __scatter.o
        26          0          0          0          0          0   __scatter_copy.o
        28          0          0          0          0          0   __scatter_zi.o
        48          6          0          0          0         96   _printf_char_common.o
        36          4          0          0          0         80   _printf_char_file.o
        88          4         40          0          0         88   _printf_hex_int.o
       178          0          0          0          0         88   _printf_intcommon.o
         0          0          0          0          0          0   _printf_percent.o
         4          0          0          0          0          0   _printf_percent_end.o
         6          0          0          0          0          0   _printf_x.o
        12          0          0          0          0         72   exit.o
         8          0          0          0          0         68   ferror.o
         6          0          0          0          0        152   heapauxi.o
         2          0          0          0          0          0   libinit.o
         6          0          0          0          0          0   libinit2.o
         2          0          0          0          0          0   libshutdown.o
         2          0          0          0          0          0   libshutdown2.o
         8          4          0          0         96         68   libspace.o
       238          0          0          0          0        100   lludivv7m.o
        24          4          0          0          0         84   noretval__2printf.o
         2          0          0          0          0          0   rtexit.o
        10          0          0          0          0          0   rtexit2.o
        74          0          0          0          0         80   sys_stackheap_outer.o
         2          0          0          0          0         68   use_no_semi.o
         2          0          0          0          0         68   use_no_semi_2.o
        90          4          0          0          0        140   dfixu.o
        38          0          0          0          0        116   dflt_clz.o
       340         12          0          0          0        152   dmul.o
       156          4          0          0          0        140   dnaninf.o
        12          0          0          0          0        116   dretinf.o
        10          0          0          0          0        116   fpinit.o
         0          0          0          0          0          0   usenofp.o

    ----------------------------------------------------------------------
      1646         50         40          0         96       2044   Library Totals
         6          0          0          0          0          0   (incl. Padding)

    ----------------------------------------------------------------------

      Code (inc. data)   RO Data    RW Data    ZI Data      Debug   Library Name

       994         30         40          0         96       1264   c_w.l
       646         20          0          0          0        780   fz_wm.l

    ----------------------------------------------------------------------
      1646         50         40          0         96       2044   Library Totals

    ----------------------------------------------------------------------

==============================================================================


      Code (inc. data)   RO Data    RW Data    ZI Data      Debug   

     65954       2708       7510        248      11400     552963   Grand Totals
     65954       2708       7510        248      11400     552963   ELF Image Totals
     65954       2708       7510        248          0          0   ROM Totals

==============================================================================

    Total RO  Size (Code + RO Data)                73464 (  71.74kB)
    Total RW  Size (RW Data + ZI Data)             11648 (  11.38kB)
    Total ROM Size (Code + RO Data + RW Data)      73712 (  71.98kB)

==============================================================================

