Component: ARM Compiler 5.05 update 1 (build 106) Tool: armlink [4d0efa]

==============================================================================

Section Cross References

    main.o(.text) refers to _printf_percent.o(.ARM.Collect$$_printf_percent$$00000000) for _printf_percent
    main.o(.text) refers to _printf_f.o(.ARM.Collect$$_printf_percent$$00000003) for _printf_f
    main.o(.text) refers to printf1.o(x$fpl$printf1) for _printf_fp_dec
    main.o(.text) refers to cpu_a.o(.text) for CPU_SR_Save
    main.o(.text) refers to f2d.o(x$fpl$f2d) for __aeabi_f2d
    main.o(.text) refers to noretval__2printf.o(.text) for __2printf
    main.o(.text) refers to os_core.o(.text) for OS_Sched0
    main.o(.text) refers to delay.o(.text) for delay_ms
    main.o(.text) refers to os_time.o(.text) for OSTimeDlyHMSM
    main.o(.text) refers to cpu_core.o(.text) for CPU_Init
    main.o(.text) refers to os_stat.o(.text) for OSStatTaskCPUUsageInit
    main.o(.text) refers to os_task.o(.text) for OSTaskCreate
    main.o(.text) refers to misc.o(.text) for NVIC_PriorityGroupConfig
    main.o(.text) refers to usart.o(.text) for uart_init
    main.o(.text) refers to led.o(.text) for LED_Init
    main.o(.text) refers to main.o(.data) for float_num
    main.o(.text) refers to os_var.o(.data) for OSSchedLockNestingCtr
    main.o(.text) refers to main.o(.bss) for LED0_TASK_STK
    system_stm32f4xx.o(.text) refers to system_stm32f4xx.o(.data) for SystemCoreClock
    led.o(.text) refers to stm32f4xx_rcc.o(.text) for RCC_AHB1PeriphClockCmd
    led.o(.text) refers to stm32f4xx_gpio.o(.text) for GPIO_Init
    startup_stm32f40_41xxx.o(STACK) refers (Special) to heapauxi.o(.text) for __use_two_region_memory
    startup_stm32f40_41xxx.o(HEAP) refers (Special) to heapauxi.o(.text) for __use_two_region_memory
    startup_stm32f40_41xxx.o(RESET) refers (Special) to heapauxi.o(.text) for __use_two_region_memory
    startup_stm32f40_41xxx.o(RESET) refers to startup_stm32f40_41xxx.o(STACK) for __initial_sp
    startup_stm32f40_41xxx.o(RESET) refers to startup_stm32f40_41xxx.o(.text) for Reset_Handler
    startup_stm32f40_41xxx.o(RESET) refers to stm32f4xx_it.o(.text) for NMI_Handler
    startup_stm32f40_41xxx.o(RESET) refers to os_cpu_a.o(CODE) for PendSV_Handler
    startup_stm32f40_41xxx.o(RESET) refers to delay.o(.text) for SysTick_Handler
    startup_stm32f40_41xxx.o(RESET) refers to usart.o(.text) for USART1_IRQHandler
    startup_stm32f40_41xxx.o(.text) refers (Special) to heapauxi.o(.text) for __use_two_region_memory
    startup_stm32f40_41xxx.o(.text) refers to system_stm32f4xx.o(.text) for SystemInit
    startup_stm32f40_41xxx.o(.text) refers to __main.o(!!!main) for __main
    startup_stm32f40_41xxx.o(.text) refers to startup_stm32f40_41xxx.o(HEAP) for Heap_Mem
    startup_stm32f40_41xxx.o(.text) refers to startup_stm32f40_41xxx.o(STACK) for Stack_Mem
    stm32f4xx_gpio.o(.text) refers to stm32f4xx_rcc.o(.text) for RCC_AHB1PeriphResetCmd
    stm32f4xx_rcc.o(.text) refers to stm32f4xx_rcc.o(.data) for APBAHBPrescTable
    stm32f4xx_syscfg.o(.text) refers to stm32f4xx_rcc.o(.text) for RCC_APB2PeriphResetCmd
    stm32f4xx_usart.o(.text) refers to stm32f4xx_rcc.o(.text) for RCC_APB2PeriphResetCmd
    delay.o(.text) refers to os_core.o(.text) for OSSchedLock
    delay.o(.text) refers to os_time.o(.text) for OSTimeDly
    delay.o(.text) refers to misc.o(.text) for SysTick_CLKSourceConfig
    delay.o(.text) refers to os_var.o(.data) for OSRunning
    delay.o(.text) refers to delay.o(.data) for fac_us
    delay.o(.text) refers to os_cfg_app.o(.constdata) for OSCfg_TickRate_Hz
    usart.o(.rev16_text) refers (Special) to use_no_semi_2.o(.text) for __use_no_semihosting
    usart.o(.revsh_text) refers (Special) to use_no_semi_2.o(.text) for __use_no_semihosting
    usart.o(.text) refers (Special) to use_no_semi_2.o(.text) for __use_no_semihosting
    usart.o(.text) refers to stm32f4xx_rcc.o(.text) for RCC_AHB1PeriphClockCmd
    usart.o(.text) refers to stm32f4xx_gpio.o(.text) for GPIO_PinAFConfig
    usart.o(.text) refers to stm32f4xx_usart.o(.text) for USART_Init
    usart.o(.text) refers to misc.o(.text) for NVIC_Init
    usart.o(.text) refers to os_core.o(.text) for OSIntEnter
    usart.o(.text) refers to usart.o(.data) for USART_RX_STA
    usart.o(.text) refers to usart.o(.bss) for USART_RX_BUF
    usart.o(.bss) refers (Special) to use_no_semi_2.o(.text) for __use_no_semihosting
    usart.o(.data) refers (Special) to use_no_semi_2.o(.text) for __use_no_semihosting
    bsp.o(.text) refers to stm32f4xx_rcc.o(.text) for RCC_GetClocksFreq
    bsp.o(.text) refers to cpu_core.o(.text) for CPU_TS_TmrFreqSet
    bsp.o(.text) refers to lludivv7m.o(.text) for __aeabi_uldivmod
    cpu_c.o(.text) refers to cpu_a.o(.text) for CPU_SR_Save
    cpu_core.o(.text) refers to cpu_a.o(.text) for CPU_SR_Save
    cpu_core.o(.text) refers to lib_mem.o(.text) for Mem_Clr
[...]
    main                                     0x080004a3   Thumb Code   228  main.o(.text)
    NMI_Handler                              0x0800060d   Thumb Code     2  stm32f4xx_it.o(.text)
    HardFault_Handler                        0x0800060f   Thumb Code     4  stm32f4xx_it.o(.text)
    MemManage_Handler                        0x08000613   Thumb Code     4  stm32f4xx_it.o(.text)
    BusFault_Handler                         0x08000617   Thumb Code     4  stm32f4xx_it.o(.text)
    UsageFault_Handler                       0x0800061b   Thumb Code     4  stm32f4xx_it.o(.text)
    SVC_Handler                              0x0800061f   Thumb Code     2  stm32f4xx_it.o(.text)
    DebugMon_Handler                         0x08000621   Thumb Code     2  stm32f4xx_it.o(.text)
    SystemInit                               0x08000701   Thumb Code    88  system_stm32f4xx.o(.text)
    SystemCoreClockUpdate                    0x08000759   Thumb Code   174  system_stm32f4xx.o(.text)
    LED_Init                                 0x08000835   Thumb Code    58  led.o(.text)
    Reset_Handler                            0x08000875   Thumb Code     8  startup_stm32f40_41xxx.o(.text)
    ADC_IRQHandler                           0x0800088f   Thumb Code     0  startup_stm32f40_41xxx.o(.text)
    CAN1_RX0_IRQHandler                      0x0800088f   Thumb Code     0  startup_stm32f40_41xxx.o(.text)
    CAN1_RX1_IRQHandler                      0x0800088f   Thumb Code     0  startup_stm32f40_41xxx.o(.text)
    CAN1_SCE_IRQHandler                      0x0800088f   Thumb Code     0  startup_stm32f40_41xxx.o(.text)
    CAN1_TX_IRQHandler                       0x0800088f   Thumb Code     0  startup_stm32f40_41xxx.o(.text)
    CAN2_RX0_IRQHandler                      0x0800088f   Thumb Code     0  startup_stm32f40_41xxx.o(.text)
    CAN2_RX1_IRQHandler                      0x0800088f   Thumb Code     0  startup_stm32f40_41xxx.o(.text)
    CAN2_SCE_IRQHandler                      0x0800088f   Thumb Code     0  startup_stm32f40_41xxx.o(.text)
    CAN2_TX_IRQHandler                       0x0800088f   Thumb Code     0  startup_stm32f40_41xxx.o(.text)
    CRYP_IRQHandler                          0x0800088f   Thumb Code     0  startup_stm32f40_41xxx.o(.text)
    DCMI_IRQHandler                          0x0800088f   Thumb Code     0  startup_stm32f40_41xxx.o(.text)
    DMA1_Stream0_IRQHandler                  0x0800088f   Thumb Code     0  startup_stm32f40_41xxx.o(.text)
    DMA1_Stream1_IRQHandler                  0x0800088f   Thumb Code     0  startup_stm32f40_41xxx.o(.text)
    DMA1_Stream2_IRQHandler                  0x0800088f   Thumb Code     0  startup_stm32f40_41xxx.o(.text)
    DMA1_Stream3_IRQHandler                  0x0800088f   Thumb Code     0  startup_stm32f40_41xxx.o(.text)
    DMA1_Stream4_IRQHandler                  0x0800088f   Thumb Code     0  startup_stm32f40_41xxx.o(.text)
    DMA1_Stream5_IRQHandler                  0x0800088f   Thumb Code     0  startup_stm32f40_41xxx.o(.text)
    DMA1_Stream6_IRQHandler                  0x0800088f   Thumb Code     0  startup_stm32f40_41xxx.o(.text)
    DMA1_Stream7_IRQHandler                  0x0800088f   Thumb Code     0  startup_stm32f40_41xxx.o(.text)
    DMA2_Stream0_IRQHandler                  0x0800088f   Thumb Code     0  startup_stm32f40_41xxx.o(.text)
    DMA2_Stream1_IRQHandler                  0x0800088f   Thumb Code     0  startup_stm32f40_41xxx.o(.text)
    DMA2_Stream2_IRQHandler                  0x0800088f   Thumb Code     0  startup_stm32f40_41xxx.o(.text)
    DMA2_Stream3_IRQHandler                  0x0800088f   Thumb Code     0  startup_stm32f40_41xxx.o(.text)
    DMA2_Stream4_IRQHandler                  0x0800088f   Thumb Code     0  startup_stm32f40_41xxx.o(.text)
    DMA2_Stream5_IRQHandler                  0x0800088f   Thumb Code     0  startup_stm32f40_41xxx.o(.text)
    DMA2_Stream6_IRQHandler                  0x0800088f   Thumb Code     0  startup_stm32f40_41xxx.o(.text)
    DMA2_Stream7_IRQHandler                  0x0800088f   Thumb Code     0  startup_stm32f40_41xxx.o(.text)
    ETH_IRQHandler                           0x0800088f   Thumb Code     0  startup_stm32f40_41xxx.o(.text)
    ETH_WKUP_IRQHandler                      0x0800088f   Thumb Code     0  startup_stm32f40_41xxx.o(.text)
    EXTI0_IRQHandler                         0x0800088f   Thumb Code     0  startup_stm32f40_41xxx.o(.text)
    EXTI15_10_IRQHandler                     0x0800088f   Thumb Code     0  startup_stm32f40_41xxx.o(.text)
    EXTI1_IRQHandler                         0x0800088f   Thumb Code     0  startup_stm32f40_41xxx.o(.text)
    EXTI2_IRQHandler                         0x0800088f   Thumb Code     0  startup_stm32f40_41xxx.o(.text)
    EXTI3_IRQHandler                         0x0800088f   Thumb Code     0  startup_stm32f40_41xxx.o(.text)
    EXTI4_IRQHandler                         0x0800088f   Thumb Code     0  startup_stm32f40_41xxx.o(.text)
    EXTI9_5_IRQHandler                       0x0800088f   Thumb Code     0  startup_stm32f40_41xxx.o(.text)
    FLASH_IRQHandler                         0x0800088f   Thumb Code     0  startup_stm32f40_41xxx.o(.text)
    FPU_IRQHandler                           0x0800088f   Thumb Code     0  startup_stm32f40_41xxx.o(.text)
    FSMC_IRQHandler                          0x0800088f   Thumb Code     0  startup_stm32f40_41xxx.o(.text)
    HASH_RNG_IRQHandler                      0x0800088f   Thumb Code     0  startup_stm32f40_41xxx.o(.text)
    I2C1_ER_IRQHandler                       0x0800088f   Thumb Code     0  startup_stm32f40_41xxx.o(.text)
    I2C1_EV_IRQHandler                       0x0800088f   Thumb Code     0  startup_stm32f40_41xxx.o(.text)
    I2C2_ER_IRQHandler                       0x0800088f   Thumb Code     0  startup_stm32f40_41xxx.o(.text)
    I2C2_EV_IRQHandler                       0x0800088f   Thumb Code     0  startup_stm32f40_41xxx.o(.text)
    I2C3_ER_IRQHandler                       0x0800088f   Thumb Code     0  startup_stm32f40_41xxx.o(.text)
    I2C3_EV_IRQHandler                       0x0800088f   Thumb Code     0  startup_stm32f40_41xxx.o(.text)
    OTG_FS_IRQHandler                        0x0800088f   Thumb Code     0  startup_stm32f40_41xxx.o(.text)
    OTG_FS_WKUP_IRQHandler                   0x0800088f   Thumb Code     0  startup_stm32f40_41xxx.o(.text)
    OTG_HS_EP1_IN_IRQHandler                 0x0800088f   Thumb Code     0  startup_stm32f40_41xxx.o(.text)
    OTG_HS_EP1_OUT_IRQHandler                0x0800088f   Thumb Code     0  startup_stm32f40_41xxx.o(.text)
    OTG_HS_IRQHandler                        0x0800088f   Thumb Code     0  startup_stm32f40_41xxx.o(.text)
    OTG_HS_WKUP_IRQHandler                   0x0800088f   Thumb Code     0  startup_stm32f40_41xxx.o(.text)
    PVD_IRQHandler                           0x0800088f   Thumb Code     0  startup_stm32f40_41xxx.o(.text)
    RCC_IRQHandler                           0x0800088f   Thumb Code     0  startup_stm32f40_41xxx.o(.text)
    RTC_Alarm_IRQHandler                     0x0800088f   Thumb Code     0  startup_stm32f40_41xxx.o(.text)
    RTC_WKUP_IRQHandler                      0x0800088f   Thumb Code     0  startup_stm32f40_41xxx.o(.text)
    SDIO_IRQHandler                          0x0800088f   Thumb Code     0  startup_stm32f40_41xxx.o(.text)
    SPI1_IRQHandler                          0x0800088f   Thumb Code     0  startup_stm32f40_41xxx.o(.text)
    SPI2_IRQHandler                          0x0800088f   Thumb Code     0  startup_stm32f40_41xxx.o(.text)
    SPI3_IRQHandler                          0x0800088f   Thumb Code     0  startup_stm32f40_41xxx.o(.text)
    TAMP_STAMP_IRQHandler                    0x0800088f   Thumb Code     0  startup_stm32f40_41xxx.o(.text)
    TIM1_BRK_TIM9_IRQHandler                 0x0800088f   Thumb Code     0  startup_stm32f40_41xxx.o(.text)
    TIM1_CC_IRQHandler                       0x0800088f   Thumb Code     0  startup_stm32f40_41xxx.o(.text)
    TIM1_TRG_COM_TIM11_IRQHandler            0x0800088f   Thumb Code     0  startup_stm32f40_41xxx.o(.text)
    TIM1_UP_TIM10_IRQHandler                 0x0800088f   Thumb Code     0  startup_stm32f40_41xxx.o(.text)
    TIM2_IRQHandler                          0x0800088f   Thumb Code     0  startup_stm32f40_41xxx.o(.text)
    TIM3_IRQHandler                          0x0800088f   Thumb Code     0  startup_stm32f40_41xxx.o(.text)
    TIM4_IRQHandler                          0x0800088f   Thumb Code     0  startup_stm32f40_41xxx.o(.text)
    TIM5_IRQHandler                          0x0800088f   Thumb Code     0  startup_stm32f40_41xxx.o(.text)
    TIM6_DAC_IRQHandler                      0x0800088f   Thumb Code     0  startup_stm32f40_41xxx.o(.text)
    TIM7_IRQHandler                          0x0800088f   Thumb Code     0  startup_stm32f40_41xxx.o(.text)
    TIM8_BRK_TIM12_IRQHandler                0x0800088f   Thumb Code     0  startup_stm32f40_41xxx.o(.text)
    TIM8_CC_IRQHandler                       0x0800088f   Thumb Code     0  startup_stm32f40_41xxx.o(.text)
    TIM8_TRG_COM_TIM14_IRQHandler            0x0800088f   Thumb Code     0  startup_stm32f40_41xxx.o(.text)
    TIM8_UP_TIM13_IRQHandler                 0x0800088f   Thumb Code     0  startup_stm32f40_41xxx.o(.text)
    UART4_IRQHandler                         0x0800088f   Thumb Code     0  startup_stm32f40_41xxx.o(.text)
    UART5_IRQHandler                         0x0800088f   Thumb Code     0  startup_stm32f40_41xxx.o(.text)
    USART2_IRQHandler                        0x0800088f   Thumb Code     0  startup_stm32f40_41xxx.o(.text)
    USART3_IRQHandler                        0x0800088f   Thumb Code     0  startup_stm32f40_41xxx.o(.text)
    USART6_IRQHandler                        0x0800088f   Thumb Code     0  startup_stm32f40_41xxx.o(.text)
    WWDG_IRQHandler                          0x0800088f   Thumb Code     0  startup_stm32f40_41xxx.o(.text)
    __user_initial_stackheap                 0x08000891   Thumb Code     0  startup_stm32f40_41xxx.o(.text)
    NVIC_PriorityGroupConfig                 0x080008b5   Thumb Code    10  misc.o(.text)
    NVIC_Init                                0x080008bf   Thumb Code   106  misc.o(.text)
    NVIC_SetVectorTable                      0x08000929   Thumb Code    14  misc.o(.text)
    NVIC_SystemLPConfig                      0x08000937   Thumb Code    34  misc.o(.text)
    SysTick_CLKSourceConfig                  0x08000959   Thumb Code    40  misc.o(.text)
    GPIO_DeInit                              0x08000995   Thumb Code   268  stm32f4xx_gpio.o(.text)
    GPIO_Init                                0x08000aa1   Thumb Code   144  stm32f4xx_gpio.o(.text)
    GPIO_StructInit                          0x08000b31   Thumb Code    18  stm32f4xx_gpio.o(.text)
    GPIO_PinLockConfig                       0x08000b43   Thumb Code    34  stm32f4xx_gpio.o(.text)
    GPIO_ReadInputDataBit                    0x08000b65   Thumb Code    18  stm32f4xx_gpio.o(.text)
    GPIO_ReadInputData                       0x08000b77   Thumb Code     8  stm32f4xx_gpio.o(.text)
    GPIO_ReadOutputDataBit                   0x08000b7f   Thumb Code    18  stm32f4xx_gpio.o(.text)
    GPIO_ReadOutputData                      0x08000b91   Thumb Code     8  stm32f4xx_gpio.o(.text)
    GPIO_SetBits                             0x08000b99   Thumb Code     4  stm32f4xx_gpio.o(.text)
    GPIO_ResetBits                           0x08000b9d   Thumb Code     4  stm32f4xx_gpio.o(.text)
    GPIO_WriteBit                            0x08000ba1   Thumb Code    10  stm32f4xx_gpio.o(.text)
    GPIO_Write                               0x08000bab   Thumb Code     4  stm32f4xx_gpio.o(.text)
    GPIO_ToggleBits                          0x08000baf   Thumb Code     8  stm32f4xx_gpio.o(.text)
    GPIO_PinAFConfig                         0x08000bb7   Thumb Code    70  stm32f4xx_gpio.o(.text)
    RCC_DeInit                               0x08000c29   Thumb Code    82  stm32f4xx_rcc.o(.text)
    RCC_HSEConfig                            0x08000c7b   Thumb Code    14  stm32f4xx_rcc.o(.text)
    RCC_GetFlagStatus                        0x08000c89   Thumb Code    60  stm32f4xx_rcc.o(.text)
    RCC_WaitForHSEStartUp                    0x08000cc5   Thumb Code    56  stm32f4xx_rcc.o(.text)
    RCC_AdjustHSICalibrationValue            0x08000cfd   Thumb Code    20  stm32f4xx_rcc.o(.text)
    RCC_HSICmd                               0x08000d11   Thumb Code     6  stm32f4xx_rcc.o(.text)
    RCC_LSEConfig                            0x08000d17   Thumb Code    46  stm32f4xx_rcc.o(.text)
    RCC_LSICmd                               0x08000d45   Thumb Code     6  stm32f4xx_rcc.o(.text)
    RCC_PLLConfig                            0x08000d4b   Thumb Code    32  stm32f4xx_rcc.o(.text)
    RCC_PLLCmd                               0x08000d6b   Thumb Code     6  stm32f4xx_rcc.o(.text)
    RCC_PLLI2SConfig                         0x08000d71   Thumb Code    14  stm32f4xx_rcc.o(.text)
    RCC_PLLI2SCmd                            0x08000d7f   Thumb Code     6  stm32f4xx_rcc.o(.text)
    RCC_PLLSAIConfig                         0x08000d85   Thumb Code    20  stm32f4xx_rcc.o(.text)
    RCC_PLLSAICmd                            0x08000d99   Thumb Code     6  stm32f4xx_rcc.o(.text)
    RCC_ClockSecuritySystemCmd               0x08000d9f   Thumb Code     6  stm32f4xx_rcc.o(.text)
    RCC_MCO1Config                           0x08000da5   Thumb Code    28  stm32f4xx_rcc.o(.text)
    RCC_MCO2Config                           0x08000dc1   Thumb Code    28  stm32f4xx_rcc.o(.text)
    RCC_SYSCLKConfig                         0x08000ddd   Thumb Code    20  stm32f4xx_rcc.o(.text)
    RCC_GetSYSCLKSource                      0x08000df1   Thumb Code    12  stm32f4xx_rcc.o(.text)
    RCC_HCLKConfig                           0x08000dfd   Thumb Code    20  stm32f4xx_rcc.o(.text)
    RCC_PCLK1Config                          0x08000e11   Thumb Code    20  stm32f4xx_rcc.o(.text)
    RCC_PCLK2Config                          0x08000e25   Thumb Code    22  stm32f4xx_rcc.o(.text)
    RCC_GetClocksFreq                        0x08000e3b   Thumb Code   222  stm32f4xx_rcc.o(.text)
    RCC_RTCCLKConfig                         0x08000f19   Thumb Code    54  stm32f4xx_rcc.o(.text)
    RCC_RTCCLKCmd                            0x08000f4f   Thumb Code     8  stm32f4xx_rcc.o(.text)
    RCC_BackupResetCmd                       0x08000f57   Thumb Code     8  stm32f4xx_rcc.o(.text)
    RCC_I2SCLKConfig                         0x08000f5f   Thumb Code     6  stm32f4xx_rcc.o(.text)
    RCC_SAIPLLI2SClkDivConfig                0x08000f65   Thumb Code    26  stm32f4xx_rcc.o(.text)
    RCC_SAIPLLSAIClkDivConfig                0x08000f7f   Thumb Code    28  stm32f4xx_rcc.o(.text)
    RCC_SAIBlockACLKConfig                   0x08000f9b   Thumb Code    20  stm32f4xx_rcc.o(.text)
    RCC_SAIBlockBCLKConfig                   0x08000faf   Thumb Code    20  stm32f4xx_rcc.o(.text)
    RCC_LTDCCLKDivConfig                     0x08000fc3   Thumb Code    20  stm32f4xx_rcc.o(.text)
    RCC_TIMCLKPresConfig                     0x08000fd7   Thumb Code     6  stm32f4xx_rcc.o(.text)
    RCC_AHB1PeriphClockCmd                   0x08000fdd   Thumb Code    34  stm32f4xx_rcc.o(.text)
    RCC_AHB2PeriphClockCmd                   0x08000fff   Thumb Code    78  stm32f4xx_rcc.o(.text)
    RCC_AHB3PeriphClockCmd                   0x0800104d   Thumb Code    34  stm32f4xx_rcc.o(.text)
    RCC_APB1PeriphClockCmd                   0x0800106f   Thumb Code    34  stm32f4xx_rcc.o(.text)
    RCC_APB2PeriphClockCmd                   0x08001091   Thumb Code    34  stm32f4xx_rcc.o(.text)
    RCC_AHB1PeriphResetCmd                   0x080010b3   Thumb Code    34  stm32f4xx_rcc.o(.text)
    RCC_AHB2PeriphResetCmd                   0x080010d5   Thumb Code    34  stm32f4xx_rcc.o(.text)
    RCC_AHB3PeriphResetCmd                   0x080010f7   Thumb Code    34  stm32f4xx_rcc.o(.text)
    RCC_APB1PeriphResetCmd                   0x08001119   Thumb Code    34  stm32f4xx_rcc.o(.text)
    RCC_APB2PeriphResetCmd                   0x0800113b   Thumb Code    34  stm32f4xx_rcc.o(.text)
    RCC_AHB1PeriphClockLPModeCmd             0x0800115d   Thumb Code    34  stm32f4xx_rcc.o(.text)
    RCC_AHB2PeriphClockLPModeCmd             0x0800117f   Thumb Code    34  stm32f4xx_rcc.o(.text)
    RCC_AHB3PeriphClockLPModeCmd             0x080011a1   Thumb Code    34  stm32f4xx_rcc.o(.text)
    RCC_APB1PeriphClockLPModeCmd             0x080011c3   Thumb Code    34  stm32f4xx_rcc.o(.text)
    RCC_APB2PeriphClockLPModeCmd             0x080011e5   Thumb Code    34  stm32f4xx_rcc.o(.text)
    RCC_LSEModeConfig                        0x08001207   Thumb Code    40  stm32f4xx_rcc.o(.text)
    RCC_ITConfig                             0x0800122f   Thumb Code    34  stm32f4xx_rcc.o(.text)
    RCC_ClearFlag                            0x08001251   Thumb Code    18  stm32f4xx_rcc.o(.text)
    RCC_GetITStatus                          0x08001263   Thumb Code    22  stm32f4xx_rcc.o(.text)
    RCC_ClearITPendingBit                    0x08001279   Thumb Code     8  stm32f4xx_rcc.o(.text)
    USART_DeInit                             0x08001285   Thumb Code   206  stm32f4xx_usart.o(.text)
    USART_Init                               0x08001353   Thumb Code   204  stm32f4xx_usart.o(.text)
    USART_StructInit                         0x0800141f   Thumb Code    24  stm32f4xx_usart.o(.text)
    USART_ClockInit                          0x08001437   Thumb Code    32  stm32f4xx_usart.o(.text)
    USART_ClockStructInit                    0x08001457   Thumb Code    12  stm32f4xx_usart.o(.text)
    USART_Cmd                                0x08001463   Thumb Code    24  stm32f4xx_usart.o(.text)
    USART_SetPrescaler                       0x0800147b   Thumb Code    16  stm32f4xx_usart.o(.text)
    USART_OverSampling8Cmd                   0x0800148b   Thumb Code    22  stm32f4xx_usart.o(.text)
    USART_OneBitMethodCmd                    0x080014a1   Thumb Code    24  stm32f4xx_usart.o(.text)
    USART_SendData                           0x080014b9   Thumb Code     8  stm32f4xx_usart.o(.text)
    USART_ReceiveData                        0x080014c1   Thumb Code    10  stm32f4xx_usart.o(.text)
    USART_SetAddress                         0x080014cb   Thumb Code    18  stm32f4xx_usart.o(.text)
    USART_ReceiverWakeUpCmd                  0x080014dd   Thumb Code    24  stm32f4xx_usart.o(.text)
    USART_WakeUpConfig                       0x080014f5   Thumb Code    18  stm32f4xx_usart.o(.text)
    USART_LINBreakDetectLengthConfig         0x08001507   Thumb Code    18  stm32f4xx_usart.o(.text)
    USART_LINCmd                             0x08001519   Thumb Code    24  stm32f4xx_usart.o(.text)
    USART_SendBreak                          0x08001531   Thumb Code    10  stm32f4xx_usart.o(.text)
    USART_HalfDuplexCmd                      0x0800153b   Thumb Code    24  stm32f4xx_usart.o(.text)
    USART_SetGuardTime                       0x08001553   Thumb Code    16  stm32f4xx_usart.o(.text)
    USART_SmartCardCmd                       0x08001563   Thumb Code    24  stm32f4xx_usart.o(.text)
    USART_SmartCardNACKCmd                   0x0800157b   Thumb Code    24  stm32f4xx_usart.o(.text)
    USART_IrDAConfig                         0x08001593   Thumb Code    18  stm32f4xx_usart.o(.text)
    USART_IrDACmd                            0x080015a5   Thumb Code    24  stm32f4xx_usart.o(.text)
    USART_DMACmd                             0x080015bd   Thumb Code    18  stm32f4xx_usart.o(.text)
    USART_ITConfig                           0x080015cf   Thumb Code    74  stm32f4xx_usart.o(.text)
    USART_GetFlagStatus                      0x08001619   Thumb Code    26  stm32f4xx_usart.o(.text)
    USART_ClearFlag                          0x08001633   Thumb Code    18  stm32f4xx_usart.o(.text)
    USART_GetITStatus                        0x08001645   Thumb Code   118  stm32f4xx_usart.o(.text)
    USART_ClearITPendingBit                  0x080016bb   Thumb Code    30  stm32f4xx_usart.o(.text)
    delay_osschedlock                        0x080016d9   Thumb Code    10  delay.o(.text)
    delay_osschedunlock                      0x080016e3   Thumb Code    10  delay.o(.text)
    delay_ostimedly                          0x080016ed   Thumb Code    16  delay.o(.text)
    SysTick_Handler                          0x080016fd   Thumb Code    24  delay.o(.text)
    delay_init                               0x08001715   Thumb Code    94  delay.o(.text)
    delay_us                                 0x08001773   Thumb Code    84  delay.o(.text)
    delay_ms                                 0x080017c7   Thumb Code    66  delay.o(.text)
    _sys_exit                                0x08001821   Thumb Code     6  usart.o(.text)
    fputc                                    0x08001827   Thumb Code    22  usart.o(.text)
    uart_init                                0x0800183d   Thumb Code   172  usart.o(.text)
    USART1_IRQHandler                        0x080018e9   Thumb Code   130  usart.o(.text)
    BSP_CPU_ClkFreq                          0x0800197d   Thumb Code    14  bsp.o(.text)
    CPU_TS_TmrInit                           0x0800198b   Thumb Code    44  bsp.o(.text)
    CPU_TS_TmrRd                             0x080019b7   Thumb Code     6  bsp.o(.text)
    CPU_TS32_to_uSec                         0x080019bd   Thumb Code    54  bsp.o(.text)
    CPU_NameClr                              0x08001a01   Thumb Code    42  cpu_core.o(.text)
    CPU_Init                                 0x08001a41   Thumb Code    12  cpu_core.o(.text)
    CPU_SW_Exception                         0x08001a4d   Thumb Code     4  cpu_core.o(.text)
    CPU_NameGet                              0x08001a51   Thumb Code    70  cpu_core.o(.text)
    CPU_NameSet                              0x08001a97   Thumb Code    96  cpu_core.o(.text)
    CPU_TS_Get32                             0x08001af7   Thumb Code    12  cpu_core.o(.text)
    CPU_TS_Update                            0x08001b03   Thumb Code     2  cpu_core.o(.text)
    CPU_TS_TmrFreqGet                        0x08001b05   Thumb Code    30  cpu_core.o(.text)
    CPU_TS_TmrFreqSet                        0x08001b23   Thumb Code     6  cpu_core.o(.text)
    CPU_CntLeadZeros08                       0x08001b29   Thumb Code    18  cpu_core.o(.text)
    CPU_CntLeadZeros16                       0x08001b3b   Thumb Code    18  cpu_core.o(.text)
    CPU_CntLeadZeros32                       0x08001b4d   Thumb Code    18  cpu_core.o(.text)
    CPU_CntLeadZeros64                       0x08001b5f   Thumb Code   188  cpu_core.o(.text)
    CPU_CntTrailZeros08                      0x08001c1b   Thumb Code    22  cpu_core.o(.text)
    CPU_CntTrailZeros16                      0x08001c31   Thumb Code    22  cpu_core.o(.text)
    CPU_CntTrailZeros32                      0x08001c47   Thumb Code    22  cpu_core.o(.text)
    CPU_CntTrailZeros64                      0x08001c5d   Thumb Code    62  cpu_core.o(.text)
    CPU_IntDis                               0x08001ca9   Thumb Code     0  cpu_a.o(.text)
    CPU_IntEn                                0x08001cad   Thumb Code     0  cpu_a.o(.text)
    CPU_SR_Save                              0x08001cb1   Thumb Code     0  cpu_a.o(.text)
    CPU_SR_Restore                           0x08001cb9   Thumb Code     0  cpu_a.o(.text)
    CPU_WaitForInt                           0x08001cbf   Thumb Code     0  cpu_a.o(.text)
    CPU_WaitForExcept                        0x08001cc3   Thumb Code     0  cpu_a.o(.text)
    CPU_CntLeadZeros                         0x08001cc7   Thumb Code     0  cpu_a.o(.text)
    CPU_CntTrailZeros                        0x08001ccd   Thumb Code     0  cpu_a.o(.text)
    CPU_RevBits                              0x08001cd7   Thumb Code     0  cpu_a.o(.text)
    ASCII_IsAlpha                            0x08001cdd   Thumb Code    48  lib_ascii.o(.text)
    ASCII_IsAlphaNum                         0x08001d0d   Thumb Code    76  lib_ascii.o(.text)
    ASCII_IsLower                            0x08001d59   Thumb Code    20  lib_ascii.o(.text)
    ASCII_IsUpper                            0x08001d6d   Thumb Code    20  lib_ascii.o(.text)
    ASCII_IsDig                              0x08001d81   Thumb Code    20  lib_ascii.o(.text)
    ASCII_IsDigOct                           0x08001d95   Thumb Code    20  lib_ascii.o(.text)
    ASCII_IsDigHex                           0x08001da9   Thumb Code    36  lib_ascii.o(.text)
    ASCII_IsBlank                            0x08001dcd   Thumb Code    20  lib_ascii.o(.text)
    ASCII_IsSpace                            0x08001de1   Thumb Code    36  lib_ascii.o(.text)
    ASCII_IsPrint                            0x08001e05   Thumb Code    20  lib_ascii.o(.text)
    ASCII_IsGraph                            0x08001e19   Thumb Code    20  lib_ascii.o(.text)
    ASCII_IsPunct                            0x08001e2d   Thumb Code   134  lib_ascii.o(.text)
    ASCII_IsCtrl                             0x08001eb3   Thumb Code    26  lib_ascii.o(.text)
    ASCII_ToLower                            0x08001ecd   Thumb Code    32  lib_ascii.o(.text)
    ASCII_ToUpper                            0x08001eed   Thumb Code    32  lib_ascii.o(.text)
    ASCII_Cmp                                0x08001f0d   Thumb Code    38  lib_ascii.o(.text)
    Mem_Init                                 0x08001f35   Thumb Code    54  lib_mem.o(.text)
    Mem_Set                                  0x08001f6b   Thumb Code    84  lib_mem.o(.text)
    Mem_Clr                                  0x08001fbf   Thumb Code    18  lib_mem.o(.text)
    Mem_Move                                 0x08001fd1   Thumb Code   186  lib_mem.o(.text)
    Mem_Cmp                                  0x0800208b   Thumb Code   192  lib_mem.o(.text)
    Mem_HeapAlloc                            0x080021c3   Thumb Code   168  lib_mem.o(.text)
    Mem_SegGetSizeRem                        0x0800226b   Thumb Code   108  lib_mem.o(.text)
    Mem_HeapGetSizeRem                       0x080022d7   Thumb Code    22  lib_mem.o(.text)
    Mem_PoolClr                              0x080022ed   Thumb Code    80  lib_mem.o(.text)
    Mem_PoolCreate                           0x0800233d   Thumb Code   838  lib_mem.o(.text)
    Mem_PoolBlkGetNbrAvail                   0x08002683   Thumb Code    52  lib_mem.o(.text)
    Mem_PoolBlkGet                           0x080026b7   Thumb Code   126  lib_mem.o(.text)
    Mem_PoolBlkGetUsedAtIx                   0x08002735   Thumb Code   140  lib_mem.o(.text)
    Mem_PoolBlkFree                          0x080027c1   Thumb Code   152  lib_mem.o(.text)
    Mem_PoolBlkIxGet                         0x08002859   Thumb Code   162  lib_mem.o(.text)
    Str_Len_N                                0x080028fd   Thumb Code    28  lib_str.o(.text)
    Str_Len                                  0x08002919   Thumb Code    20  lib_str.o(.text)
    Str_Copy_N                               0x0800292d   Thumb Code    70  lib_str.o(.text)
    Str_Copy                                 0x08002973   Thumb Code    24  lib_str.o(.text)
    Str_Cat_N                                0x0800298b   Thumb Code    90  lib_str.o(.text)
    Str_Cat                                  0x080029e5   Thumb Code    24  lib_str.o(.text)
    Str_Cmp_N                                0x080029fd   Thumb Code   156  lib_str.o(.text)
    Str_Cmp                                  0x08002a99   Thumb Code    24  lib_str.o(.text)
    Str_CmpIgnoreCase_N                      0x08002ab1   Thumb Code   264  lib_str.o(.text)
    Str_CmpIgnoreCase                        0x08002bb9   Thumb Code    24  lib_str.o(.text)
    Str_Char_N                               0x08002bd1   Thumb Code    74  lib_str.o(.text)
    Str_Char                                 0x08002c1b   Thumb Code    24  lib_str.o(.text)
    Str_Char_Last_N                          0x08002c33   Thumb Code    76  lib_str.o(.text)
    Str_Char_Last                            0x08002c7f   Thumb Code    24  lib_str.o(.text)
    Str_Char_Replace_N                       0x08002c97   Thumb Code    52  lib_str.o(.text)
    Str_Char_Replace                         0x08002ccb   Thumb Code    28  lib_str.o(.text)
    Str_Str_N                                0x08002ce7   Thumb Code   182  lib_str.o(.text)
    Str_Str                                  0x08002d9d   Thumb Code    24  lib_str.o(.text)
    Str_FmtNbr_Int32U                        0x08002f91   Thumb Code    46  lib_str.o(.text)
    Str_FmtNbr_Int32S                        0x08002fbf   Thumb Code    62  lib_str.o(.text)
    Str_ParseNbr_Int32U                      0x080031bb   Thumb Code    30  lib_str.o(.text)
    Str_ParseNbr_Int32S                      0x080031d9   Thumb Code    74  lib_str.o(.text)
    Mem_Copy                                 0x08003229   Thumb Code     0  lib_mem_a.o(.text)
    OSCfg_Init                               0x08003449   Thumb Code    86  os_cfg_app.o(.text)
    OS_IdleTask                              0x08003545   Thumb Code    60  os_core.o(.text)
    OS_IdleTaskInit                          0x08003581   Thumb Code    68  os_core.o(.text)
    OS_RdyListInit                           0x080035c5   Thumb Code    32  os_core.o(.text)
    OSInit                                   0x080035e5   Thumb Code   300  os_core.o(.text)
    OSIntEnter                               0x08003711   Thumb Code    34  os_core.o(.text)
    OSIntExit                                0x08003733   Thumb Code   188  os_core.o(.text)
    OSSched                                  0x080037ef   Thumb Code   130  os_core.o(.text)
    OS_SchedLockTimeMeasStart                0x08003871   Thumb Code    20  os_core.o(.text)
    OSSchedLock                              0x08003885   Thumb Code   104  os_core.o(.text)
    OS_SchedLockTimeMeasStop                 0x080038ed   Thumb Code    44  os_core.o(.text)
    OSSchedUnlock                            0x08003919   Thumb Code   286  os_core.o(.text)
    OSSchedRoundRobinCfg                     0x08003a37   Thumb Code    88  os_core.o(.text)
    OS_RdyListMoveHeadToTail                 0x08003a8f   Thumb Code    68  os_core.o(.text)
    OSSchedRoundRobinYield                   0x08003ad3   Thumb Code   164  os_core.o(.text)
    OSStart                                  0x08003b77   Thumb Code    78  os_core.o(.text)
    OSVersion                                0x08003bc5   Thumb Code    12  os_core.o(.text)
    OS_PendDbgNameAdd                        0x08003bd1   Thumb Code    66  os_core.o(.text)
    OS_PendListInsertPrio                    0x08003c13   Thumb Code   102  os_core.o(.text)
    OS_PendDataInit                          0x08003c79   Thumb Code    38  os_core.o(.text)
    OS_RdyListRemove                         0x08003c9f   Thumb Code    86  os_core.o(.text)
    OS_TaskBlock                             0x08003cf5   Thumb Code    56  os_core.o(.text)
    OS_Pend                                  0x08003d2d   Thumb Code    98  os_core.o(.text)
    OS_PendListRemove1                       0x08003d8f   Thumb Code   136  os_core.o(.text)
    OS_PendListRemove                        0x08003e17   Thumb Code    48  os_core.o(.text)
    OS_PendAbort1                            0x08003e47   Thumb Code    36  os_core.o(.text)
    OS_RdyListInsertHead                     0x08003e6b   Thumb Code    58  os_core.o(.text)
    OS_RdyListInsertTail                     0x08003ea5   Thumb Code    56  os_core.o(.text)
    OS_RdyListInsert                         0x08003edd   Thumb Code    40  os_core.o(.text)
    OS_TaskRdy                               0x08003f05   Thumb Code    28  os_core.o(.text)
    OS_PendAbort                             0x08003f21   Thumb Code   166  os_core.o(.text)
    OS_PendDbgNameRemove                     0x08003fc7   Thumb Code    34  os_core.o(.text)
    OS_PendListChangePrio                    0x08003fe9   Thumb Code    70  os_core.o(.text)
    OS_PendListInit                          0x0800402f   Thumb Code    10  os_core.o(.text)
    OS_PendListInsertHead                    0x08004039   Thumb Code    32  os_core.o(.text)
    OS_PendObjDel1                           0x08004059   Thumb Code    36  os_core.o(.text)
    OS_PendObjDel                            0x0800407d   Thumb Code   162  os_core.o(.text)
    OS_Post1                                 0x0800411f   Thumb Code    42  os_core.o(.text)
    OS_Post                                  0x08004149   Thumb Code   192  os_core.o(.text)
    OS_Sched0                                0x08004209   Thumb Code    68  os_core.o(.text)
    OS_SchedRoundRobin                       0x0800424d   Thumb Code   218  os_core.o(.text)
    OS_Dbg_Init                              0x08004335   Thumb Code   146  os_dbg.o(.text)
    OS_FlagDbgListAdd                        0x080044e5   Thumb Code    38  os_flag.o(.text)
    OSFlagCreate                             0x0800450b   Thumb Code   172  os_flag.o(.text)
    OS_FlagClr                               0x080045b7   Thumb Code    28  os_flag.o(.text)
    OS_FlagDbgListRemove                     0x080045d3   Thumb Code    44  os_flag.o(.text)
    OSFlagDel                                0x080045ff   Thumb Code   594  os_flag.o(.text)
    OS_FlagBlock                             0x08004851   Thumb Code    58  os_flag.o(.text)
    OSFlagPend                               0x0800488b   Thumb Code  1488  os_flag.o(.text)
    OSFlagPendAbort                          0x08004e5b   Thumb Code   292  os_flag.o(.text)
    OSFlagPendGetFlagsRdy                    0x08004f7f   Thumb Code    68  os_flag.o(.text)
    OS_FlagTaskRdy                           0x08004fc3   Thumb Code    86  os_flag.o(.text)
    OS_FlagPost                              0x08005019   Thumb Code   570  os_flag.o(.text)
    OSFlagPost                               0x08005253   Thumb Code   146  os_flag.o(.text)
    OS_FlagInit                              0x080052e5   Thumb Code    14  os_flag.o(.text)
    OS_IntQPost                              0x0800530d   Thumb Code   216  os_int.o(.text)
    OS_IntQRePost                            0x080053e5   Thumb Code   360  os_int.o(.text)
    OS_IntQTask                              0x0800554d   Thumb Code   162  os_int.o(.text)
    OS_IntQTaskInit                          0x080055ef   Thumb Code   208  os_int.o(.text)
    OS_MemDbgListAdd                         0x08005751   Thumb Code    34  os_mem.o(.text)
    OSMemCreate                              0x08005773   Thumb Code   288  os_mem.o(.text)
    OSMemGet                                 0x08005893   Thumb Code   100  os_mem.o(.text)
    OSMemPut                                 0x080058f7   Thumb Code   112  os_mem.o(.text)
    OS_MemInit                               0x08005967   Thumb Code    14  os_mem.o(.text)
    OS_MsgPoolCreate                         0x08005989   Thumb Code    54  os_msg.o(.text)
    OS_MsgPoolInit                           0x080059bf   Thumb Code    70  os_msg.o(.text)
    OS_MsgQFreeAll                           0x08005a05   Thumb Code    62  os_msg.o(.text)
    OS_MsgQInit                              0x08005a43   Thumb Code    14  os_msg.o(.text)
    OS_MsgQGet                               0x08005a51   Thumb Code    98  os_msg.o(.text)
    OS_MsgQPut                               0x08005ab3   Thumb Code   246  os_msg.o(.text)
    OS_MutexDbgListAdd                       0x08005bb5   Thumb Code    38  os_mutex.o(.text)
    OSMutexCreate                            0x08005bdb   Thumb Code   178  os_mutex.o(.text)
    OS_MutexClr                              0x08005c8d   Thumb Code    38  os_mutex.o(.text)
    OS_MutexDbgListRemove                    0x08005cb3   Thumb Code    44  os_mutex.o(.text)
    OSMutexDel                               0x08005cdf   Thumb Code   842  os_mutex.o(.text)
    OSMutexPend                              0x08006029   Thumb Code   706  os_mutex.o(.text)
    OSMutexPendAbort                         0x080062eb   Thumb Code   314  os_mutex.o(.text)
    OSMutexPost                              0x08006425   Thumb Code   564  os_mutex.o(.text)
    OS_MutexInit                             0x08006659   Thumb Code    14  os_mutex.o(.text)
    OS_PrioInit                              0x08006689   Thumb Code    20  os_prio.o(.text)
    OS_PrioGetHighest                        0x0800669d   Thumb Code    36  os_prio.o(.text)
    OS_PrioInsert                            0x080066c1   Thumb Code    32  os_prio.o(.text)
    OS_PrioRemove                            0x080066e1   Thumb Code    32  os_prio.o(.text)
    OS_QDbgListAdd                           0x08006705   Thumb Code    38  os_q.o(.text)
    OSQCreate                                0x0800672b   Thumb Code   186  os_q.o(.text)
    OS_QClr                                  0x080067e5   Thumb Code    40  os_q.o(.text)
    OS_QDbgListRemove                        0x0800680d   Thumb Code    44  os_q.o(.text)
    OSQDel                                   0x08006839   Thumb Code   362  os_q.o(.text)
    OSQFlush                                 0x080069a3   Thumb Code   210  os_q.o(.text)
    OSQPend                                  0x08006a75   Thumb Code   538  os_q.o(.text)
    OSQPendAbort                             0x08006c8f   Thumb Code   292  os_q.o(.text)
    OS_QPost                                 0x08006db3   Thumb Code   324  os_q.o(.text)
    OSQPost                                  0x08006ef7   Thumb Code   198  os_q.o(.text)
    OS_QInit                                 0x08006fbd   Thumb Code    14  os_q.o(.text)
    OS_SemDbgListAdd                         0x08006fdd   Thumb Code    38  os_sem.o(.text)
    OSSemCreate                              0x08007003   Thumb Code   172  os_sem.o(.text)
    OS_SemClr                                0x080070af   Thumb Code    28  os_sem.o(.text)
    OS_SemDbgListRemove                      0x080070cb   Thumb Code    44  os_sem.o(.text)
    OSSemDel                                 0x080070f7   Thumb Code   362  os_sem.o(.text)
    OSSemPend                                0x08007261   Thumb Code   504  os_sem.o(.text)
    OSSemPendAbort                           0x08007459   Thumb Code   292  os_sem.o(.text)
    OS_SemPost                               0x0800757d   Thumb Code   350  os_sem.o(.text)
    OSSemPost                                0x080076db   Thumb Code   144  os_sem.o(.text)
    OSSemSet                                 0x0800776b   Thumb Code   138  os_sem.o(.text)
    OS_SemInit                               0x080077f5   Thumb Code    14  os_sem.o(.text)
    OSStatReset                              0x0800780d   Thumb Code   270  os_stat.o(.text)
    OSStatTaskCPUUsageInit                   0x0800791b   Thumb Code   212  os_stat.o(.text)
    OS_StatTask                              0x080079ef   Thumb Code   888  os_stat.o(.text)
    OS_StatTaskInit                          0x08007d67   Thumb Code   138  os_stat.o(.text)
    OSTaskChangePrio                         0x08007e45   Thumb Code   416  os_task.o(.text)
    OS_TaskDbgListAdd                        0x08007fe5   Thumb Code    42  os_task.o(.text)
    OS_TaskInitTCB                           0x0800800f   Thumb Code   186  os_task.o(.text)
    OSTaskCreate                             0x080080c9   Thumb Code   616  os_task.o(.text)
    OS_TaskDbgListRemove                     0x08008331   Thumb Code    64  os_task.o(.text)
    OSTaskDel                                0x08008371   Thumb Code   424  os_task.o(.text)
    OSTaskQFlush                             0x08008519   Thumb Code   214  os_task.o(.text)
    OSTaskQPend                              0x080085ef   Thumb Code   554  os_task.o(.text)
    OSTaskQPendAbort                         0x08008819   Thumb Code   242  os_task.o(.text)
    OS_TaskQPost                             0x0800890b   Thumb Code   526  os_task.o(.text)
    OSTaskQPost                              0x08008b19   Thumb Code   114  os_task.o(.text)
    OSTaskRegGet                             0x08008b8b   Thumb Code    78  os_task.o(.text)
    OSTaskRegGetID                           0x08008bd9   Thumb Code    84  os_task.o(.text)
    OSTaskRegSet                             0x08008c2d   Thumb Code    78  os_task.o(.text)
    OS_TaskResume                            0x08008c7b   Thumb Code   314  os_task.o(.text)
    OSTaskResume                             0x08008db5   Thumb Code   112  os_task.o(.text)
    OSTaskSemPend                            0x08008e25   Thumb Code   550  os_task.o(.text)
    OSTaskSemPendAbort                       0x0800904b   Thumb Code   270  os_task.o(.text)
    OS_TaskSemPost                           0x08009159   Thumb Code  1224  os_task.o(.text)
    OSTaskSemPost                            0x08009621   Thumb Code    98  os_task.o(.text)
    OSTaskSemSet                             0x08009683   Thumb Code    80  os_task.o(.text)
    OSTaskStkChk                             0x080096d3   Thumb Code   224  os_task.o(.text)
    OS_TaskSuspend                           0x080097b3   Thumb Code   328  os_task.o(.text)
    OSTaskSuspend                            0x080098fb   Thumb Code    78  os_task.o(.text)
    OSTaskTimeQuantaSet                      0x08009949   Thumb Code    96  os_task.o(.text)
    OS_TaskInit                              0x080099a9   Thumb Code    18  os_task.o(.text)
    OS_TaskReturn                            0x080099bb   Thumb Code    20  os_task.o(.text)
    OS_TickListRemove                        0x080099f9   Thumb Code    56  os_tick.o(.text)
    OS_TickListUpdate                        0x08009a31   Thumb Code   480  os_tick.o(.text)
    OS_TickTask                              0x08009c11   Thumb Code    38  os_tick.o(.text)
    OS_TickListInit                          0x08009c37   Thumb Code    32  os_tick.o(.text)
    OS_TickTaskInit                          0x08009c57   Thumb Code   130  os_tick.o(.text)
    OS_TickListInsert                        0x08009cd9   Thumb Code   502  os_tick.o(.text)
    OS_TickListResetPeak                     0x08009ecf   Thumb Code    28  os_tick.o(.text)
    OSTimeDly                                0x08009ef5   Thumb Code   266  os_time.o(.text)
    OSTimeDlyHMSM                            0x08009fff   Thumb Code   480  os_time.o(.text)
    OSTimeDlyResume                          0x0800a1df   Thumb Code   466  os_time.o(.text)
    OSTimeGet                                0x0800a3b1   Thumb Code    46  os_time.o(.text)
    OSTimeSet                                0x0800a3df   Thumb Code    46  os_time.o(.text)
    OSTimeTick                               0x0800a40d   Thumb Code    54  os_time.o(.text)
    OS_TmrDbgListAdd                         0x0800a459   Thumb Code    34  os_tmr.o(.text)
    OSTmrCreate                              0x0800a47b   Thumb Code   248  os_tmr.o(.text)
    OS_TmrClr                                0x0800a573   Thumb Code    36  os_tmr.o(.text)
    OS_TmrUnlink                             0x0800a597   Thumb Code    72  os_tmr.o(.text)
    OS_TmrDbgListRemove                      0x0800a5df   Thumb Code    44  os_tmr.o(.text)
    OSTmrDel                                 0x0800a60b   Thumb Code   176  os_tmr.o(.text)
    OSTmrRemainGet                           0x0800a6bb   Thumb Code   184  os_tmr.o(.text)
    OS_TmrLink                               0x0800a773   Thumb Code   196  os_tmr.o(.text)
    OSTmrStart                               0x0800a837   Thumb Code   210  os_tmr.o(.text)
    OSTmrStateGet                            0x0800a909   Thumb Code   134  os_tmr.o(.text)
    OSTmrStop                                0x0800a98f   Thumb Code   232  os_tmr.o(.text)
    OS_TmrTask                               0x0800aa77   Thumb Code   176  os_tmr.o(.text)
    OS_TmrInit                               0x0800ab27   Thumb Code   208  os_tmr.o(.text)
    OS_TmrResetPeak                          0x0800abf7   Thumb Code    28  os_tmr.o(.text)
    OSIdleTaskHook                           0x0800ac71   Thumb Code    16  os_cpu_c.o(.text)
    OSInitHook                               0x0800ac81   Thumb Code    28  os_cpu_c.o(.text)
    OSStatTaskHook                           0x0800ac9d   Thumb Code    16  os_cpu_c.o(.text)
    OSTaskCreateHook                         0x0800acad   Thumb Code    20  os_cpu_c.o(.text)
    OSTaskDelHook                            0x0800acc1   Thumb Code    20  os_cpu_c.o(.text)
    OSTaskReturnHook                         0x0800acd5   Thumb Code    20  os_cpu_c.o(.text)
    OSTaskStkInit                            0x0800ace9   Thumb Code   600  os_cpu_c.o(.text)
    OSTaskSwHook                             0x0800af41   Thumb Code   120  os_cpu_c.o(.text)
    OSTimeTickHook                           0x0800afb9   Thumb Code    16  os_cpu_c.o(.text)
    OS_CPU_SysTickHandler                    0x0800afc9   Thumb Code    52  os_cpu_c.o(.text)
    OS_CPU_SysTickInit                       0x0800affd   Thumb Code    44  os_cpu_c.o(.text)
    __use_no_semihosting                     0x0800b069   Thumb Code     2  use_no_semi_2.o(.text)
    __aeabi_uldivmod                         0x0800b06b   Thumb Code     0  lludivv7m.o(.text)
    _ll_udiv                                 0x0800b06b   Thumb Code   238  lludivv7m.o(.text)
    __2printf                                0x0800b159   Thumb Code    20  noretval__2printf.o(.text)
    __printf                                 0x0800b171   Thumb Code   270  __printf_wp.o(.text)
    __use_two_region_memory                  0x0800b27f   Thumb Code     2  heapauxi.o(.text)
    __rt_heap_escrow$2region                 0x0800b281   Thumb Code     2  heapauxi.o(.text)
    __rt_heap_expand$2region                 0x0800b283   Thumb Code     2  heapauxi.o(.text)
    __I$use$semihosting                      0x0800b285   Thumb Code     0  use_no_semi.o(.text)
    __use_no_semihosting_swi                 0x0800b285   Thumb Code     2  use_no_semi.o(.text)
    __lib_sel_fp_printf                      0x0800b287   Thumb Code     2  _printf_fp_dec.o(.text)
    _printf_fp_dec_real                      0x0800b435   Thumb Code   620  _printf_fp_dec.o(.text)
    _printf_char_file                        0x0800b6a1   Thumb Code    32  _printf_char_file.o(.text)
    __rt_locale                              0x0800b6c5   Thumb Code     8  rt_locale_intlibspace.o(.text)
    _ll_udiv10                               0x0800b6cd   Thumb Code   138  lludiv10.o(.text)
    _printf_char_common                      0x0800b763   Thumb Code    32  _printf_char_common.o(.text)
    _printf_fp_infnan                        0x0800b789   Thumb Code   112  _printf_fp_infnan.o(.text)
    _btod_etento                             0x0800b809   Thumb Code   216  bigflt0.o(.text)
    ferror                                   0x0800b8e5   Thumb Code     8  ferror.o(.text)
    __user_libspace                          0x0800b8ed   Thumb Code     8  libspace.o(.text)
    __user_perproc_libspace                  0x0800b8ed   Thumb Code     0  libspace.o(.text)
    __user_perthread_libspace                0x0800b8ed   Thumb Code     0  libspace.o(.text)
    __user_setup_stackheap                   0x0800b8f5   Thumb Code    74  sys_stackheap_outer.o(.text)
    exit                                     0x0800b93f   Thumb Code    12  exit.o(.text)
    strcmp                                   0x0800b94d   Thumb Code   128  strcmpv7m.o(.text)
    _btod_d2e                                0x0800b9cd   Thumb Code    62  btod.o(CL$$btod_d2e)
    _d2e_denorm_low                          0x0800ba0b   Thumb Code    70  btod.o(CL$$btod_d2e_denorm_low)
    _d2e_norm_op1                            0x0800ba51   Thumb Code    96  btod.o(CL$$btod_d2e_norm_op1)
    __btod_div_common                        0x0800bab1   Thumb Code   696  btod.o(CL$$btod_div_common)
    _e2e                                     0x0800bde9   Thumb Code   198  btod.o(CL$$btod_e2e)
    _btod_ediv                               0x0800beaf   Thumb Code    40  btod.o(CL$$btod_ediv)
    _btod_emul                               0x0800bed7   Thumb Code    40  btod.o(CL$$btod_emul)
    __btod_mult_common                       0x0800beff   Thumb Code   580  btod.o(CL$$btod_mult_common)
    OSStartHighRdy                           0x0800c145   Thumb Code     0  os_cpu_a.o(CODE)
    OSCtxSw                                  0x0800c167   Thumb Code     0  os_cpu_a.o(CODE)
    OSIntCtxSw                               0x0800c171   Thumb Code     0  os_cpu_a.o(CODE)
    PendSV_Handler                           0x0800c17b   Thumb Code     0  os_cpu_a.o(CODE)
    __ARM_fpclassify                         0x0800c1f1   Thumb Code    48  fpclassify.o(i.__ARM_fpclassify)
    _is_digit                                0x0800c221   Thumb Code    14  __printf_wp.o(i._is_digit)
    _get_lc_numeric                          0x0800c231   Thumb Code    44  lc_numeric_c.o(locale$$code)
    __fpl_dretinf                            0x0800c25d   Thumb Code    12  dretinf.o(x$fpl$dretinf)
    __aeabi_f2d                              0x0800c269   Thumb Code     0  f2d.o(x$fpl$f2d)
    _f2d                                     0x0800c269   Thumb Code    86  f2d.o(x$fpl$f2d)
    __fpl_fnaninf                            0x0800c2bf   Thumb Code   140  fnaninf.o(x$fpl$fnaninf)
    _fp_init                                 0x0800c34b   Thumb Code    10  fpinit.o(x$fpl$fpinit)
    __fplib_config_fpu_vfp                   0x0800c353   Thumb Code     0  fpinit.o(x$fpl$fpinit)
    __fplib_config_pureend_doubles           0x0800c353   Thumb Code     0  fpinit.o(x$fpl$fpinit)
    _printf_fp_dec                           0x0800c355   Thumb Code     4  printf1.o(x$fpl$printf1)
    __I$use$fp                               0x0800c358   Number         0  usenofp.o(x$fpl$usenofp)
    CPU_EndiannessTest                       0x0800c458   Data           4  cpu_core.o(.constdata)
    OSCfg_IdleTaskStkBasePtr                 0x0800c4f0   Data           4  os_cfg_app.o(.constdata)
    OSCfg_IdleTaskStkLimit                   0x0800c4f4   Data           4  os_cfg_app.o(.constdata)
    OSCfg_IdleTaskStkSize                    0x0800c4f8   Data           4  os_cfg_app.o(.constdata)
    OSCfg_IdleTaskStkSizeRAM                 0x0800c4fc   Data           4  os_cfg_app.o(.constdata)
    OSCfg_IntQBasePtr                        0x0800c500   Data           4  os_cfg_app.o(.constdata)
    OSCfg_IntQSize                           0x0800c504   Data           2  os_cfg_app.o(.constdata)
    OSCfg_IntQSizeRAM                        0x0800c508   Data           4  os_cfg_app.o(.constdata)
    OSCfg_IntQTaskStkBasePtr                 0x0800c50c   Data           4  os_cfg_app.o(.constdata)
    OSCfg_IntQTaskStkLimit                   0x0800c510   Data           4  os_cfg_app.o(.constdata)
    OSCfg_IntQTaskStkSize                    0x0800c514   Data           4  os_cfg_app.o(.constdata)
    OSCfg_IntQTaskStkSizeRAM                 0x0800c518   Data           4  os_cfg_app.o(.constdata)
    OSCfg_ISRStkBasePtr                      0x0800c51c   Data           4  os_cfg_app.o(.constdata)
    OSCfg_ISRStkSize                         0x0800c520   Data           4  os_cfg_app.o(.constdata)
    OSCfg_ISRStkSizeRAM                      0x0800c524   Data           4  os_cfg_app.o(.constdata)
    OSCfg_MsgPoolSize                        0x0800c528   Data           2  os_cfg_app.o(.constdata)
    OSCfg_MsgPoolSizeRAM                     0x0800c52c   Data           4  os_cfg_app.o(.constdata)
    OSCfg_MsgPoolBasePtr                     0x0800c530   Data           4  os_cfg_app.o(.constdata)
    OSCfg_StatTaskPrio                       0x0800c534   Data           1  os_cfg_app.o(.constdata)
    OSCfg_StatTaskRate_Hz                    0x0800c538   Data           4  os_cfg_app.o(.constdata)
    OSCfg_StatTaskStkBasePtr                 0x0800c53c   Data           4  os_cfg_app.o(.constdata)
    OSCfg_StatTaskStkLimit                   0x0800c540   Data           4  os_cfg_app.o(.constdata)
    OSCfg_StatTaskStkSize                    0x0800c544   Data           4  os_cfg_app.o(.constdata)
    OSCfg_StatTaskStkSizeRAM                 0x0800c548   Data           4  os_cfg_app.o(.constdata)
    OSCfg_StkSizeMin                         0x0800c54c   Data           4  os_cfg_app.o(.constdata)
    OSCfg_TickRate_Hz                        0x0800c550   Data           4  os_cfg_app.o(.constdata)
    OSCfg_TickTaskPrio                       0x0800c554   Data           1  os_cfg_app.o(.constdata)
    OSCfg_TickTaskStkBasePtr                 0x0800c558   Data           4  os_cfg_app.o(.constdata)
    OSCfg_TickTaskStkLimit                   0x0800c55c   Data           4  os_cfg_app.o(.constdata)
    OSCfg_TickTaskStkSize                    0x0800c560   Data           4  os_cfg_app.o(.constdata)
    OSCfg_TickTaskStkSizeRAM                 0x0800c564   Data           4  os_cfg_app.o(.constdata)
    OSCfg_TickWheelSize                      0x0800c568   Data           2  os_cfg_app.o(.constdata)
    OSCfg_TickWheelSizeRAM                   0x0800c56c   Data           4  os_cfg_app.o(.constdata)
    OSCfg_TmrTaskPrio                        0x0800c570   Data           1  os_cfg_app.o(.constdata)
    OSCfg_TmrTaskRate_Hz                     0x0800c574   Data           4  os_cfg_app.o(.constdata)
    OSCfg_TmrTaskStkBasePtr                  0x0800c578   Data           4  os_cfg_app.o(.constdata)
    OSCfg_TmrTaskStkLimit                    0x0800c57c   Data           4  os_cfg_app.o(.constdata)
    OSCfg_TmrTaskStkSize                     0x0800c580   Data           4  os_cfg_app.o(.constdata)
    OSCfg_TmrTaskStkSizeRAM                  0x0800c584   Data           4  os_cfg_app.o(.constdata)
    OSCfg_TmrWheelSize                       0x0800c588   Data           2  os_cfg_app.o(.constdata)
    OSCfg_TmrWheelSizeRAM                    0x0800c58c   Data           4  os_cfg_app.o(.constdata)
    OSCfg_DataSizeRAM                        0x0800c590   Data           4  os_cfg_app.o(.constdata)
    OSDbg_DbgEn                              0x0800c594   Data           2  os_dbg.o(.constdata)
    OSDbg_ArgChkEn                           0x0800c596   Data           1  os_dbg.o(.constdata)
    OSDbg_AppHooksEn                         0x0800c597   Data           1  os_dbg.o(.constdata)
    OSDbg_EndiannessTest                     0x0800c598   Data           4  os_dbg.o(.constdata)
    OSDbg_CalledFromISRChkEn                 0x0800c59c   Data           1  os_dbg.o(.constdata)
    OSDbg_FlagEn                             0x0800c59d   Data           1  os_dbg.o(.constdata)
    OSDbg_FlagGrp                            0x0800c5a0   Data          40  os_dbg.o(.constdata)
    OSDbg_FlagDelEn                          0x0800c5c8   Data           1  os_dbg.o(.constdata)
    OSDbg_FlagModeClrEn                      0x0800c5c9   Data           1  os_dbg.o(.constdata)
    OSDbg_FlagPendAbortEn                    0x0800c5ca   Data           1  os_dbg.o(.constdata)
    OSDbg_FlagGrpSize                        0x0800c5cc   Data           2  os_dbg.o(.constdata)
    OSDbg_FlagWidth                          0x0800c5ce   Data           2  os_dbg.o(.constdata)
    OSDbg_IntQ                               0x0800c5d0   Data           2  os_dbg.o(.constdata)
    OSDbg_ISRPostDeferredEn                  0x0800c5d2   Data           1  os_dbg.o(.constdata)
    OSDbg_Mem                                0x0800c5d4   Data          32  os_dbg.o(.constdata)
    OSDbg_MemEn                              0x0800c5f4   Data           1  os_dbg.o(.constdata)
    OSDbg_MemSize                            0x0800c5f6   Data           2  os_dbg.o(.constdata)
    OSDbg_MsgEn                              0x0800c5f8   Data           1  os_dbg.o(.constdata)
    OSDbg_MsgSize                            0x0800c5fa   Data           2  os_dbg.o(.constdata)
    OSDbg_MsgPoolSize                        0x0800c5fc   Data           2  os_dbg.o(.constdata)
    OSDbg_MsgQSize                           0x0800c5fe   Data           2  os_dbg.o(.constdata)
    OSDbg_Mutex                              0x0800c600   Data          44  os_dbg.o(.constdata)
    OSDbg_MutexEn                            0x0800c62c   Data           1  os_dbg.o(.constdata)
    OSDbg_MutexDelEn                         0x0800c62d   Data           1  os_dbg.o(.constdata)
    OSDbg_MutexPendAbortEn                   0x0800c62e   Data           1  os_dbg.o(.constdata)
    OSDbg_MutexSize                          0x0800c630   Data           2  os_dbg.o(.constdata)
    OSDbg_ObjTypeChkEn                       0x0800c632   Data           1  os_dbg.o(.constdata)
    OSDbg_PendMultiEn                        0x0800c633   Data           1  os_dbg.o(.constdata)
    OSDbg_PendDataSize                       0x0800c634   Data           2  os_dbg.o(.constdata)
    OSDbg_PendListSize                       0x0800c636   Data           2  os_dbg.o(.constdata)
    OSDbg_PendObjSize                        0x0800c638   Data           2  os_dbg.o(.constdata)
    OSDbg_PrioMax                            0x0800c63a   Data           2  os_dbg.o(.constdata)
    OSDbg_PrioTblSize                        0x0800c63c   Data           2  os_dbg.o(.constdata)
    OSDbg_PtrSize                            0x0800c63e   Data           2  os_dbg.o(.constdata)
    OSDbg_Q                                  0x0800c640   Data          48  os_dbg.o(.constdata)
    OSDbg_QEn                                0x0800c670   Data           1  os_dbg.o(.constdata)
    OSDbg_QDelEn                             0x0800c671   Data           1  os_dbg.o(.constdata)
    OSDbg_QFlushEn                           0x0800c672   Data           1  os_dbg.o(.constdata)
    OSDbg_QPendAbortEn                       0x0800c673   Data           1  os_dbg.o(.constdata)
    OSDbg_QSize                              0x0800c674   Data           2  os_dbg.o(.constdata)
    OSDbg_SchedRoundRobinEn                  0x0800c676   Data           1  os_dbg.o(.constdata)
    OSDbg_Sem                                0x0800c678   Data          40  os_dbg.o(.constdata)
    OSDbg_SemEn                              0x0800c6a0   Data           1  os_dbg.o(.constdata)
    OSDbg_SemDelEn                           0x0800c6a1   Data           1  os_dbg.o(.constdata)
    OSDbg_SemPendAbortEn                     0x0800c6a2   Data           1  os_dbg.o(.constdata)
    OSDbg_SemSetEn                           0x0800c6a3   Data           1  os_dbg.o(.constdata)
    OSDbg_SemSize                            0x0800c6a4   Data           2  os_dbg.o(.constdata)
    OSDbg_RdyList                            0x0800c6a6   Data           2  os_dbg.o(.constdata)
    OSDbg_RdyListSize                        0x0800c6a8   Data           4  os_dbg.o(.constdata)
    OSDbg_StkWidth                           0x0800c6ac   Data           1  os_dbg.o(.constdata)
    OSDbg_StatTaskEn                         0x0800c6ad   Data           1  os_dbg.o(.constdata)
    OSDbg_StatTaskStkChkEn                   0x0800c6ae   Data           1  os_dbg.o(.constdata)
    OSDbg_TaskChangePrioEn                   0x0800c6af   Data           1  os_dbg.o(.constdata)
    OSDbg_TaskDelEn                          0x0800c6b0   Data           1  os_dbg.o(.constdata)
    OSDbg_TaskQEn                            0x0800c6b1   Data           1  os_dbg.o(.constdata)
    OSDbg_TaskQPendAbortEn                   0x0800c6b2   Data           1  os_dbg.o(.constdata)
    OSDbg_TaskProfileEn                      0x0800c6b3   Data           1  os_dbg.o(.constdata)
    OSDbg_TaskRegTblSize                     0x0800c6b4   Data           2  os_dbg.o(.constdata)
    OSDbg_TaskSemPendAbortEn                 0x0800c6b6   Data           1  os_dbg.o(.constdata)
    OSDbg_TaskSuspendEn                      0x0800c6b7   Data           1  os_dbg.o(.constdata)
    OSDbg_TCBSize                            0x0800c6b8   Data           2  os_dbg.o(.constdata)
    OSDbg_TickSpokeSize                      0x0800c6ba   Data           2  os_dbg.o(.constdata)
    OSDbg_TimeDlyHMSMEn                      0x0800c6bc   Data           1  os_dbg.o(.constdata)
    OSDbg_TimeDlyResumeEn                    0x0800c6bd   Data           1  os_dbg.o(.constdata)
    OSDbg_TLS_TblSize                        0x0800c6be   Data           2  os_dbg.o(.constdata)
    OSDbg_Tmr                                0x0800c6c0   Data          52  os_dbg.o(.constdata)
    OSDbg_TmrEn                              0x0800c6f4   Data           1  os_dbg.o(.constdata)
    OSDbg_TmrDelEn                           0x0800c6f5   Data           1  os_dbg.o(.constdata)
    OSDbg_TmrSize                            0x0800c6f6   Data           2  os_dbg.o(.constdata)
    OSDbg_TmrSpokeSize                       0x0800c6f8   Data           2  os_dbg.o(.constdata)
    OSDbg_VersionNbr                         0x0800c6fa   Data           2  os_dbg.o(.constdata)
    OSDbg_DataSize                           0x0800c6fc   Data           4  os_dbg.o(.constdata)
    Region$$Table$$Base                      0x0800c794   Number         0  anon$$obj.o(Region$$Table)
    Region$$Table$$Limit                     0x0800c7b4   Number         0  anon$$obj.o(Region$$Table)
    SystemCoreClock                          0x20000004   Data           4  system_stm32f4xx.o(.data)
    AHBPrescTable                            0x20000008   Data          16  system_stm32f4xx.o(.data)
    __stdout                                 0x2000002c   Data           4  usart.o(.data)
    USART_RX_STA                             0x20000030   Data           2  usart.o(.data)
    CPU_TS_TmrFreq_Hz                        0x20000034   Data           4  cpu_core.o(.data)
    Mem_PoolTbl                              0x20000038   Data           4  lib_mem.o(.data)
    OSPrioTbl                                0x2000003c   Data           8  os_prio.o(.data)
    OS_AppTaskCreateHookPtr                  0x20000044   Data           4  os_var.o(.data)
    OS_AppTaskDelHookPtr                     0x20000048   Data           4  os_var.o(.data)
    OS_AppTaskReturnHookPtr                  0x2000004c   Data           4  os_var.o(.data)
    OS_AppIdleTaskHookPtr                    0x20000050   Data           4  os_var.o(.data)
    OS_AppStatTaskHookPtr                    0x20000054   Data           4  os_var.o(.data)
    OS_AppTaskSwHookPtr                      0x20000058   Data           4  os_var.o(.data)
    OS_AppTimeTickHookPtr                    0x2000005c   Data           4  os_var.o(.data)
    OSIdleTaskCtr                            0x20000060   Data           4  os_var.o(.data)
    OSIntNestingCtr                          0x20000064   Data           1  os_var.o(.data)
    OSRunning                                0x20000065   Data           1  os_var.o(.data)
    OSIntQInPtr                              0x20000068   Data           4  os_var.o(.data)
    OSIntQOutPtr                             0x2000006c   Data           4  os_var.o(.data)
    OSIntQNbrEntries                         0x20000070   Data           2  os_var.o(.data)
    OSIntQNbrEntriesMax                      0x20000072   Data           2  os_var.o(.data)
    OSIntQOvfCtr                             0x20000074   Data           2  os_var.o(.data)
    OSIntQTaskTimeMax                        0x20000078   Data           4  os_var.o(.data)
    OSFlagDbgListPtr                         0x2000007c   Data           4  os_var.o(.data)
    OSFlagQty                                0x20000080   Data           2  os_var.o(.data)
    OSMemDbgListPtr                          0x20000084   Data           4  os_var.o(.data)
    OSMemQty                                 0x20000088   Data           2  os_var.o(.data)
    OSMutexDbgListPtr                        0x2000008c   Data           4  os_var.o(.data)
    OSMutexQty                               0x20000090   Data           2  os_var.o(.data)
    OSPrioCur                                0x20000092   Data           1  os_var.o(.data)
    OSPrioHighRdy                            0x20000093   Data           1  os_var.o(.data)
    OSPrioSaved                              0x20000094   Data           1  os_var.o(.data)
    OSQDbgListPtr                            0x20000098   Data           4  os_var.o(.data)
    OSQQty                                   0x2000009c   Data           2  os_var.o(.data)
    OSSchedLockTimeBegin                     0x200000a0   Data           4  os_var.o(.data)
    OSSchedLockTimeMax                       0x200000a4   Data           4  os_var.o(.data)
    OSSchedLockTimeMaxCur                    0x200000a8   Data           4  os_var.o(.data)
    OSSchedLockNestingCtr                    0x200000ac   Data           1  os_var.o(.data)
    OSSchedRoundRobinDfltTimeQuanta          0x200000b0   Data           4  os_var.o(.data)
    OSSchedRoundRobinEn                      0x200000b4   Data           1  os_var.o(.data)
    OSSemDbgListPtr                          0x200000b8   Data           4  os_var.o(.data)
    OSSemQty                                 0x200000bc   Data           2  os_var.o(.data)
    OSStatResetFlag                          0x200000be   Data           1  os_var.o(.data)
    OSStatTaskCPUUsage                       0x200000c0   Data           2  os_var.o(.data)
    OSStatTaskCPUUsageMax                    0x200000c2   Data           2  os_var.o(.data)
    OSStatTaskCtr                            0x200000c4   Data           4  os_var.o(.data)
    OSStatTaskCtrMax                         0x200000c8   Data           4  os_var.o(.data)
    OSStatTaskCtrRun                         0x200000cc   Data           4  os_var.o(.data)
    OSStatTaskRdy                            0x200000d0   Data           1  os_var.o(.data)
    OSStatTaskTimeMax                        0x200000d4   Data           4  os_var.o(.data)
    OSTaskCtxSwCtr                           0x200000d8   Data           4  os_var.o(.data)
    OSTaskDbgListPtr                         0x200000dc   Data           4  os_var.o(.data)
    OSTaskQty                                0x200000e0   Data           2  os_var.o(.data)
    OSTaskRegNextAvailID                     0x200000e2   Data           1  os_var.o(.data)
    OSTickCtr                                0x200000e4   Data           4  os_var.o(.data)
    OSTickTaskTimeMax                        0x200000e8   Data           4  os_var.o(.data)
    OSTmrDbgListPtr                          0x200000ec   Data           4  os_var.o(.data)
    OSTmrQty                                 0x200000f0   Data           2  os_var.o(.data)
    OSTmrTaskTimeMax                         0x200000f4   Data           4  os_var.o(.data)
    OSTmrTickCtr                             0x200000f8   Data           4  os_var.o(.data)
    OSTmrUpdateCnt                           0x200000fc   Data           4  os_var.o(.data)
    OSTmrUpdateCtr                           0x20000100   Data           4  os_var.o(.data)
    OSTCBCurPtr                              0x20000104   Data           4  os_var.o(.data)
    OSTCBHighRdyPtr                          0x20000108   Data           4  os_var.o(.data)
    OS_CPU_ExceptStkBase                     0x2000010c   Data           4  os_cpu_c.o(.data)
    StartTaskTCB                             0x20000110   Data         196  main.o(.bss)
    START_TASK_STK                           0x200001d4   Data        2048  main.o(.bss)
    Led0TaskTCB                              0x200009d4   Data         196  main.o(.bss)
    LED0_TASK_STK                            0x20000a98   Data         512  main.o(.bss)
    Led1TaskTCB                              0x20000c98   Data         196  main.o(.bss)
    LED1_TASK_STK                            0x20000d5c   Data         512  main.o(.bss)
    FloatTaskTCB                             0x20000f5c   Data         196  main.o(.bss)
    FLOAT_TASK_STK                           0x20001020   Data         512  main.o(.bss)
    USART_RX_BUF                             0x20001220   Data         200  usart.o(.bss)
    CPU_Name                                 0x200012e8   Data          16  cpu_core.o(.bss)
    Mem_PoolHeap                             0x200012f8   Data          72  lib_mem.o(.bss)
    Mem_Heap                                 0x20001340   Data        1024  lib_mem.o(.bss)
    OSCfg_IdleTaskStk                        0x20001740   Data         512  os_cfg_app.o(.bss)
    OSCfg_IntQ                               0x20001940   Data         320  os_cfg_app.o(.bss)
    OSCfg_IntQTaskStk                        0x20001a80   Data         512  os_cfg_app.o(.bss)
    OSCfg_ISRStk                             0x20001c80   Data         512  os_cfg_app.o(.bss)
    OSCfg_MsgPool                            0x20001e80   Data        1600  os_cfg_app.o(.bss)
    OSCfg_StatTaskStk                        0x200024c0   Data         512  os_cfg_app.o(.bss)
    OSCfg_TickTaskStk                        0x200026c0   Data         512  os_cfg_app.o(.bss)
    OSCfg_TickWheel                          0x200028c0   Data         136  os_cfg_app.o(.bss)
    OSCfg_TmrTaskStk                         0x20002948   Data         512  os_cfg_app.o(.bss)
    OSCfg_TmrWheel                           0x20002b48   Data         136  os_cfg_app.o(.bss)
    OSIdleTaskTCB                            0x20002bd0   Data         196  os_var.o(.bss)
    OSIntQTaskTCB                            0x20002c94   Data         196  os_var.o(.bss)
    OSMsgPool                                0x20002d58   Data          12  os_var.o(.bss)
    OSRdyList                                0x20002d64   Data         768  os_var.o(.bss)
    OSStatTaskTCB                            0x20003064   Data         196  os_var.o(.bss)
    OSTickTaskTCB                            0x20003128   Data         196  os_var.o(.bss)
    OSTmrTaskTCB                             0x200031ec   Data         196  os_var.o(.bss)
    __libspace_start                         0x200032b0   Data          96  libspace.o(.bss)
    __temporary_stack_top$libspace           0x20003310   Data           0  libspace.o(.bss)



==============================================================================

Memory Map of the image

  Image Entry point : 0x08000189

  Load Region LR_IROM1 (Base: 0x08000000, Size: 0x0000c8e0, Max: 0x00100000, ABSOLUTE)

    Execution Region ER_IROM1 (Base: 0x08000000, Size: 0x0000c7d0, Max: 0x00100000, ABSOLUTE)

    Base Addr    Size         Type   Attr      Idx    E Section Name        Object

    0x08000000   0x00000188   Data   RO          320    RESET               startup_stm32f40_41xxx.o
    0x08000188   0x00000008   Code   RO          944  * !!!main             c_w.l(__main.o)
    0x08000190   0x00000034   Code   RO         1173    !!!scatter          c_w.l(__scatter.o)
    0x080001c4   0x0000001a   Code   RO         1175    !!handler_copy      c_w.l(__scatter_copy.o)
    0x080001de   0x00000002   PAD
    0x080001e0   0x0000001c   Code   RO         1177    !!handler_zi        c_w.l(__scatter_zi.o)
    0x080001fc   0x00000000   Code   RO          941    .ARM.Collect$$_printf_percent$$00000000  c_w.l(_printf_percent.o)
    0x080001fc   0x00000006   Code   RO          940    .ARM.Collect$$_printf_percent$$00000003  c_w.l(_printf_f.o)
    0x08000202   0x00000004   Code   RO          961    .ARM.Collect$$_printf_percent$$00000017  c_w.l(_printf_percent_end.o)
    0x08000206   0x00000002   Code   RO         1051    .ARM.Collect$$libinit$$00000000  c_w.l(libinit.o)
    0x08000208   0x00000004   Code   RO         1052    .ARM.Collect$$libinit$$00000001  c_w.l(libinit2.o)
    0x0800020c   0x00000000   Code   RO         1055    .ARM.Collect$$libinit$$00000004  c_w.l(libinit2.o)
    0x0800020c   0x00000000   Code   RO         1058    .ARM.Collect$$libinit$$0000000A  c_w.l(libinit2.o)
    0x0800020c   0x00000000   Code   RO         1060    .ARM.Collect$$libinit$$0000000C  c_w.l(libinit2.o)
    0x0800020c   0x00000000   Code   RO         1062    .ARM.Collect$$libinit$$0000000E  c_w.l(libinit2.o)
    0x0800020c   0x00000006   Code   RO         1063    .ARM.Collect$$libinit$$0000000F  c_w.l(libinit2.o)
    0x08000212   0x00000000   Code   RO         1065    .ARM.Collect$$libinit$$00000011  c_w.l(libinit2.o)
    0x08000212   0x00000000   Code   RO         1067    .ARM.Collect$$libinit$$00000013  c_w.l(libinit2.o)
    0x08000212   0x00000000   Code   RO         1069    .ARM.Collect$$libinit$$00000015  c_w.l(libinit2.o)
    0x08000212   0x0000000a   Code   RO         1070    .ARM.Collect$$libinit$$00000016  c_w.l(libinit2.o)
    0x0800021c   0x00000000   Code   RO         1071    .ARM.Collect$$libinit$$00000017  c_w.l(libinit2.o)
    0x0800021c   0x00000000   Code   RO         1073    .ARM.Collect$$libinit$$00000019  c_w.l(libinit2.o)
    0x0800021c   0x00000000   Code   RO         1075    .ARM.Collect$$libinit$$0000001B  c_w.l(libinit2.o)
    0x0800021c   0x00000000   Code   RO         1077    .ARM.Collect$$libinit$$0000001D  c_w.l(libinit2.o)
    0x0800021c   0x00000000   Code   RO         1079    .ARM.Collect$$libinit$$0000001F  c_w.l(libinit2.o)
    0x0800021c   0x00000000   Code   RO         1081    .ARM.Collect$$libinit$$00000021  c_w.l(libinit2.o)
    0x0800021c   0x00000000   Code   RO         1083    .ARM.Collect$$libinit$$00000023  c_w.l(libinit2.o)
    0x0800021c   0x00000000   Code   RO         1085    .ARM.Collect$$libinit$$00000025  c_w.l(libinit2.o)
    0x0800021c   0x00000000   Code   RO         1089    .ARM.Collect$$libinit$$0000002C  c_w.l(libinit2.o)
    0x0800021c   0x00000000   Code   RO         1091    .ARM.Collect$$libinit$$0000002E  c_w.l(libinit2.o)
    0x0800021c   0x00000000   Code   RO         1093    .ARM.Collect$$libinit$$00000030  c_w.l(libinit2.o)
    0x0800021c   0x00000000   Code   RO         1095    .ARM.Collect$$libinit$$00000032  c_w.l(libinit2.o)
    0x0800021c   0x00000002   Code   RO         1096    .ARM.Collect$$libinit$$00000033  c_w.l(libinit2.o)
    0x0800021e   0x00000002   Code   RO         1138    .ARM.Collect$$libshutdown$$00000000  c_w.l(libshutdown.o)
    0x08000220   0x00000000   Code   RO         1158    .ARM.Collect$$libshutdown$$00000003  c_w.l(libshutdown2.o)
    0x08000220   0x00000000   Code   RO         1161    .ARM.Collect$$libshutdown$$00000006  c_w.l(libshutdown2.o)
    0x08000220   0x00000000   Code   RO         1164    .ARM.Collect$$libshutdown$$00000009  c_w.l(libshutdown2.o)
    0x08000220   0x00000000   Code   RO         1166    .ARM.Collect$$libshutdown$$0000000B  c_w.l(libshutdown2.o)
    0x08000220   0x00000000   Code   RO         1169    .ARM.Collect$$libshutdown$$0000000E  c_w.l(libshutdown2.o)
    0x08000220   0x00000002   Code   RO         1170    .ARM.Collect$$libshutdown$$0000000F  c_w.l(libshutdown2.o)
    0x08000222   0x00000000   Code   RO          952    .ARM.Collect$$rtentry$$00000000  c_w.l(__rtentry.o)
    0x08000222   0x00000000   Code   RO          968    .ARM.Collect$$rtentry$$00000002  c_w.l(__rtentry2.o)
    0x08000222   0x00000006   Code   RO          980    .ARM.Collect$$rtentry$$00000004  c_w.l(__rtentry4.o)
    0x08000228   0x00000000   Code   RO          970    .ARM.Collect$$rtentry$$00000009  c_w.l(__rtentry2.o)
    0x08000228   0x00000004   Code   RO          971    .ARM.Collect$$rtentry$$0000000A  c_w.l(__rtentry2.o)
    0x0800022c   0x00000000   Code   RO          973    .ARM.Collect$$rtentry$$0000000C  c_w.l(__rtentry2.o)
    0x0800022c   0x00000008   Code   RO          974    .ARM.Collect$$rtentry$$0000000D  c_w.l(__rtentry2.o)
    0x08000234   0x00000002   Code   RO         1097    .ARM.Collect$$rtexit$$00000000  c_w.l(rtexit.o)
    0x08000236   0x00000000   Code   RO         1110    .ARM.Collect$$rtexit$$00000002  c_w.l(rtexit2.o)
    0x08000236   0x00000004   Code   RO         1111    .ARM.Collect$$rtexit$$00000003  c_w.l(rtexit2.o)
    0x0800023a   0x00000006   Code   RO         1112    .ARM.Collect$$rtexit$$00000004  c_w.l(rtexit2.o)
    0x08000240   0x000003cc   Code   RO            3    .text               main.o
    0x0800060c   0x00000016   Code   RO          225    .text               stm32f4xx_it.o
    0x08000622   0x00000002   PAD
    0x08000624   0x00000210   Code   RO          274    .text               system_stm32f4xx.o
    0x08000834   0x00000040   Code   RO          300    .text               led.o
    0x08000874   0x00000040   Code   RO          321    .text               startup_stm32f40_41xxx.o
    0x080008b4   0x000000e0   Code   RO          327    .text               misc.o
    0x08000994   0x00000294   Code   RO          347    .text               stm32f4xx_gpio.o
    0x08000c28   0x0000065c   Code   RO          367    .text               stm32f4xx_rcc.o
    0x08001284   0x00000454   Code   RO          409    .text               stm32f4xx_usart.o
    0x080016d8   0x00000148   Code   RO          429    .text               delay.o
    0x08001820   0x0000015c   Code   RO          469    .text               usart.o
    0x0800197c   0x00000084   Code   RO          500    .text               bsp.o
    0x08001a00   0x000002a8   Code   RO          533    .text               cpu_core.o
    0x08001ca8   0x00000034   Code   RO          559    .text               cpu_a.o
    0x08001cdc   0x00000256   Code   RO          562    .text               lib_ascii.o
    0x08001f32   0x00000002   PAD
    0x08001f34   0x000009c6   Code   RO          595    .text               lib_mem.o
    0x080028fa   0x00000002   PAD
    0x080028fc   0x0000092c   Code   RO          614    .text               lib_str.o
    0x08003228   0x00000220   Code   RO          631    .text               lib_mem_a.o
    0x08003448   0x000000fc   Code   RO          634    .text               os_cfg_app.o
    0x08003544   0x00000df0   Code   RO          657    .text               os_core.o
    0x08004334   0x000001b0   Code   RO          669    .text               os_dbg.o
    0x080044e4   0x00000e28   Code   RO          684    .text               os_flag.o
    0x0800530c   0x00000444   Code   RO          696    .text               os_int.o
    0x08005750   0x00000238   Code   RO          708    .text               os_mem.o
    0x08005988   0x0000022c   Code   RO          720    .text               os_msg.o
    0x08005bb4   0x00000ad4   Code   RO          732    .text               os_mutex.o
    0x08006688   0x0000007c   Code   RO          750    .text               os_prio.o
    0x08006704   0x000008d8   Code   RO          769    .text               os_q.o
    0x08006fdc   0x00000830   Code   RO          781    .text               os_sem.o
    0x0800780c   0x00000638   Code   RO          793    .text               os_stat.o
    0x08007e44   0x00001bb4   Code   RO          805    .text               os_task.o
    0x080099f8   0x000004fc   Code   RO          817    .text               os_tick.o
    0x08009ef4   0x00000564   Code   RO          829    .text               os_time.o
    0x0800a458   0x00000818   Code   RO          841    .text               os_tmr.o
    0x0800ac70   0x000003f8   Code   RO          869    .text               os_cpu_c.o
    0x0800b068   0x00000002   Code   RO          910    .text               c_w.l(use_no_semi_2.o)
    0x0800b06a   0x000000ee   Code   RO          912    .text               c_w.l(lludivv7m.o)
    0x0800b158   0x00000018   Code   RO          916    .text               c_w.l(noretval__2printf.o)
    0x0800b170   0x0000010e   Code   RO          928    .text               c_w.l(__printf_wp.o)
    0x0800b27e   0x00000006   Code   RO          942    .text               c_w.l(heapauxi.o)
    0x0800b284   0x00000002   Code   RO          950    .text               c_w.l(use_no_semi.o)
    0x0800b286   0x0000041a   Code   RO          957    .text               c_w.l(_printf_fp_dec.o)
    0x0800b6a0   0x00000024   Code   RO          959    .text               c_w.l(_printf_char_file.o)
    0x0800b6c4   0x00000008   Code   RO          987    .text               c_w.l(rt_locale_intlibspace.o)
    0x0800b6cc   0x0000008a   Code   RO          989    .text               c_w.l(lludiv10.o)
    0x0800b756   0x00000002   PAD
    0x0800b758   0x00000030   Code   RO          991    .text               c_w.l(_printf_char_common.o)
    0x0800b788   0x00000080   Code   RO          993    .text               c_w.l(_printf_fp_infnan.o)
    0x0800b808   0x000000dc   Code   RO          995    .text               c_w.l(bigflt0.o)
    0x0800b8e4   0x00000008   Code   RO         1020    .text               c_w.l(ferror.o)
    0x0800b8ec   0x00000008   Code   RO         1031    .text               c_w.l(libspace.o)
    0x0800b8f4   0x0000004a   Code   RO         1034    .text               c_w.l(sys_stackheap_outer.o)
    0x0800b93e   0x0000000c   Code   RO         1038    .text               c_w.l(exit.o)
    0x0800b94a   0x00000002   PAD
    0x0800b94c   0x00000080   Code   RO         1044    .text               c_w.l(strcmpv7m.o)
    0x0800b9cc   0x0000003e   Code   RO          998    CL$$btod_d2e        c_w.l(btod.o)
    0x0800ba0a   0x00000046   Code   RO         1000    CL$$btod_d2e_denorm_low  c_w.l(btod.o)
    0x0800ba50   0x00000060   Code   RO          999    CL$$btod_d2e_norm_op1  c_w.l(btod.o)
    0x0800bab0   0x00000338   Code   RO         1008    CL$$btod_div_common  c_w.l(btod.o)
    0x0800bde8   0x000000c6   Code   RO         1005    CL$$btod_e2e        c_w.l(btod.o)
    0x0800beae   0x00000028   Code   RO         1002    CL$$btod_ediv       c_w.l(btod.o)
    0x0800bed6   0x00000028   Code   RO         1001    CL$$btod_emul       c_w.l(btod.o)
    0x0800befe   0x00000244   Code   RO         1007    CL$$btod_mult_common  c_w.l(btod.o)
    0x0800c142   0x00000002   PAD
    0x0800c144   0x000000ac   Code   RO          893    CODE                os_cpu_a.o
    0x0800c1f0   0x00000030   Code   RO         1029    i.__ARM_fpclassify  m_wm.l(fpclassify.o)
    0x0800c220   0x0000000e   Code   RO          930    i._is_digit         c_w.l(__printf_wp.o)
    0x0800c22e   0x00000002   PAD
    0x0800c230   0x0000002c   Code   RO         1025    locale$$code        c_w.l(lc_numeric_c.o)
    0x0800c25c   0x0000000c   Code   RO          962    x$fpl$dretinf       fz_wm.l(dretinf.o)
    0x0800c268   0x00000056   Code   RO          946    x$fpl$f2d           fz_wm.l(f2d.o)
    0x0800c2be   0x0000008c   Code   RO          964    x$fpl$fnaninf       fz_wm.l(fnaninf.o)
    0x0800c34a   0x0000000a   Code   RO         1107    x$fpl$fpinit        fz_wm.l(fpinit.o)
    0x0800c354   0x00000004   Code   RO          948    x$fpl$printf1       fz_wm.l(printf1.o)
    0x0800c358   0x00000000   Code   RO          966    x$fpl$usenofp       fz_wm.l(usenofp.o)
    0x0800c358   0x00000104   Data   RO          535    .constdata          cpu_core.o
    0x0800c45c   0x00000094   Data   RO          615    .constdata          lib_str.o
    0x0800c4f0   0x000000a4   Data   RO          636    .constdata          os_cfg_app.o
    0x0800c594   0x0000016c   Data   RO          670    .constdata          os_dbg.o
    0x0800c700   0x00000094   Data   RO          996    .constdata          c_w.l(bigflt0.o)
    0x0800c794   0x00000020   Data   RO         1171    Region$$Table       anon$$obj.o
    0x0800c7b4   0x0000001c   Data   RO         1024    locale$$data        c_w.l(lc_numeric_c.o)


    Execution Region RW_IRAM1 (Base: 0x20000000, Size: 0x00003910, Max: 0x00020000, ABSOLUTE)

    Base Addr    Size         Type   Attr      Idx    E Section Name        Object

    0x20000000   0x00000004   Data   RW            5    .data               main.o
    0x20000004   0x00000014   Data   RW          275    .data               system_stm32f4xx.o
    0x20000018   0x00000010   Data   RW          368    .data               stm32f4xx_rcc.o
    0x20000028   0x00000004   Data   RW          430    .data               delay.o
    0x2000002c   0x00000006   Data   RW          471    .data               usart.o
    0x20000032   0x00000002   PAD
    0x20000034   0x00000004   Data   RW          536    .data               cpu_core.o
    0x20000038   0x00000004   Data   RW          597    .data               lib_mem.o
    0x2000003c   0x00000008   Data   RW          751    .data               os_prio.o
    0x20000044   0x000000c8   Data   RW          854    .data               os_var.o
    0x2000010c   0x00000004   Data   RW          870    .data               os_cpu_c.o
    0x20000110   0x00001110   Zero   RW            4    .bss                main.o
    0x20001220   0x000000c8   Zero   RW          470    .bss                usart.o
    0x200012e8   0x00000010   Zero   RW          534    .bss                cpu_core.o
    0x200012f8   0x00000448   Zero   RW          596    .bss                lib_mem.o
    0x20001740   0x00001490   Zero   RW          635    .bss                os_cfg_app.o
    0x20002bd0   0x000006e0   Zero   RW          853    .bss                os_var.o
    0x200032b0   0x00000060   Zero   RW         1032    .bss                c_w.l(libspace.o)
    0x20003310   0x00000200   Zero   RW          319    HEAP                startup_stm32f40_41xxx.o
    0x20003510   0x00000400   Zero   RW          318    STACK               startup_stm32f40_41xxx.o


==============================================================================

Image component sizes


      Code (inc. data)   RO Data    RW Data    ZI Data      Debug   Object Name

       132         14          0          0          0       1243   bsp.o
        52          0          0          0          0        356   cpu_a.o
       680         14        260          4         16      14799   cpu_core.o
       328         24          0          4          0       1921   delay.o
        64          6          0          0          0        563   led.o
       598          0          0          0          0       3816   lib_ascii.o
      2502         32          0          4       1096      22048   lib_mem.o
       544          0          0          0          0        500   lib_mem_a.o
      2348          6        148          0          0      13290   lib_str.o
       972        134          0          4       4368     304991   main.o
       224         20          0          0          0       2033   misc.o
       252        166        164          0       5264      21058   os_cfg_app.o
      3568        284          0          0          0      12273   os_core.o
       172         32          0          0          0        420   os_cpu_a.o
      1016         64          0          4          0       4177   os_cpu_c.o
       432        286        364          0          0       4881   os_dbg.o
      3624        110          0          0          0       7991   os_flag.o
      1092        146          0          0          0       2372   os_int.o
       568         20          0          0          0       2864   os_mem.o
       556         12          0          0          0       2875   os_msg.o
      2772        114          0          0          0       5682   os_mutex.o
       124          4          0          8          0       2024   os_prio.o
      2264         76          0          0          0       6364   os_q.o
      2096         70          0          0          0       6380   os_sem.o
      1592        180          0          0          0       2869   os_stat.o
      7092        270          0          0          0      13742   os_task.o
      1276         90          0          0          0       3477   os_tick.o
      1380         46          0          0          0       3265   os_time.o
      2072        140          0          0          0       6562   os_tmr.o
         0          0          0        200       1760      19413   os_var.o
        64         26        392          0       1536        860   startup_stm32f40_41xxx.o
       660         44          0          0          0       4305   stm32f4xx_gpio.o
        22          0          0          0          0       1075   stm32f4xx_it.o
      1628         52          0         16          0      13160   stm32f4xx_rcc.o
      1108         34          0          0          0       8012   stm32f4xx_usart.o
       528         46          0         20          0       1895   system_stm32f4xx.o
       348         18          0          6        200       3458   usart.o

    ----------------------------------------------------------------------
     44756       2580       1360        272      14240     527014   Object Totals
         0          0         32          0          0          0   (incl. Generated)
         6          0          0          2          0          0   (incl. Padding)

    ----------------------------------------------------------------------

      Code (inc. data)   RO Data    RW Data    ZI Data      Debug   Library Member Name

         8          0          0          0          0         68   __main.o
       284          0          0          0          0        156   __printf_wp.o
         0          0          0          0          0          0   __rtentry.o
        12          0          0          0          0          0   __rtentry2.o
         6          0          0          0          0          0   __rtentry4.o
        52          8          0          0          0          0   __scatter.o
        26          0          0          0          0          0   __scatter_copy.o
        28          0          0          0          0          0   __scatter_zi.o
        48          6          0          0          0         96   _printf_char_common.o
        36          4          0          0          0         80   _printf_char_file.o
         6          0          0          0          0          0   _printf_f.o
      1050          0          0          0          0        216   _printf_fp_dec.o
       128         16          0          0          0         84   _printf_fp_infnan.o
         0          0          0          0          0          0   _printf_percent.o
         4          0          0          0          0          0   _printf_percent_end.o
       220          4        148          0          0         96   bigflt0.o
      1910        128          0          0          0        672   btod.o
        12          0          0          0          0         72   exit.o
         8          0          0          0          0         68   ferror.o
         6          0          0          0          0        152   heapauxi.o
        44         10         28          0          0         76   lc_numeric_c.o
         2          0          0          0          0          0   libinit.o
        22          0          0          0          0          0   libinit2.o
         2          0          0          0          0          0   libshutdown.o
         2          0          0          0          0          0   libshutdown2.o
         8          4          0          0         96         68   libspace.o
       138          0          0          0          0         80   lludiv10.o
       238          0          0          0          0        100   lludivv7m.o
        24          4          0          0          0         84   noretval__2printf.o
         8          4          0          0          0         68   rt_locale_intlibspace.o
         2          0          0          0          0          0   rtexit.o
        10          0          0          0          0          0   rtexit2.o
       128          0          0          0          0         68   strcmpv7m.o
        74          0          0          0          0         80   sys_stackheap_outer.o
         2          0          0          0          0         68   use_no_semi.o
         2          0          0          0          0         68   use_no_semi_2.o
        12          0          0          0          0        116   dretinf.o
        86          4          0          0          0        132   f2d.o
       140          4          0          0          0        132   fnaninf.o
        10          0          0          0          0        116   fpinit.o
         4          0          0          0          0        116   printf1.o
         0          0          0          0          0          0   usenofp.o
        48          0          0          0          0        124   fpclassify.o

    ----------------------------------------------------------------------
      4860        196        176          0         96       3256   Library Totals
        10          0          0          0          0          0   (incl. Padding)

    ----------------------------------------------------------------------

      Code (inc. data)   RO Data    RW Data    ZI Data      Debug   Library Name

      4550        188        176          0         96       2520   c_w.l
       252          8          0          0          0        612   fz_wm.l
        48          0          0          0          0        124   m_wm.l

    ----------------------------------------------------------------------
      4860        196        176          0         96       3256   Library Totals

    ----------------------------------------------------------------------

==============================================================================


      Code (inc. data)   RO Data    RW Data    ZI Data      Debug   

     49616       2776       1536        272      14336     520718   Grand Totals
     49616       2776       1536        272      14336     520718   ELF Image Totals
     49616       2776       1536        272          0          0   ROM Totals

==============================================================================

    Total RO  Size (Code + RO Data)                51152 (  49.95kB)
    Total RW  Size (RW Data + ZI Data)             14608 (  14.27kB)
    Total ROM Size (Code + RO Data + RW Data)      51424 (  50.22kB)

==============================================================================

