Component: ARM Compiler 5.05 update 1 (build 106) Tool: armlink [4d0efa]

==============================================================================

Section Cross References

    main.o(.text) refers to _printf_percent.o(.ARM.Collect$$_printf_percent$$00000000) for _printf_percent
    main.o(.text) refers to _printf_d.o(.ARM.Collect$$_printf_percent$$00000009) for _printf_d
    main.o(.text) refers to _printf_dec.o(.text) for _printf_int_dec
    main.o(.text) refers to cpu_a.o(.text) for CPU_SR_Save
    main.o(.text) refers to lcd.o(.text) for LCD_DrawRectangle
    main.o(.text) refers to os_core.o(.text) for OS_Sched0
    main.o(.text) refers to noretval__2printf.o(.text) for __2printf
    main.o(.text) refers to os_time.o(.text) for OSTimeDlyHMSM
    main.o(.text) refers to os_task.o(.text) for OSTaskSuspend
    main.o(.text) refers to cpu_core.o(.text) for CPU_Init
    main.o(.text) refers to os_stat.o(.text) for OSStatTaskCPUUsageInit
    main.o(.text) refers to delay.o(.text) for delay_init
    main.o(.text) refers to misc.o(.text) for NVIC_PriorityGroupConfig
    main.o(.text) refers to usart.o(.text) for uart_init
    main.o(.text) refers to led.o(.text) for LED_Init
    main.o(.text) refers to lcd.o(.data) for POINT_COLOR
    main.o(.text) refers to os_var.o(.data) for OSSchedLockNestingCtr
    main.o(.text) refers to main.o(.data) for lcd_discolor
    main.o(.text) refers to main.o(.bss) for Task2_TaskTCB
    system_stm32f4xx.o(.text) refers to system_stm32f4xx.o(.data) for SystemCoreClock
    led.o(.text) refers to stm32f4xx_rcc.o(.text) for RCC_AHB1PeriphClockCmd
    led.o(.text) refers to stm32f4xx_gpio.o(.text) for GPIO_Init
    lcd.o(.text) refers to _printf_percent.o(.ARM.Collect$$_printf_percent$$00000000) for _printf_percent
    lcd.o(.text) refers to _printf_x.o(.ARM.Collect$$_printf_percent$$0000000C) for _printf_x
    lcd.o(.text) refers to _printf_hex_int.o(.text) for _printf_longlong_hex
    lcd.o(.text) refers to delay.o(.text) for delay_us
    lcd.o(.text) refers to lcd.o(.bss) for lcddev
    lcd.o(.text) refers to lcd.o(.data) for POINT_COLOR
    lcd.o(.text) refers to dflt_clz.o(x$fpl$dfltu) for __aeabi_ui2d
    lcd.o(.text) refers to dmul.o(x$fpl$dmul) for __aeabi_dmul
    lcd.o(.text) refers to dfixu.o(x$fpl$dfixu) for __aeabi_d2uiz
    lcd.o(.text) refers to stm32f4xx_rcc.o(.text) for RCC_AHB1PeriphClockCmd
    lcd.o(.text) refers to stm32f4xx_gpio.o(.text) for GPIO_Init
    lcd.o(.text) refers to stm32f4xx_fsmc.o(.text) for FSMC_NORSRAMInit
    lcd.o(.text) refers to noretval__2printf.o(.text) for __2printf
    lcd.o(.text) refers to lcd.o(.constdata) for asc2_1206
    startup_stm32f40_41xxx.o(STACK) refers (Special) to heapauxi.o(.text) for __use_two_region_memory
    startup_stm32f40_41xxx.o(HEAP) refers (Special) to heapauxi.o(.text) for __use_two_region_memory
    startup_stm32f40_41xxx.o(RESET) refers (Special) to heapauxi.o(.text) for __use_two_region_memory
    startup_stm32f40_41xxx.o(RESET) refers to startup_stm32f40_41xxx.o(STACK) for __initial_sp
    startup_stm32f40_41xxx.o(RESET) refers to startup_stm32f40_41xxx.o(.text) for Reset_Handler
    startup_stm32f40_41xxx.o(RESET) refers to stm32f4xx_it.o(.text) for NMI_Handler
    startup_stm32f40_41xxx.o(RESET) refers to os_cpu_a.o(CODE) for PendSV_Handler
    startup_stm32f40_41xxx.o(RESET) refers to delay.o(.text) for SysTick_Handler
    startup_stm32f40_41xxx.o(RESET) refers to usart.o(.text) for USART1_IRQHandler
    startup_stm32f40_41xxx.o(.text) refers (Special) to heapauxi.o(.text) for __use_two_region_memory
    startup_stm32f40_41xxx.o(.text) refers to system_stm32f4xx.o(.text) for SystemInit
    startup_stm32f40_41xxx.o(.text) refers to __main.o(!!!main) for __main
    startup_stm32f40_41xxx.o(.text) refers to startup_stm32f40_41xxx.o(HEAP) for Heap_Mem
    startup_stm32f40_41xxx.o(.text) refers to startup_stm32f40_41xxx.o(STACK) for Stack_Mem
    stm32f4xx_gpio.o(.text) refers to stm32f4xx_rcc.o(.text) for RCC_AHB1PeriphResetCmd
    stm32f4xx_rcc.o(.text) refers to stm32f4xx_rcc.o(.data) for APBAHBPrescTable
    stm32f4xx_syscfg.o(.text) refers to stm32f4xx_rcc.o(.text) for RCC_APB2PeriphResetCmd
    stm32f4xx_usart.o(.text) refers to stm32f4xx_rcc.o(.text) for RCC_APB2PeriphResetCmd
    stm32f4xx_fsmc.o(.text) refers to stm32f4xx_fsmc.o(.constdata) for FSMC_DefaultTimingStruct
    stm32f4xx_tim.o(.text) refers to stm32f4xx_rcc.o(.text) for RCC_APB2PeriphResetCmd
    delay.o(.text) refers to os_core.o(.text) for OSSchedLock
    delay.o(.text) refers to os_time.o(.text) for OSTimeDly
    delay.o(.text) refers to misc.o(.text) for SysTick_CLKSourceConfig
    delay.o(.text) refers to os_var.o(.data) for OSRunning
    delay.o(.text) refers to delay.o(.data) for fac_us
    delay.o(.text) refers to os_cfg_app.o(.constdata) for OSCfg_TickRate_Hz
    usart.o(.rev16_text) refers (Special) to use_no_semi_2.o(.text) for __use_no_semihosting
[...]
    LCD_DrawLine                             0x0800531d   Thumb Code   176  lcd.o(.text)
    LCD_DrawRectangle                        0x080053cd   Thumb Code    60  lcd.o(.text)
    LCD_Draw_Circle                          0x08005409   Thumb Code   152  lcd.o(.text)
    LCD_ShowChar                             0x080054a1   Thumb Code   272  lcd.o(.text)
    LCD_Pow                                  0x080055b1   Thumb Code    22  lcd.o(.text)
    LCD_ShowNum                              0x080055c7   Thumb Code   148  lcd.o(.text)
    LCD_ShowxNum                             0x0800565b   Thumb Code   220  lcd.o(.text)
    LCD_ShowString                           0x08005737   Thumb Code   102  lcd.o(.text)
    Reset_Handler                            0x0800579d   Thumb Code     8  startup_stm32f40_41xxx.o(.text)
    ADC_IRQHandler                           0x080057b7   Thumb Code     0  startup_stm32f40_41xxx.o(.text)
    CAN1_RX0_IRQHandler                      0x080057b7   Thumb Code     0  startup_stm32f40_41xxx.o(.text)
    CAN1_RX1_IRQHandler                      0x080057b7   Thumb Code     0  startup_stm32f40_41xxx.o(.text)
    CAN1_SCE_IRQHandler                      0x080057b7   Thumb Code     0  startup_stm32f40_41xxx.o(.text)
    CAN1_TX_IRQHandler                       0x080057b7   Thumb Code     0  startup_stm32f40_41xxx.o(.text)
    CAN2_RX0_IRQHandler                      0x080057b7   Thumb Code     0  startup_stm32f40_41xxx.o(.text)
    CAN2_RX1_IRQHandler                      0x080057b7   Thumb Code     0  startup_stm32f40_41xxx.o(.text)
    CAN2_SCE_IRQHandler                      0x080057b7   Thumb Code     0  startup_stm32f40_41xxx.o(.text)
    CAN2_TX_IRQHandler                       0x080057b7   Thumb Code     0  startup_stm32f40_41xxx.o(.text)
    CRYP_IRQHandler                          0x080057b7   Thumb Code     0  startup_stm32f40_41xxx.o(.text)
    DCMI_IRQHandler                          0x080057b7   Thumb Code     0  startup_stm32f40_41xxx.o(.text)
    DMA1_Stream0_IRQHandler                  0x080057b7   Thumb Code     0  startup_stm32f40_41xxx.o(.text)
    DMA1_Stream1_IRQHandler                  0x080057b7   Thumb Code     0  startup_stm32f40_41xxx.o(.text)
    DMA1_Stream2_IRQHandler                  0x080057b7   Thumb Code     0  startup_stm32f40_41xxx.o(.text)
    DMA1_Stream3_IRQHandler                  0x080057b7   Thumb Code     0  startup_stm32f40_41xxx.o(.text)
    DMA1_Stream4_IRQHandler                  0x080057b7   Thumb Code     0  startup_stm32f40_41xxx.o(.text)
    DMA1_Stream5_IRQHandler                  0x080057b7   Thumb Code     0  startup_stm32f40_41xxx.o(.text)
    DMA1_Stream6_IRQHandler                  0x080057b7   Thumb Code     0  startup_stm32f40_41xxx.o(.text)
    DMA1_Stream7_IRQHandler                  0x080057b7   Thumb Code     0  startup_stm32f40_41xxx.o(.text)
    DMA2_Stream0_IRQHandler                  0x080057b7   Thumb Code     0  startup_stm32f40_41xxx.o(.text)
    DMA2_Stream1_IRQHandler                  0x080057b7   Thumb Code     0  startup_stm32f40_41xxx.o(.text)
    DMA2_Stream2_IRQHandler                  0x080057b7   Thumb Code     0  startup_stm32f40_41xxx.o(.text)
    DMA2_Stream3_IRQHandler                  0x080057b7   Thumb Code     0  startup_stm32f40_41xxx.o(.text)
    DMA2_Stream4_IRQHandler                  0x080057b7   Thumb Code     0  startup_stm32f40_41xxx.o(.text)
    DMA2_Stream5_IRQHandler                  0x080057b7   Thumb Code     0  startup_stm32f40_41xxx.o(.text)
    DMA2_Stream6_IRQHandler                  0x080057b7   Thumb Code     0  startup_stm32f40_41xxx.o(.text)
    DMA2_Stream7_IRQHandler                  0x080057b7   Thumb Code     0  startup_stm32f40_41xxx.o(.text)
    ETH_IRQHandler                           0x080057b7   Thumb Code     0  startup_stm32f40_41xxx.o(.text)
    ETH_WKUP_IRQHandler                      0x080057b7   Thumb Code     0  startup_stm32f40_41xxx.o(.text)
    EXTI0_IRQHandler                         0x080057b7   Thumb Code     0  startup_stm32f40_41xxx.o(.text)
    EXTI15_10_IRQHandler                     0x080057b7   Thumb Code     0  startup_stm32f40_41xxx.o(.text)
    EXTI1_IRQHandler                         0x080057b7   Thumb Code     0  startup_stm32f40_41xxx.o(.text)
    EXTI2_IRQHandler                         0x080057b7   Thumb Code     0  startup_stm32f40_41xxx.o(.text)
    EXTI3_IRQHandler                         0x080057b7   Thumb Code     0  startup_stm32f40_41xxx.o(.text)
    EXTI4_IRQHandler                         0x080057b7   Thumb Code     0  startup_stm32f40_41xxx.o(.text)
    EXTI9_5_IRQHandler                       0x080057b7   Thumb Code     0  startup_stm32f40_41xxx.o(.text)
    FLASH_IRQHandler                         0x080057b7   Thumb Code     0  startup_stm32f40_41xxx.o(.text)
    FPU_IRQHandler                           0x080057b7   Thumb Code     0  startup_stm32f40_41xxx.o(.text)
    FSMC_IRQHandler                          0x080057b7   Thumb Code     0  startup_stm32f40_41xxx.o(.text)
    HASH_RNG_IRQHandler                      0x080057b7   Thumb Code     0  startup_stm32f40_41xxx.o(.text)
    I2C1_ER_IRQHandler                       0x080057b7   Thumb Code     0  startup_stm32f40_41xxx.o(.text)
    I2C1_EV_IRQHandler                       0x080057b7   Thumb Code     0  startup_stm32f40_41xxx.o(.text)
    I2C2_ER_IRQHandler                       0x080057b7   Thumb Code     0  startup_stm32f40_41xxx.o(.text)
    I2C2_EV_IRQHandler                       0x080057b7   Thumb Code     0  startup_stm32f40_41xxx.o(.text)
    I2C3_ER_IRQHandler                       0x080057b7   Thumb Code     0  startup_stm32f40_41xxx.o(.text)
    I2C3_EV_IRQHandler                       0x080057b7   Thumb Code     0  startup_stm32f40_41xxx.o(.text)
    OTG_FS_IRQHandler                        0x080057b7   Thumb Code     0  startup_stm32f40_41xxx.o(.text)
    OTG_FS_WKUP_IRQHandler                   0x080057b7   Thumb Code     0  startup_stm32f40_41xxx.o(.text)
    OTG_HS_EP1_IN_IRQHandler                 0x080057b7   Thumb Code     0  startup_stm32f40_41xxx.o(.text)
    OTG_HS_EP1_OUT_IRQHandler                0x080057b7   Thumb Code     0  startup_stm32f40_41xxx.o(.text)
    OTG_HS_IRQHandler                        0x080057b7   Thumb Code     0  startup_stm32f40_41xxx.o(.text)
    OTG_HS_WKUP_IRQHandler                   0x080057b7   Thumb Code     0  startup_stm32f40_41xxx.o(.text)
    PVD_IRQHandler                           0x080057b7   Thumb Code     0  startup_stm32f40_41xxx.o(.text)
    RCC_IRQHandler                           0x080057b7   Thumb Code     0  startup_stm32f40_41xxx.o(.text)
    RTC_Alarm_IRQHandler                     0x080057b7   Thumb Code     0  startup_stm32f40_41xxx.o(.text)
    RTC_WKUP_IRQHandler                      0x080057b7   Thumb Code     0  startup_stm32f40_41xxx.o(.text)
    SDIO_IRQHandler                          0x080057b7   Thumb Code     0  startup_stm32f40_41xxx.o(.text)
    SPI1_IRQHandler                          0x080057b7   Thumb Code     0  startup_stm32f40_41xxx.o(.text)
    SPI2_IRQHandler                          0x080057b7   Thumb Code     0  startup_stm32f40_41xxx.o(.text)
    SPI3_IRQHandler                          0x080057b7   Thumb Code     0  startup_stm32f40_41xxx.o(.text)
    TAMP_STAMP_IRQHandler                    0x080057b7   Thumb Code     0  startup_stm32f40_41xxx.o(.text)
    TIM1_BRK_TIM9_IRQHandler                 0x080057b7   Thumb Code     0  startup_stm32f40_41xxx.o(.text)
    TIM1_CC_IRQHandler                       0x080057b7   Thumb Code     0  startup_stm32f40_41xxx.o(.text)
    TIM1_TRG_COM_TIM11_IRQHandler            0x080057b7   Thumb Code     0  startup_stm32f40_41xxx.o(.text)
    TIM1_UP_TIM10_IRQHandler                 0x080057b7   Thumb Code     0  startup_stm32f40_41xxx.o(.text)
    TIM2_IRQHandler                          0x080057b7   Thumb Code     0  startup_stm32f40_41xxx.o(.text)
    TIM3_IRQHandler                          0x080057b7   Thumb Code     0  startup_stm32f40_41xxx.o(.text)
    TIM4_IRQHandler                          0x080057b7   Thumb Code     0  startup_stm32f40_41xxx.o(.text)
    TIM5_IRQHandler                          0x080057b7   Thumb Code     0  startup_stm32f40_41xxx.o(.text)
    TIM6_DAC_IRQHandler                      0x080057b7   Thumb Code     0  startup_stm32f40_41xxx.o(.text)
    TIM7_IRQHandler                          0x080057b7   Thumb Code     0  startup_stm32f40_41xxx.o(.text)
    TIM8_BRK_TIM12_IRQHandler                0x080057b7   Thumb Code     0  startup_stm32f40_41xxx.o(.text)
    TIM8_CC_IRQHandler                       0x080057b7   Thumb Code     0  startup_stm32f40_41xxx.o(.text)
    TIM8_TRG_COM_TIM14_IRQHandler            0x080057b7   Thumb Code     0  startup_stm32f40_41xxx.o(.text)
    TIM8_UP_TIM13_IRQHandler                 0x080057b7   Thumb Code     0  startup_stm32f40_41xxx.o(.text)
    UART4_IRQHandler                         0x080057b7   Thumb Code     0  startup_stm32f40_41xxx.o(.text)
    UART5_IRQHandler                         0x080057b7   Thumb Code     0  startup_stm32f40_41xxx.o(.text)
    USART2_IRQHandler                        0x080057b7   Thumb Code     0  startup_stm32f40_41xxx.o(.text)
    USART3_IRQHandler                        0x080057b7   Thumb Code     0  startup_stm32f40_41xxx.o(.text)
    USART6_IRQHandler                        0x080057b7   Thumb Code     0  startup_stm32f40_41xxx.o(.text)
    WWDG_IRQHandler                          0x080057b7   Thumb Code     0  startup_stm32f40_41xxx.o(.text)
    __user_initial_stackheap                 0x080057b9   Thumb Code     0  startup_stm32f40_41xxx.o(.text)
    NVIC_PriorityGroupConfig                 0x080057dd   Thumb Code    10  misc.o(.text)
    NVIC_Init                                0x080057e7   Thumb Code   106  misc.o(.text)
    NVIC_SetVectorTable                      0x08005851   Thumb Code    14  misc.o(.text)
    NVIC_SystemLPConfig                      0x0800585f   Thumb Code    34  misc.o(.text)
    SysTick_CLKSourceConfig                  0x08005881   Thumb Code    40  misc.o(.text)
    GPIO_DeInit                              0x080058bd   Thumb Code   268  stm32f4xx_gpio.o(.text)
    GPIO_Init                                0x080059c9   Thumb Code   144  stm32f4xx_gpio.o(.text)
    GPIO_StructInit                          0x08005a59   Thumb Code    18  stm32f4xx_gpio.o(.text)
    GPIO_PinLockConfig                       0x08005a6b   Thumb Code    34  stm32f4xx_gpio.o(.text)
    GPIO_ReadInputDataBit                    0x08005a8d   Thumb Code    18  stm32f4xx_gpio.o(.text)
    GPIO_ReadInputData                       0x08005a9f   Thumb Code     8  stm32f4xx_gpio.o(.text)
    GPIO_ReadOutputDataBit                   0x08005aa7   Thumb Code    18  stm32f4xx_gpio.o(.text)
    GPIO_ReadOutputData                      0x08005ab9   Thumb Code     8  stm32f4xx_gpio.o(.text)
    GPIO_SetBits                             0x08005ac1   Thumb Code     4  stm32f4xx_gpio.o(.text)
    GPIO_ResetBits                           0x08005ac5   Thumb Code     4  stm32f4xx_gpio.o(.text)
    GPIO_WriteBit                            0x08005ac9   Thumb Code    10  stm32f4xx_gpio.o(.text)
    GPIO_Write                               0x08005ad3   Thumb Code     4  stm32f4xx_gpio.o(.text)
    GPIO_ToggleBits                          0x08005ad7   Thumb Code     8  stm32f4xx_gpio.o(.text)
    GPIO_PinAFConfig                         0x08005adf   Thumb Code    70  stm32f4xx_gpio.o(.text)
    RCC_DeInit                               0x08005b51   Thumb Code    82  stm32f4xx_rcc.o(.text)
    RCC_HSEConfig                            0x08005ba3   Thumb Code    14  stm32f4xx_rcc.o(.text)
    RCC_GetFlagStatus                        0x08005bb1   Thumb Code    60  stm32f4xx_rcc.o(.text)
    RCC_WaitForHSEStartUp                    0x08005bed   Thumb Code    56  stm32f4xx_rcc.o(.text)
    RCC_AdjustHSICalibrationValue            0x08005c25   Thumb Code    20  stm32f4xx_rcc.o(.text)
    RCC_HSICmd                               0x08005c39   Thumb Code     6  stm32f4xx_rcc.o(.text)
    RCC_LSEConfig                            0x08005c3f   Thumb Code    46  stm32f4xx_rcc.o(.text)
    RCC_LSICmd                               0x08005c6d   Thumb Code     6  stm32f4xx_rcc.o(.text)
    RCC_PLLConfig                            0x08005c73   Thumb Code    32  stm32f4xx_rcc.o(.text)
    RCC_PLLCmd                               0x08005c93   Thumb Code     6  stm32f4xx_rcc.o(.text)
    RCC_PLLI2SConfig                         0x08005c99   Thumb Code    14  stm32f4xx_rcc.o(.text)
    RCC_PLLI2SCmd                            0x08005ca7   Thumb Code     6  stm32f4xx_rcc.o(.text)
    RCC_PLLSAIConfig                         0x08005cad   Thumb Code    20  stm32f4xx_rcc.o(.text)
    RCC_PLLSAICmd                            0x08005cc1   Thumb Code     6  stm32f4xx_rcc.o(.text)
    RCC_ClockSecuritySystemCmd               0x08005cc7   Thumb Code     6  stm32f4xx_rcc.o(.text)
    RCC_MCO1Config                           0x08005ccd   Thumb Code    28  stm32f4xx_rcc.o(.text)
    RCC_MCO2Config                           0x08005ce9   Thumb Code    28  stm32f4xx_rcc.o(.text)
    RCC_SYSCLKConfig                         0x08005d05   Thumb Code    20  stm32f4xx_rcc.o(.text)
    RCC_GetSYSCLKSource                      0x08005d19   Thumb Code    12  stm32f4xx_rcc.o(.text)
    RCC_HCLKConfig                           0x08005d25   Thumb Code    20  stm32f4xx_rcc.o(.text)
    RCC_PCLK1Config                          0x08005d39   Thumb Code    20  stm32f4xx_rcc.o(.text)
    RCC_PCLK2Config                          0x08005d4d   Thumb Code    22  stm32f4xx_rcc.o(.text)
    RCC_GetClocksFreq                        0x08005d63   Thumb Code   222  stm32f4xx_rcc.o(.text)
    RCC_RTCCLKConfig                         0x08005e41   Thumb Code    54  stm32f4xx_rcc.o(.text)
    RCC_RTCCLKCmd                            0x08005e77   Thumb Code     8  stm32f4xx_rcc.o(.text)
    RCC_BackupResetCmd                       0x08005e7f   Thumb Code     8  stm32f4xx_rcc.o(.text)
    RCC_I2SCLKConfig                         0x08005e87   Thumb Code     6  stm32f4xx_rcc.o(.text)
    RCC_SAIPLLI2SClkDivConfig                0x08005e8d   Thumb Code    26  stm32f4xx_rcc.o(.text)
    RCC_SAIPLLSAIClkDivConfig                0x08005ea7   Thumb Code    28  stm32f4xx_rcc.o(.text)
    RCC_SAIBlockACLKConfig                   0x08005ec3   Thumb Code    20  stm32f4xx_rcc.o(.text)
    RCC_SAIBlockBCLKConfig                   0x08005ed7   Thumb Code    20  stm32f4xx_rcc.o(.text)
    RCC_LTDCCLKDivConfig                     0x08005eeb   Thumb Code    20  stm32f4xx_rcc.o(.text)
    RCC_TIMCLKPresConfig                     0x08005eff   Thumb Code     6  stm32f4xx_rcc.o(.text)
    RCC_AHB1PeriphClockCmd                   0x08005f05   Thumb Code    34  stm32f4xx_rcc.o(.text)
    RCC_AHB2PeriphClockCmd                   0x08005f27   Thumb Code    78  stm32f4xx_rcc.o(.text)
    RCC_AHB3PeriphClockCmd                   0x08005f75   Thumb Code    34  stm32f4xx_rcc.o(.text)
    RCC_APB1PeriphClockCmd                   0x08005f97   Thumb Code    34  stm32f4xx_rcc.o(.text)
    RCC_APB2PeriphClockCmd                   0x08005fb9   Thumb Code    34  stm32f4xx_rcc.o(.text)
    RCC_AHB1PeriphResetCmd                   0x08005fdb   Thumb Code    34  stm32f4xx_rcc.o(.text)
    RCC_AHB2PeriphResetCmd                   0x08005ffd   Thumb Code    34  stm32f4xx_rcc.o(.text)
    RCC_AHB3PeriphResetCmd                   0x0800601f   Thumb Code    34  stm32f4xx_rcc.o(.text)
    RCC_APB1PeriphResetCmd                   0x08006041   Thumb Code    34  stm32f4xx_rcc.o(.text)
    RCC_APB2PeriphResetCmd                   0x08006063   Thumb Code    34  stm32f4xx_rcc.o(.text)
    RCC_AHB1PeriphClockLPModeCmd             0x08006085   Thumb Code    34  stm32f4xx_rcc.o(.text)
    RCC_AHB2PeriphClockLPModeCmd             0x080060a7   Thumb Code    34  stm32f4xx_rcc.o(.text)
    RCC_AHB3PeriphClockLPModeCmd             0x080060c9   Thumb Code    34  stm32f4xx_rcc.o(.text)
    RCC_APB1PeriphClockLPModeCmd             0x080060eb   Thumb Code    34  stm32f4xx_rcc.o(.text)
    RCC_APB2PeriphClockLPModeCmd             0x0800610d   Thumb Code    34  stm32f4xx_rcc.o(.text)
    RCC_LSEModeConfig                        0x0800612f   Thumb Code    40  stm32f4xx_rcc.o(.text)
    RCC_ITConfig                             0x08006157   Thumb Code    34  stm32f4xx_rcc.o(.text)
    RCC_ClearFlag                            0x08006179   Thumb Code    18  stm32f4xx_rcc.o(.text)
    RCC_GetITStatus                          0x0800618b   Thumb Code    22  stm32f4xx_rcc.o(.text)
    RCC_ClearITPendingBit                    0x080061a1   Thumb Code     8  stm32f4xx_rcc.o(.text)
    USART_DeInit                             0x080061ad   Thumb Code   206  stm32f4xx_usart.o(.text)
    USART_Init                               0x0800627b   Thumb Code   204  stm32f4xx_usart.o(.text)
    USART_StructInit                         0x08006347   Thumb Code    24  stm32f4xx_usart.o(.text)
    USART_ClockInit                          0x0800635f   Thumb Code    32  stm32f4xx_usart.o(.text)
    USART_ClockStructInit                    0x0800637f   Thumb Code    12  stm32f4xx_usart.o(.text)
    USART_Cmd                                0x0800638b   Thumb Code    24  stm32f4xx_usart.o(.text)
    USART_SetPrescaler                       0x080063a3   Thumb Code    16  stm32f4xx_usart.o(.text)
    USART_OverSampling8Cmd                   0x080063b3   Thumb Code    22  stm32f4xx_usart.o(.text)
    USART_OneBitMethodCmd                    0x080063c9   Thumb Code    24  stm32f4xx_usart.o(.text)
    USART_SendData                           0x080063e1   Thumb Code     8  stm32f4xx_usart.o(.text)
    USART_ReceiveData                        0x080063e9   Thumb Code    10  stm32f4xx_usart.o(.text)
    USART_SetAddress                         0x080063f3   Thumb Code    18  stm32f4xx_usart.o(.text)
    USART_ReceiverWakeUpCmd                  0x08006405   Thumb Code    24  stm32f4xx_usart.o(.text)
    USART_WakeUpConfig                       0x0800641d   Thumb Code    18  stm32f4xx_usart.o(.text)
    USART_LINBreakDetectLengthConfig         0x0800642f   Thumb Code    18  stm32f4xx_usart.o(.text)
    USART_LINCmd                             0x08006441   Thumb Code    24  stm32f4xx_usart.o(.text)
    USART_SendBreak                          0x08006459   Thumb Code    10  stm32f4xx_usart.o(.text)
    USART_HalfDuplexCmd                      0x08006463   Thumb Code    24  stm32f4xx_usart.o(.text)
    USART_SetGuardTime                       0x0800647b   Thumb Code    16  stm32f4xx_usart.o(.text)
    USART_SmartCardCmd                       0x0800648b   Thumb Code    24  stm32f4xx_usart.o(.text)
    USART_SmartCardNACKCmd                   0x080064a3   Thumb Code    24  stm32f4xx_usart.o(.text)
    USART_IrDAConfig                         0x080064bb   Thumb Code    18  stm32f4xx_usart.o(.text)
    USART_IrDACmd                            0x080064cd   Thumb Code    24  stm32f4xx_usart.o(.text)
    USART_DMACmd                             0x080064e5   Thumb Code    18  stm32f4xx_usart.o(.text)
    USART_ITConfig                           0x080064f7   Thumb Code    74  stm32f4xx_usart.o(.text)
    USART_GetFlagStatus                      0x08006541   Thumb Code    26  stm32f4xx_usart.o(.text)
    USART_ClearFlag                          0x0800655b   Thumb Code    18  stm32f4xx_usart.o(.text)
    USART_GetITStatus                        0x0800656d   Thumb Code   118  stm32f4xx_usart.o(.text)
    USART_ClearITPendingBit                  0x080065e3   Thumb Code    30  stm32f4xx_usart.o(.text)
    FSMC_NORSRAMDeInit                       0x08006601   Thumb Code    54  stm32f4xx_fsmc.o(.text)
    FSMC_NORSRAMInit                         0x08006637   Thumb Code   230  stm32f4xx_fsmc.o(.text)
    FSMC_NORSRAMStructInit                   0x0800671d   Thumb Code    48  stm32f4xx_fsmc.o(.text)
    FSMC_NORSRAMCmd                          0x0800674d   Thumb Code    46  stm32f4xx_fsmc.o(.text)
    FSMC_NANDDeInit                          0x0800677b   Thumb Code    62  stm32f4xx_fsmc.o(.text)
    FSMC_NANDInit                            0x080067b9   Thumb Code   132  stm32f4xx_fsmc.o(.text)
    FSMC_NANDStructInit                      0x0800683d   Thumb Code    54  stm32f4xx_fsmc.o(.text)
    FSMC_NANDCmd                             0x08006873   Thumb Code    86  stm32f4xx_fsmc.o(.text)
    FSMC_NANDECCCmd                          0x080068c9   Thumb Code    86  stm32f4xx_fsmc.o(.text)
    FSMC_GetECC                              0x0800691f   Thumb Code    24  stm32f4xx_fsmc.o(.text)
    FSMC_PCCARDDeInit                        0x08006937   Thumb Code    36  stm32f4xx_fsmc.o(.text)
    FSMC_PCCARDInit                          0x0800695b   Thumb Code   130  stm32f4xx_fsmc.o(.text)
    FSMC_PCCARDStructInit                    0x080069dd   Thumb Code    60  stm32f4xx_fsmc.o(.text)
    FSMC_PCCARDCmd                           0x08006a19   Thumb Code    44  stm32f4xx_fsmc.o(.text)
    FSMC_ITConfig                            0x08006a45   Thumb Code   128  stm32f4xx_fsmc.o(.text)
    FSMC_GetFlagStatus                       0x08006ac5   Thumb Code    54  stm32f4xx_fsmc.o(.text)
    FSMC_ClearFlag                           0x08006afb   Thumb Code    74  stm32f4xx_fsmc.o(.text)
    FSMC_GetITStatus                         0x08006b45   Thumb Code    62  stm32f4xx_fsmc.o(.text)
    FSMC_ClearITPendingBit                   0x08006b83   Thumb Code    66  stm32f4xx_fsmc.o(.text)
    delay_osschedlock                        0x08006bc9   Thumb Code    10  delay.o(.text)
    delay_osschedunlock                      0x08006bd3   Thumb Code    10  delay.o(.text)
    delay_ostimedly                          0x08006bdd   Thumb Code    16  delay.o(.text)
    SysTick_Handler                          0x08006bed   Thumb Code    24  delay.o(.text)
    delay_init                               0x08006c05   Thumb Code    94  delay.o(.text)
    delay_us                                 0x08006c63   Thumb Code    84  delay.o(.text)
    delay_ms                                 0x08006cb7   Thumb Code    66  delay.o(.text)
    _sys_exit                                0x08006d11   Thumb Code     6  usart.o(.text)
    fputc                                    0x08006d17   Thumb Code    22  usart.o(.text)
    uart_init                                0x08006d2d   Thumb Code   172  usart.o(.text)
    USART1_IRQHandler                        0x08006dd9   Thumb Code   130  usart.o(.text)
    BSP_CPU_ClkFreq                          0x08006e6d   Thumb Code    14  bsp.o(.text)
    CPU_TS_TmrInit                           0x08006e7b   Thumb Code    44  bsp.o(.text)
    CPU_TS_TmrRd                             0x08006ea7   Thumb Code     6  bsp.o(.text)
    CPU_TS32_to_uSec                         0x08006ead   Thumb Code    54  bsp.o(.text)
    CPU_NameClr                              0x08006ef1   Thumb Code    42  cpu_core.o(.text)
    CPU_Init                                 0x08006f31   Thumb Code    12  cpu_core.o(.text)
    CPU_SW_Exception                         0x08006f3d   Thumb Code     4  cpu_core.o(.text)
    CPU_NameGet                              0x08006f41   Thumb Code    70  cpu_core.o(.text)
    CPU_NameSet                              0x08006f87   Thumb Code    96  cpu_core.o(.text)
    CPU_TS_Get32                             0x08006fe7   Thumb Code    12  cpu_core.o(.text)
    CPU_TS_Update                            0x08006ff3   Thumb Code     2  cpu_core.o(.text)
    CPU_TS_TmrFreqGet                        0x08006ff5   Thumb Code    30  cpu_core.o(.text)
    CPU_TS_TmrFreqSet                        0x08007013   Thumb Code     6  cpu_core.o(.text)
    CPU_CntLeadZeros08                       0x08007019   Thumb Code    18  cpu_core.o(.text)
    CPU_CntLeadZeros16                       0x0800702b   Thumb Code    18  cpu_core.o(.text)
    CPU_CntLeadZeros32                       0x0800703d   Thumb Code    18  cpu_core.o(.text)
    CPU_CntLeadZeros64                       0x0800704f   Thumb Code   188  cpu_core.o(.text)
    CPU_CntTrailZeros08                      0x0800710b   Thumb Code    22  cpu_core.o(.text)
    CPU_CntTrailZeros16                      0x08007121   Thumb Code    22  cpu_core.o(.text)
    CPU_CntTrailZeros32                      0x08007137   Thumb Code    22  cpu_core.o(.text)
    CPU_CntTrailZeros64                      0x0800714d   Thumb Code    62  cpu_core.o(.text)
    CPU_IntDis                               0x08007199   Thumb Code     0  cpu_a.o(.text)
    CPU_IntEn                                0x0800719d   Thumb Code     0  cpu_a.o(.text)
    CPU_SR_Save                              0x080071a1   Thumb Code     0  cpu_a.o(.text)
    CPU_SR_Restore                           0x080071a9   Thumb Code     0  cpu_a.o(.text)
    CPU_WaitForInt                           0x080071af   Thumb Code     0  cpu_a.o(.text)
    CPU_WaitForExcept                        0x080071b3   Thumb Code     0  cpu_a.o(.text)
    CPU_CntLeadZeros                         0x080071b7   Thumb Code     0  cpu_a.o(.text)
    CPU_CntTrailZeros                        0x080071bd   Thumb Code     0  cpu_a.o(.text)
    CPU_RevBits                              0x080071c7   Thumb Code     0  cpu_a.o(.text)
    ASCII_IsAlpha                            0x080071cd   Thumb Code    48  lib_ascii.o(.text)
    ASCII_IsAlphaNum                         0x080071fd   Thumb Code    76  lib_ascii.o(.text)
    ASCII_IsLower                            0x08007249   Thumb Code    20  lib_ascii.o(.text)
    ASCII_IsUpper                            0x0800725d   Thumb Code    20  lib_ascii.o(.text)
    ASCII_IsDig                              0x08007271   Thumb Code    20  lib_ascii.o(.text)
    ASCII_IsDigOct                           0x08007285   Thumb Code    20  lib_ascii.o(.text)
    ASCII_IsDigHex                           0x08007299   Thumb Code    36  lib_ascii.o(.text)
    ASCII_IsBlank                            0x080072bd   Thumb Code    20  lib_ascii.o(.text)
    ASCII_IsSpace                            0x080072d1   Thumb Code    36  lib_ascii.o(.text)
    ASCII_IsPrint                            0x080072f5   Thumb Code    20  lib_ascii.o(.text)
    ASCII_IsGraph                            0x08007309   Thumb Code    20  lib_ascii.o(.text)
    ASCII_IsPunct                            0x0800731d   Thumb Code   134  lib_ascii.o(.text)
    ASCII_IsCtrl                             0x080073a3   Thumb Code    26  lib_ascii.o(.text)
    ASCII_ToLower                            0x080073bd   Thumb Code    32  lib_ascii.o(.text)
    ASCII_ToUpper                            0x080073dd   Thumb Code    32  lib_ascii.o(.text)
    ASCII_Cmp                                0x080073fd   Thumb Code    38  lib_ascii.o(.text)
    Mem_Init                                 0x08007425   Thumb Code    54  lib_mem.o(.text)
    Mem_Set                                  0x0800745b   Thumb Code    84  lib_mem.o(.text)
    Mem_Clr                                  0x080074af   Thumb Code    18  lib_mem.o(.text)
    Mem_Move                                 0x080074c1   Thumb Code   186  lib_mem.o(.text)
    Mem_Cmp                                  0x0800757b   Thumb Code   192  lib_mem.o(.text)
    Mem_HeapAlloc                            0x080076b3   Thumb Code   168  lib_mem.o(.text)
    Mem_SegGetSizeRem                        0x0800775b   Thumb Code   108  lib_mem.o(.text)
    Mem_HeapGetSizeRem                       0x080077c7   Thumb Code    22  lib_mem.o(.text)
    Mem_PoolClr                              0x080077dd   Thumb Code    80  lib_mem.o(.text)
    Mem_PoolCreate                           0x0800782d   Thumb Code   838  lib_mem.o(.text)
    Mem_PoolBlkGetNbrAvail                   0x08007b73   Thumb Code    52  lib_mem.o(.text)
    Mem_PoolBlkGet                           0x08007ba7   Thumb Code   126  lib_mem.o(.text)
    Mem_PoolBlkGetUsedAtIx                   0x08007c25   Thumb Code   140  lib_mem.o(.text)
    Mem_PoolBlkFree                          0x08007cb1   Thumb Code   152  lib_mem.o(.text)
    Mem_PoolBlkIxGet                         0x08007d49   Thumb Code   162  lib_mem.o(.text)
    Str_Len_N                                0x08007ded   Thumb Code    28  lib_str.o(.text)
    Str_Len                                  0x08007e09   Thumb Code    20  lib_str.o(.text)
    Str_Copy_N                               0x08007e1d   Thumb Code    70  lib_str.o(.text)
    Str_Copy                                 0x08007e63   Thumb Code    24  lib_str.o(.text)
    Str_Cat_N                                0x08007e7b   Thumb Code    90  lib_str.o(.text)
    Str_Cat                                  0x08007ed5   Thumb Code    24  lib_str.o(.text)
    Str_Cmp_N                                0x08007eed   Thumb Code   156  lib_str.o(.text)
    Str_Cmp                                  0x08007f89   Thumb Code    24  lib_str.o(.text)
    Str_CmpIgnoreCase_N                      0x08007fa1   Thumb Code   264  lib_str.o(.text)
    Str_CmpIgnoreCase                        0x080080a9   Thumb Code    24  lib_str.o(.text)
    Str_Char_N                               0x080080c1   Thumb Code    74  lib_str.o(.text)
    Str_Char                                 0x0800810b   Thumb Code    24  lib_str.o(.text)
    Str_Char_Last_N                          0x08008123   Thumb Code    76  lib_str.o(.text)
    Str_Char_Last                            0x0800816f   Thumb Code    24  lib_str.o(.text)
    Str_Char_Replace_N                       0x08008187   Thumb Code    52  lib_str.o(.text)
    Str_Char_Replace                         0x080081bb   Thumb Code    28  lib_str.o(.text)
    Str_Str_N                                0x080081d7   Thumb Code   182  lib_str.o(.text)
    Str_Str                                  0x0800828d   Thumb Code    24  lib_str.o(.text)
    Str_FmtNbr_Int32U                        0x08008481   Thumb Code    46  lib_str.o(.text)
    Str_FmtNbr_Int32S                        0x080084af   Thumb Code    62  lib_str.o(.text)
    Str_ParseNbr_Int32U                      0x080086ab   Thumb Code    30  lib_str.o(.text)
    Str_ParseNbr_Int32S                      0x080086c9   Thumb Code    74  lib_str.o(.text)
    Mem_Copy                                 0x08008719   Thumb Code     0  lib_mem_a.o(.text)
    OSCfg_Init                               0x08008939   Thumb Code    86  os_cfg_app.o(.text)
    OS_IdleTask                              0x08008a35   Thumb Code    60  os_core.o(.text)
    OS_IdleTaskInit                          0x08008a71   Thumb Code    68  os_core.o(.text)
    OS_RdyListInit                           0x08008ab5   Thumb Code    32  os_core.o(.text)
    OSInit                                   0x08008ad5   Thumb Code   300  os_core.o(.text)
    OSIntEnter                               0x08008c01   Thumb Code    34  os_core.o(.text)
    OSIntExit                                0x08008c23   Thumb Code   188  os_core.o(.text)
    OSSched                                  0x08008cdf   Thumb Code   130  os_core.o(.text)
    OS_SchedLockTimeMeasStart                0x08008d61   Thumb Code    20  os_core.o(.text)
    OSSchedLock                              0x08008d75   Thumb Code   104  os_core.o(.text)
    OS_SchedLockTimeMeasStop                 0x08008ddd   Thumb Code    44  os_core.o(.text)
    OSSchedUnlock                            0x08008e09   Thumb Code   286  os_core.o(.text)
    OSSchedRoundRobinCfg                     0x08008f27   Thumb Code    88  os_core.o(.text)
    OS_RdyListMoveHeadToTail                 0x08008f7f   Thumb Code    68  os_core.o(.text)
    OSSchedRoundRobinYield                   0x08008fc3   Thumb Code   164  os_core.o(.text)
    OSStart                                  0x08009067   Thumb Code    78  os_core.o(.text)
    OSVersion                                0x080090b5   Thumb Code    12  os_core.o(.text)
    OS_PendDbgNameAdd                        0x080090c1   Thumb Code    66  os_core.o(.text)
    OS_PendListInsertPrio                    0x08009103   Thumb Code   102  os_core.o(.text)
    OS_PendDataInit                          0x08009169   Thumb Code    38  os_core.o(.text)
    OS_RdyListRemove                         0x0800918f   Thumb Code    86  os_core.o(.text)
    OS_TaskBlock                             0x080091e5   Thumb Code    56  os_core.o(.text)
    OS_Pend                                  0x0800921d   Thumb Code    98  os_core.o(.text)
    OS_PendListRemove1                       0x0800927f   Thumb Code   136  os_core.o(.text)
    OS_PendListRemove                        0x08009307   Thumb Code    48  os_core.o(.text)
    OS_PendAbort1                            0x08009337   Thumb Code    36  os_core.o(.text)
    OS_RdyListInsertHead                     0x0800935b   Thumb Code    58  os_core.o(.text)
    OS_RdyListInsertTail                     0x08009395   Thumb Code    56  os_core.o(.text)
    OS_RdyListInsert                         0x080093cd   Thumb Code    40  os_core.o(.text)
    OS_TaskRdy                               0x080093f5   Thumb Code    28  os_core.o(.text)
    OS_PendAbort                             0x08009411   Thumb Code   166  os_core.o(.text)
    OS_PendDbgNameRemove                     0x080094b7   Thumb Code    34  os_core.o(.text)
    OS_PendListChangePrio                    0x080094d9   Thumb Code    70  os_core.o(.text)
    OS_PendListInit                          0x0800951f   Thumb Code    10  os_core.o(.text)
    OS_PendListInsertHead                    0x08009529   Thumb Code    32  os_core.o(.text)
    OS_PendObjDel1                           0x08009549   Thumb Code    36  os_core.o(.text)
    OS_PendObjDel                            0x0800956d   Thumb Code   162  os_core.o(.text)
    OS_Post1                                 0x0800960f   Thumb Code    42  os_core.o(.text)
    OS_Post                                  0x08009639   Thumb Code   192  os_core.o(.text)
    OS_Sched0                                0x080096f9   Thumb Code    68  os_core.o(.text)
    OS_SchedRoundRobin                       0x0800973d   Thumb Code   218  os_core.o(.text)
    OS_Dbg_Init                              0x08009825   Thumb Code   146  os_dbg.o(.text)
    OS_FlagDbgListAdd                        0x080099d5   Thumb Code    38  os_flag.o(.text)
    OSFlagCreate                             0x080099fb   Thumb Code   172  os_flag.o(.text)
    OS_FlagClr                               0x08009aa7   Thumb Code    28  os_flag.o(.text)
    OS_FlagDbgListRemove                     0x08009ac3   Thumb Code    44  os_flag.o(.text)
    OSFlagDel                                0x08009aef   Thumb Code   594  os_flag.o(.text)
    OS_FlagBlock                             0x08009d41   Thumb Code    58  os_flag.o(.text)
    OSFlagPend                               0x08009d7b   Thumb Code  1488  os_flag.o(.text)
    OSFlagPendAbort                          0x0800a34b   Thumb Code   292  os_flag.o(.text)
    OSFlagPendGetFlagsRdy                    0x0800a46f   Thumb Code    68  os_flag.o(.text)
    OS_FlagTaskRdy                           0x0800a4b3   Thumb Code    86  os_flag.o(.text)
    OS_FlagPost                              0x0800a509   Thumb Code   570  os_flag.o(.text)
    OSFlagPost                               0x0800a743   Thumb Code   146  os_flag.o(.text)
    OS_FlagInit                              0x0800a7d5   Thumb Code    14  os_flag.o(.text)
    OS_IntQPost                              0x0800a7fd   Thumb Code   216  os_int.o(.text)
    OS_IntQRePost                            0x0800a8d5   Thumb Code   360  os_int.o(.text)
    OS_IntQTask                              0x0800aa3d   Thumb Code   162  os_int.o(.text)
    OS_IntQTaskInit                          0x0800aadf   Thumb Code   208  os_int.o(.text)
    OS_MemDbgListAdd                         0x0800ac41   Thumb Code    34  os_mem.o(.text)
    OSMemCreate                              0x0800ac63   Thumb Code   288  os_mem.o(.text)
    OSMemGet                                 0x0800ad83   Thumb Code   100  os_mem.o(.text)
    OSMemPut                                 0x0800ade7   Thumb Code   112  os_mem.o(.text)
    OS_MemInit                               0x0800ae57   Thumb Code    14  os_mem.o(.text)
    OS_MsgPoolCreate                         0x0800ae79   Thumb Code    54  os_msg.o(.text)
    OS_MsgPoolInit                           0x0800aeaf   Thumb Code    70  os_msg.o(.text)
    OS_MsgQFreeAll                           0x0800aef5   Thumb Code    62  os_msg.o(.text)
    OS_MsgQInit                              0x0800af33   Thumb Code    14  os_msg.o(.text)
    OS_MsgQGet                               0x0800af41   Thumb Code    98  os_msg.o(.text)
    OS_MsgQPut                               0x0800afa3   Thumb Code   246  os_msg.o(.text)
    OS_MutexDbgListAdd                       0x0800b0a5   Thumb Code    38  os_mutex.o(.text)
    OSMutexCreate                            0x0800b0cb   Thumb Code   178  os_mutex.o(.text)
    OS_MutexClr                              0x0800b17d   Thumb Code    38  os_mutex.o(.text)
    OS_MutexDbgListRemove                    0x0800b1a3   Thumb Code    44  os_mutex.o(.text)
    OSMutexDel                               0x0800b1cf   Thumb Code   842  os_mutex.o(.text)
    OSMutexPend                              0x0800b519   Thumb Code   706  os_mutex.o(.text)
    OSMutexPendAbort                         0x0800b7db   Thumb Code   314  os_mutex.o(.text)
    OSMutexPost                              0x0800b915   Thumb Code   564  os_mutex.o(.text)
    OS_MutexInit                             0x0800bb49   Thumb Code    14  os_mutex.o(.text)
    OS_PrioInit                              0x0800bb79   Thumb Code    20  os_prio.o(.text)
    OS_PrioGetHighest                        0x0800bb8d   Thumb Code    36  os_prio.o(.text)
    OS_PrioInsert                            0x0800bbb1   Thumb Code    32  os_prio.o(.text)
    OS_PrioRemove                            0x0800bbd1   Thumb Code    32  os_prio.o(.text)
    OS_QDbgListAdd                           0x0800bbf5   Thumb Code    38  os_q.o(.text)
    OSQCreate                                0x0800bc1b   Thumb Code   186  os_q.o(.text)
    OS_QClr                                  0x0800bcd5   Thumb Code    40  os_q.o(.text)
    OS_QDbgListRemove                        0x0800bcfd   Thumb Code    44  os_q.o(.text)
    OSQDel                                   0x0800bd29   Thumb Code   362  os_q.o(.text)
    OSQFlush                                 0x0800be93   Thumb Code   210  os_q.o(.text)
    OSQPend                                  0x0800bf65   Thumb Code   538  os_q.o(.text)
    OSQPendAbort                             0x0800c17f   Thumb Code   292  os_q.o(.text)
    OS_QPost                                 0x0800c2a3   Thumb Code   324  os_q.o(.text)
    OSQPost                                  0x0800c3e7   Thumb Code   198  os_q.o(.text)
    OS_QInit                                 0x0800c4ad   Thumb Code    14  os_q.o(.text)
    OS_SemDbgListAdd                         0x0800c4cd   Thumb Code    38  os_sem.o(.text)
    OSSemCreate                              0x0800c4f3   Thumb Code   172  os_sem.o(.text)
    OS_SemClr                                0x0800c59f   Thumb Code    28  os_sem.o(.text)
    OS_SemDbgListRemove                      0x0800c5bb   Thumb Code    44  os_sem.o(.text)
    OSSemDel                                 0x0800c5e7   Thumb Code   362  os_sem.o(.text)
    OSSemPend                                0x0800c751   Thumb Code   504  os_sem.o(.text)
    OSSemPendAbort                           0x0800c949   Thumb Code   292  os_sem.o(.text)
    OS_SemPost                               0x0800ca6d   Thumb Code   350  os_sem.o(.text)
    OSSemPost                                0x0800cbcb   Thumb Code   144  os_sem.o(.text)
    OSSemSet                                 0x0800cc5b   Thumb Code   138  os_sem.o(.text)
    OS_SemInit                               0x0800cce5   Thumb Code    14  os_sem.o(.text)
    OSStatReset                              0x0800ccfd   Thumb Code   270  os_stat.o(.text)
    OSStatTaskCPUUsageInit                   0x0800ce0b   Thumb Code   212  os_stat.o(.text)
    OS_StatTask                              0x0800cedf   Thumb Code   888  os_stat.o(.text)
    OS_StatTaskInit                          0x0800d257   Thumb Code   138  os_stat.o(.text)
    OSTaskChangePrio                         0x0800d335   Thumb Code   416  os_task.o(.text)
    OS_TaskDbgListAdd                        0x0800d4d5   Thumb Code    42  os_task.o(.text)
    OS_TaskInitTCB                           0x0800d4ff   Thumb Code   186  os_task.o(.text)
    OSTaskCreate                             0x0800d5b9   Thumb Code   616  os_task.o(.text)
    OS_TaskDbgListRemove                     0x0800d821   Thumb Code    64  os_task.o(.text)
    OSTaskDel                                0x0800d861   Thumb Code   424  os_task.o(.text)
    OSTaskQFlush                             0x0800da09   Thumb Code   214  os_task.o(.text)
    OSTaskQPend                              0x0800dadf   Thumb Code   554  os_task.o(.text)
    OSTaskQPendAbort                         0x0800dd09   Thumb Code   242  os_task.o(.text)
    OS_TaskQPost                             0x0800ddfb   Thumb Code   526  os_task.o(.text)
    OSTaskQPost                              0x0800e009   Thumb Code   114  os_task.o(.text)
    OSTaskRegGet                             0x0800e07b   Thumb Code    78  os_task.o(.text)
    OSTaskRegGetID                           0x0800e0c9   Thumb Code    84  os_task.o(.text)
    OSTaskRegSet                             0x0800e11d   Thumb Code    78  os_task.o(.text)
    OS_TaskResume                            0x0800e16b   Thumb Code   314  os_task.o(.text)
    OSTaskResume                             0x0800e2a5   Thumb Code   112  os_task.o(.text)
    OSTaskSemPend                            0x0800e315   Thumb Code   550  os_task.o(.text)
    OSTaskSemPendAbort                       0x0800e53b   Thumb Code   270  os_task.o(.text)
    OS_TaskSemPost                           0x0800e649   Thumb Code  1224  os_task.o(.text)
    OSTaskSemPost                            0x0800eb11   Thumb Code    98  os_task.o(.text)
    OSTaskSemSet                             0x0800eb73   Thumb Code    80  os_task.o(.text)
    OSTaskStkChk                             0x0800ebc3   Thumb Code   224  os_task.o(.text)
    OS_TaskSuspend                           0x0800eca3   Thumb Code   328  os_task.o(.text)
    OSTaskSuspend                            0x0800edeb   Thumb Code    78  os_task.o(.text)
    OSTaskTimeQuantaSet                      0x0800ee39   Thumb Code    96  os_task.o(.text)
    OS_TaskInit                              0x0800ee99   Thumb Code    18  os_task.o(.text)
    OS_TaskReturn                            0x0800eeab   Thumb Code    20  os_task.o(.text)
    OS_TickListRemove                        0x0800eee9   Thumb Code    56  os_tick.o(.text)
    OS_TickListUpdate                        0x0800ef21   Thumb Code   480  os_tick.o(.text)
    OS_TickTask                              0x0800f101   Thumb Code    38  os_tick.o(.text)
    OS_TickListInit                          0x0800f127   Thumb Code    32  os_tick.o(.text)
    OS_TickTaskInit                          0x0800f147   Thumb Code   130  os_tick.o(.text)
    OS_TickListInsert                        0x0800f1c9   Thumb Code   502  os_tick.o(.text)
    OS_TickListResetPeak                     0x0800f3bf   Thumb Code    28  os_tick.o(.text)
    OSTimeDly                                0x0800f3e5   Thumb Code   266  os_time.o(.text)
    OSTimeDlyHMSM                            0x0800f4ef   Thumb Code   480  os_time.o(.text)
    OSTimeDlyResume                          0x0800f6cf   Thumb Code   466  os_time.o(.text)
    OSTimeGet                                0x0800f8a1   Thumb Code    46  os_time.o(.text)
    OSTimeSet                                0x0800f8cf   Thumb Code    46  os_time.o(.text)
    OSTimeTick                               0x0800f8fd   Thumb Code    54  os_time.o(.text)
    OS_TmrDbgListAdd                         0x0800f949   Thumb Code    34  os_tmr.o(.text)
    OSTmrCreate                              0x0800f96b   Thumb Code   248  os_tmr.o(.text)
    OS_TmrClr                                0x0800fa63   Thumb Code    36  os_tmr.o(.text)
    OS_TmrUnlink                             0x0800fa87   Thumb Code    72  os_tmr.o(.text)
    OS_TmrDbgListRemove                      0x0800facf   Thumb Code    44  os_tmr.o(.text)
    OSTmrDel                                 0x0800fafb   Thumb Code   176  os_tmr.o(.text)
    OSTmrRemainGet                           0x0800fbab   Thumb Code   184  os_tmr.o(.text)
    OS_TmrLink                               0x0800fc63   Thumb Code   196  os_tmr.o(.text)
    OSTmrStart                               0x0800fd27   Thumb Code   210  os_tmr.o(.text)
    OSTmrStateGet                            0x0800fdf9   Thumb Code   134  os_tmr.o(.text)
    OSTmrStop                                0x0800fe7f   Thumb Code   232  os_tmr.o(.text)
    OS_TmrTask                               0x0800ff67   Thumb Code   176  os_tmr.o(.text)
    OS_TmrInit                               0x08010017   Thumb Code   208  os_tmr.o(.text)
    OS_TmrResetPeak                          0x080100e7   Thumb Code    28  os_tmr.o(.text)
    OSIdleTaskHook                           0x08010161   Thumb Code    16  os_cpu_c.o(.text)
    OSInitHook                               0x08010171   Thumb Code    28  os_cpu_c.o(.text)
    OSStatTaskHook                           0x0801018d   Thumb Code    16  os_cpu_c.o(.text)
    OSTaskCreateHook                         0x0801019d   Thumb Code    20  os_cpu_c.o(.text)
    OSTaskDelHook                            0x080101b1   Thumb Code    20  os_cpu_c.o(.text)
    OSTaskReturnHook                         0x080101c5   Thumb Code    20  os_cpu_c.o(.text)
    OSTaskStkInit                            0x080101d9   Thumb Code   600  os_cpu_c.o(.text)
    OSTaskSwHook                             0x08010431   Thumb Code   120  os_cpu_c.o(.text)
    OSTimeTickHook                           0x080104a9   Thumb Code    16  os_cpu_c.o(.text)
    OS_CPU_SysTickHandler                    0x080104b9   Thumb Code    52  os_cpu_c.o(.text)
    OS_CPU_SysTickInit                       0x080104ed   Thumb Code    44  os_cpu_c.o(.text)
    __use_no_semihosting                     0x08010559   Thumb Code     2  use_no_semi_2.o(.text)
    __aeabi_uldivmod                         0x0801055b   Thumb Code     0  lludivv7m.o(.text)
    _ll_udiv                                 0x0801055b   Thumb Code   238  lludivv7m.o(.text)
    __2printf                                0x08010649   Thumb Code    20  noretval__2printf.o(.text)
    __printf                                 0x08010661   Thumb Code   104  __printf.o(.text)
    _printf_int_dec                          0x080106c9   Thumb Code   104  _printf_dec.o(.text)
    _printf_int_hex                          0x08010741   Thumb Code    84  _printf_hex_int.o(.text)
    _printf_longlong_hex                     0x08010741   Thumb Code     0  _printf_hex_int.o(.text)
    __use_two_region_memory                  0x08010799   Thumb Code     2  heapauxi.o(.text)
    __rt_heap_escrow$2region                 0x0801079b   Thumb Code     2  heapauxi.o(.text)
    __rt_heap_expand$2region                 0x0801079d   Thumb Code     2  heapauxi.o(.text)
    __I$use$semihosting                      0x0801079f   Thumb Code     0  use_no_semi.o(.text)
    __use_no_semihosting_swi                 0x0801079f   Thumb Code     2  use_no_semi.o(.text)
    _printf_int_common                       0x080107a1   Thumb Code   178  _printf_intcommon.o(.text)
    _printf_char_file                        0x08010855   Thumb Code    32  _printf_char_file.o(.text)
    _printf_char_common                      0x08010883   Thumb Code    32  _printf_char_common.o(.text)
    ferror                                   0x080108a9   Thumb Code     8  ferror.o(.text)
    __user_setup_stackheap                   0x080108b1   Thumb Code    74  sys_stackheap_outer.o(.text)
    exit                                     0x080108fb   Thumb Code    12  exit.o(.text)
    __user_libspace                          0x08010909   Thumb Code     8  libspace.o(.text)
    __user_perproc_libspace                  0x08010909   Thumb Code     0  libspace.o(.text)
    __user_perthread_libspace                0x08010909   Thumb Code     0  libspace.o(.text)
    OSStartHighRdy                           0x08010911   Thumb Code     0  os_cpu_a.o(CODE)
    OSCtxSw                                  0x08010933   Thumb Code     0  os_cpu_a.o(CODE)
    OSIntCtxSw                               0x0801093d   Thumb Code     0  os_cpu_a.o(CODE)
    PendSV_Handler                           0x08010947   Thumb Code     0  os_cpu_a.o(CODE)
    __aeabi_d2uiz                            0x080109bd   Thumb Code     0  dfixu.o(x$fpl$dfixu)
    _dfixu                                   0x080109bd   Thumb Code    90  dfixu.o(x$fpl$dfixu)
    __aeabi_ui2d                             0x08010a17   Thumb Code     0  dflt_clz.o(x$fpl$dfltu)
    _dfltu                                   0x08010a17   Thumb Code    38  dflt_clz.o(x$fpl$dfltu)
    __aeabi_dmul                             0x08010a3d   Thumb Code     0  dmul.o(x$fpl$dmul)
    _dmul                                    0x08010a3d   Thumb Code   332  dmul.o(x$fpl$dmul)
    __fpl_dnaninf                            0x08010b91   Thumb Code   156  dnaninf.o(x$fpl$dnaninf)
    __fpl_dretinf                            0x08010c2d   Thumb Code    12  dretinf.o(x$fpl$dretinf)
    _fp_init                                 0x08010c39   Thumb Code    10  fpinit.o(x$fpl$fpinit)
    __fplib_config_fpu_vfp                   0x08010c41   Thumb Code     0  fpinit.o(x$fpl$fpinit)
    __fplib_config_pureend_doubles           0x08010c41   Thumb Code     0  fpinit.o(x$fpl$fpinit)
    __I$use$fp                               0x08010c42   Number         0  usenofp.o(x$fpl$usenofp)
    asc2_1206                                0x08010c42   Data        1140  lcd.o(.constdata)
    asc2_1608                                0x080110b6   Data        1520  lcd.o(.constdata)
    asc2_2412                                0x080116a6   Data        3420  lcd.o(.constdata)
    FSMC_DefaultTimingStruct                 0x08012404   Data          28  stm32f4xx_fsmc.o(.constdata)
    CPU_EndiannessTest                       0x08012520   Data           4  cpu_core.o(.constdata)
    OSCfg_IdleTaskStkBasePtr                 0x080125b8   Data           4  os_cfg_app.o(.constdata)
    OSCfg_IdleTaskStkLimit                   0x080125bc   Data           4  os_cfg_app.o(.constdata)
    OSCfg_IdleTaskStkSize                    0x080125c0   Data           4  os_cfg_app.o(.constdata)
    OSCfg_IdleTaskStkSizeRAM                 0x080125c4   Data           4  os_cfg_app.o(.constdata)
    OSCfg_IntQBasePtr                        0x080125c8   Data           4  os_cfg_app.o(.constdata)
    OSCfg_IntQSize                           0x080125cc   Data           2  os_cfg_app.o(.constdata)
    OSCfg_IntQSizeRAM                        0x080125d0   Data           4  os_cfg_app.o(.constdata)
    OSCfg_IntQTaskStkBasePtr                 0x080125d4   Data           4  os_cfg_app.o(.constdata)
    OSCfg_IntQTaskStkLimit                   0x080125d8   Data           4  os_cfg_app.o(.constdata)
    OSCfg_IntQTaskStkSize                    0x080125dc   Data           4  os_cfg_app.o(.constdata)
    OSCfg_IntQTaskStkSizeRAM                 0x080125e0   Data           4  os_cfg_app.o(.constdata)
    OSCfg_ISRStkBasePtr                      0x080125e4   Data           4  os_cfg_app.o(.constdata)
    OSCfg_ISRStkSize                         0x080125e8   Data           4  os_cfg_app.o(.constdata)
    OSCfg_ISRStkSizeRAM                      0x080125ec   Data           4  os_cfg_app.o(.constdata)
    OSCfg_MsgPoolSize                        0x080125f0   Data           2  os_cfg_app.o(.constdata)
    OSCfg_MsgPoolSizeRAM                     0x080125f4   Data           4  os_cfg_app.o(.constdata)
    OSCfg_MsgPoolBasePtr                     0x080125f8   Data           4  os_cfg_app.o(.constdata)
    OSCfg_StatTaskPrio                       0x080125fc   Data           1  os_cfg_app.o(.constdata)
    OSCfg_StatTaskRate_Hz                    0x08012600   Data           4  os_cfg_app.o(.constdata)
    OSCfg_StatTaskStkBasePtr                 0x08012604   Data           4  os_cfg_app.o(.constdata)
    OSCfg_StatTaskStkLimit                   0x08012608   Data           4  os_cfg_app.o(.constdata)
    OSCfg_StatTaskStkSize                    0x0801260c   Data           4  os_cfg_app.o(.constdata)
    OSCfg_StatTaskStkSizeRAM                 0x08012610   Data           4  os_cfg_app.o(.constdata)
    OSCfg_StkSizeMin                         0x08012614   Data           4  os_cfg_app.o(.constdata)
    OSCfg_TickRate_Hz                        0x08012618   Data           4  os_cfg_app.o(.constdata)
    OSCfg_TickTaskPrio                       0x0801261c   Data           1  os_cfg_app.o(.constdata)
    OSCfg_TickTaskStkBasePtr                 0x08012620   Data           4  os_cfg_app.o(.constdata)
    OSCfg_TickTaskStkLimit                   0x08012624   Data           4  os_cfg_app.o(.constdata)
    OSCfg_TickTaskStkSize                    0x08012628   Data           4  os_cfg_app.o(.constdata)
    OSCfg_TickTaskStkSizeRAM                 0x0801262c   Data           4  os_cfg_app.o(.constdata)
    OSCfg_TickWheelSize                      0x08012630   Data           2  os_cfg_app.o(.constdata)
    OSCfg_TickWheelSizeRAM                   0x08012634   Data           4  os_cfg_app.o(.constdata)
    OSCfg_TmrTaskPrio                        0x08012638   Data           1  os_cfg_app.o(.constdata)
    OSCfg_TmrTaskRate_Hz                     0x0801263c   Data           4  os_cfg_app.o(.constdata)
    OSCfg_TmrTaskStkBasePtr                  0x08012640   Data           4  os_cfg_app.o(.constdata)
    OSCfg_TmrTaskStkLimit                    0x08012644   Data           4  os_cfg_app.o(.constdata)
    OSCfg_TmrTaskStkSize                     0x08012648   Data           4  os_cfg_app.o(.constdata)
    OSCfg_TmrTaskStkSizeRAM                  0x0801264c   Data           4  os_cfg_app.o(.constdata)
    OSCfg_TmrWheelSize                       0x08012650   Data           2  os_cfg_app.o(.constdata)
    OSCfg_TmrWheelSizeRAM                    0x08012654   Data           4  os_cfg_app.o(.constdata)
    OSCfg_DataSizeRAM                        0x08012658   Data           4  os_cfg_app.o(.constdata)
    OSDbg_DbgEn                              0x0801265c   Data           2  os_dbg.o(.constdata)
    OSDbg_ArgChkEn                           0x0801265e   Data           1  os_dbg.o(.constdata)
    OSDbg_AppHooksEn                         0x0801265f   Data           1  os_dbg.o(.constdata)
    OSDbg_EndiannessTest                     0x08012660   Data           4  os_dbg.o(.constdata)
    OSDbg_CalledFromISRChkEn                 0x08012664   Data           1  os_dbg.o(.constdata)
    OSDbg_FlagEn                             0x08012665   Data           1  os_dbg.o(.constdata)
    OSDbg_FlagGrp                            0x08012668   Data          40  os_dbg.o(.constdata)
    OSDbg_FlagDelEn                          0x08012690   Data           1  os_dbg.o(.constdata)
    OSDbg_FlagModeClrEn                      0x08012691   Data           1  os_dbg.o(.constdata)
    OSDbg_FlagPendAbortEn                    0x08012692   Data           1  os_dbg.o(.constdata)
    OSDbg_FlagGrpSize                        0x08012694   Data           2  os_dbg.o(.constdata)
    OSDbg_FlagWidth                          0x08012696   Data           2  os_dbg.o(.constdata)
    OSDbg_IntQ                               0x08012698   Data           2  os_dbg.o(.constdata)
    OSDbg_ISRPostDeferredEn                  0x0801269a   Data           1  os_dbg.o(.constdata)
    OSDbg_Mem                                0x0801269c   Data          32  os_dbg.o(.constdata)
    OSDbg_MemEn                              0x080126bc   Data           1  os_dbg.o(.constdata)
    OSDbg_MemSize                            0x080126be   Data           2  os_dbg.o(.constdata)
    OSDbg_MsgEn                              0x080126c0   Data           1  os_dbg.o(.constdata)
    OSDbg_MsgSize                            0x080126c2   Data           2  os_dbg.o(.constdata)
    OSDbg_MsgPoolSize                        0x080126c4   Data           2  os_dbg.o(.constdata)
    OSDbg_MsgQSize                           0x080126c6   Data           2  os_dbg.o(.constdata)
    OSDbg_Mutex                              0x080126c8   Data          44  os_dbg.o(.constdata)
    OSDbg_MutexEn                            0x080126f4   Data           1  os_dbg.o(.constdata)
    OSDbg_MutexDelEn                         0x080126f5   Data           1  os_dbg.o(.constdata)
    OSDbg_MutexPendAbortEn                   0x080126f6   Data           1  os_dbg.o(.constdata)
    OSDbg_MutexSize                          0x080126f8   Data           2  os_dbg.o(.constdata)
    OSDbg_ObjTypeChkEn                       0x080126fa   Data           1  os_dbg.o(.constdata)
    OSDbg_PendMultiEn                        0x080126fb   Data           1  os_dbg.o(.constdata)
    OSDbg_PendDataSize                       0x080126fc   Data           2  os_dbg.o(.constdata)
    OSDbg_PendListSize                       0x080126fe   Data           2  os_dbg.o(.constdata)
    OSDbg_PendObjSize                        0x08012700   Data           2  os_dbg.o(.constdata)
    OSDbg_PrioMax                            0x08012702   Data           2  os_dbg.o(.constdata)
    OSDbg_PrioTblSize                        0x08012704   Data           2  os_dbg.o(.constdata)
    OSDbg_PtrSize                            0x08012706   Data           2  os_dbg.o(.constdata)
    OSDbg_Q                                  0x08012708   Data          48  os_dbg.o(.constdata)
    OSDbg_QEn                                0x08012738   Data           1  os_dbg.o(.constdata)
    OSDbg_QDelEn                             0x08012739   Data           1  os_dbg.o(.constdata)
    OSDbg_QFlushEn                           0x0801273a   Data           1  os_dbg.o(.constdata)
    OSDbg_QPendAbortEn                       0x0801273b   Data           1  os_dbg.o(.constdata)
    OSDbg_QSize                              0x0801273c   Data           2  os_dbg.o(.constdata)
    OSDbg_SchedRoundRobinEn                  0x0801273e   Data           1  os_dbg.o(.constdata)
    OSDbg_Sem                                0x08012740   Data          40  os_dbg.o(.constdata)
    OSDbg_SemEn                              0x08012768   Data           1  os_dbg.o(.constdata)
    OSDbg_SemDelEn                           0x08012769   Data           1  os_dbg.o(.constdata)
    OSDbg_SemPendAbortEn                     0x0801276a   Data           1  os_dbg.o(.constdata)
    OSDbg_SemSetEn                           0x0801276b   Data           1  os_dbg.o(.constdata)
    OSDbg_SemSize                            0x0801276c   Data           2  os_dbg.o(.constdata)
    OSDbg_RdyList                            0x0801276e   Data           2  os_dbg.o(.constdata)
    OSDbg_RdyListSize                        0x08012770   Data           4  os_dbg.o(.constdata)
    OSDbg_StkWidth                           0x08012774   Data           1  os_dbg.o(.constdata)
    OSDbg_StatTaskEn                         0x08012775   Data           1  os_dbg.o(.constdata)
    OSDbg_StatTaskStkChkEn                   0x08012776   Data           1  os_dbg.o(.constdata)
    OSDbg_TaskChangePrioEn                   0x08012777   Data           1  os_dbg.o(.constdata)
    OSDbg_TaskDelEn                          0x08012778   Data           1  os_dbg.o(.constdata)
    OSDbg_TaskQEn                            0x08012779   Data           1  os_dbg.o(.constdata)
    OSDbg_TaskQPendAbortEn                   0x0801277a   Data           1  os_dbg.o(.constdata)
    OSDbg_TaskProfileEn                      0x0801277b   Data           1  os_dbg.o(.constdata)
    OSDbg_TaskRegTblSize                     0x0801277c   Data           2  os_dbg.o(.constdata)
    OSDbg_TaskSemPendAbortEn                 0x0801277e   Data           1  os_dbg.o(.constdata)
    OSDbg_TaskSuspendEn                      0x0801277f   Data           1  os_dbg.o(.constdata)
    OSDbg_TCBSize                            0x08012780   Data           2  os_dbg.o(.constdata)
    OSDbg_TickSpokeSize                      0x08012782   Data           2  os_dbg.o(.constdata)
    OSDbg_TimeDlyHMSMEn                      0x08012784   Data           1  os_dbg.o(.constdata)
    OSDbg_TimeDlyResumeEn                    0x08012785   Data           1  os_dbg.o(.constdata)
    OSDbg_TLS_TblSize                        0x08012786   Data           2  os_dbg.o(.constdata)
    OSDbg_Tmr                                0x08012788   Data          52  os_dbg.o(.constdata)
    OSDbg_TmrEn                              0x080127bc   Data           1  os_dbg.o(.constdata)
    OSDbg_TmrDelEn                           0x080127bd   Data           1  os_dbg.o(.constdata)
    OSDbg_TmrSize                            0x080127be   Data           2  os_dbg.o(.constdata)
    OSDbg_TmrSpokeSize                       0x080127c0   Data           2  os_dbg.o(.constdata)
    OSDbg_VersionNbr                         0x080127c2   Data           2  os_dbg.o(.constdata)
    OSDbg_DataSize                           0x080127c4   Data           4  os_dbg.o(.constdata)
    Region$$Table$$Base                      0x080127f0   Number         0  anon$$obj.o(Region$$Table)
    Region$$Table$$Limit                     0x08012810   Number         0  anon$$obj.o(Region$$Table)
    lcd_discolor                             0x20000000   Data          56  main.o(.data)
    SystemCoreClock                          0x20000038   Data           4  system_stm32f4xx.o(.data)
    AHBPrescTable                            0x2000003c   Data          16  system_stm32f4xx.o(.data)
    POINT_COLOR                              0x2000004c   Data           2  lcd.o(.data)
    BACK_COLOR                               0x2000004e   Data           2  lcd.o(.data)
    __stdout                                 0x20000064   Data           4  usart.o(.data)
    USART_RX_STA                             0x20000068   Data           2  usart.o(.data)
    CPU_TS_TmrFreq_Hz                        0x2000006c   Data           4  cpu_core.o(.data)
    Mem_PoolTbl                              0x20000070   Data           4  lib_mem.o(.data)
    OSPrioTbl                                0x20000074   Data           8  os_prio.o(.data)
    OS_AppTaskCreateHookPtr                  0x2000007c   Data           4  os_var.o(.data)
    OS_AppTaskDelHookPtr                     0x20000080   Data           4  os_var.o(.data)
    OS_AppTaskReturnHookPtr                  0x20000084   Data           4  os_var.o(.data)
    OS_AppIdleTaskHookPtr                    0x20000088   Data           4  os_var.o(.data)
    OS_AppStatTaskHookPtr                    0x2000008c   Data           4  os_var.o(.data)
    OS_AppTaskSwHookPtr                      0x20000090   Data           4  os_var.o(.data)
    OS_AppTimeTickHookPtr                    0x20000094   Data           4  os_var.o(.data)
    OSIdleTaskCtr                            0x20000098   Data           4  os_var.o(.data)
    OSIntNestingCtr                          0x2000009c   Data           1  os_var.o(.data)
    OSRunning                                0x2000009d   Data           1  os_var.o(.data)
    OSIntQInPtr                              0x200000a0   Data           4  os_var.o(.data)
    OSIntQOutPtr                             0x200000a4   Data           4  os_var.o(.data)
    OSIntQNbrEntries                         0x200000a8   Data           2  os_var.o(.data)
    OSIntQNbrEntriesMax                      0x200000aa   Data           2  os_var.o(.data)
    OSIntQOvfCtr                             0x200000ac   Data           2  os_var.o(.data)
    OSIntQTaskTimeMax                        0x200000b0   Data           4  os_var.o(.data)
    OSFlagDbgListPtr                         0x200000b4   Data           4  os_var.o(.data)
    OSFlagQty                                0x200000b8   Data           2  os_var.o(.data)
    OSMemDbgListPtr                          0x200000bc   Data           4  os_var.o(.data)
    OSMemQty                                 0x200000c0   Data           2  os_var.o(.data)
    OSMutexDbgListPtr                        0x200000c4   Data           4  os_var.o(.data)
    OSMutexQty                               0x200000c8   Data           2  os_var.o(.data)
    OSPrioCur                                0x200000ca   Data           1  os_var.o(.data)
    OSPrioHighRdy                            0x200000cb   Data           1  os_var.o(.data)
    OSPrioSaved                              0x200000cc   Data           1  os_var.o(.data)
    OSQDbgListPtr                            0x200000d0   Data           4  os_var.o(.data)
    OSQQty                                   0x200000d4   Data           2  os_var.o(.data)
    OSSchedLockTimeBegin                     0x200000d8   Data           4  os_var.o(.data)
    OSSchedLockTimeMax                       0x200000dc   Data           4  os_var.o(.data)
    OSSchedLockTimeMaxCur                    0x200000e0   Data           4  os_var.o(.data)
    OSSchedLockNestingCtr                    0x200000e4   Data           1  os_var.o(.data)
    OSSchedRoundRobinDfltTimeQuanta          0x200000e8   Data           4  os_var.o(.data)
    OSSchedRoundRobinEn                      0x200000ec   Data           1  os_var.o(.data)
    OSSemDbgListPtr                          0x200000f0   Data           4  os_var.o(.data)
    OSSemQty                                 0x200000f4   Data           2  os_var.o(.data)
    OSStatResetFlag                          0x200000f6   Data           1  os_var.o(.data)
    OSStatTaskCPUUsage                       0x200000f8   Data           2  os_var.o(.data)
    OSStatTaskCPUUsageMax                    0x200000fa   Data           2  os_var.o(.data)
    OSStatTaskCtr                            0x200000fc   Data           4  os_var.o(.data)
    OSStatTaskCtrMax                         0x20000100   Data           4  os_var.o(.data)
    OSStatTaskCtrRun                         0x20000104   Data           4  os_var.o(.data)
    OSStatTaskRdy                            0x20000108   Data           1  os_var.o(.data)
    OSStatTaskTimeMax                        0x2000010c   Data           4  os_var.o(.data)
    OSTaskCtxSwCtr                           0x20000110   Data           4  os_var.o(.data)
    OSTaskDbgListPtr                         0x20000114   Data           4  os_var.o(.data)
    OSTaskQty                                0x20000118   Data           2  os_var.o(.data)
    OSTaskRegNextAvailID                     0x2000011a   Data           1  os_var.o(.data)
    OSTickCtr                                0x2000011c   Data           4  os_var.o(.data)
    OSTickTaskTimeMax                        0x20000120   Data           4  os_var.o(.data)
    OSTmrDbgListPtr                          0x20000124   Data           4  os_var.o(.data)
    OSTmrQty                                 0x20000128   Data           2  os_var.o(.data)
    OSTmrTaskTimeMax                         0x2000012c   Data           4  os_var.o(.data)
    OSTmrTickCtr                             0x20000130   Data           4  os_var.o(.data)
    OSTmrUpdateCnt                           0x20000134   Data           4  os_var.o(.data)
    OSTmrUpdateCtr                           0x20000138   Data           4  os_var.o(.data)
    OSTCBCurPtr                              0x2000013c   Data           4  os_var.o(.data)
    OSTCBHighRdyPtr                          0x20000140   Data           4  os_var.o(.data)
    OS_CPU_ExceptStkBase                     0x20000144   Data           4  os_cpu_c.o(.data)
    StartTaskTCB                             0x20000148   Data         196  main.o(.bss)
    START_TASK_STK                           0x2000020c   Data         512  main.o(.bss)
    Task1_TaskTCB                            0x2000040c   Data         196  main.o(.bss)
    TASK1_TASK_STK                           0x200004d0   Data         512  main.o(.bss)
    Task2_TaskTCB                            0x200006d0   Data         196  main.o(.bss)
    TASK2_TASK_STK                           0x20000794   Data         512  main.o(.bss)
    lcddev                                   0x20000994   Data          14  lcd.o(.bss)
    USART_RX_BUF                             0x200009a2   Data         200  usart.o(.bss)
    CPU_Name                                 0x20000a6a   Data          16  cpu_core.o(.bss)
    Mem_PoolHeap                             0x20000a7c   Data          72  lib_mem.o(.bss)
    Mem_Heap                                 0x20000ac4   Data        1024  lib_mem.o(.bss)
    OSCfg_IdleTaskStk                        0x20000ec4   Data         512  os_cfg_app.o(.bss)
    OSCfg_IntQ                               0x200010c4   Data         320  os_cfg_app.o(.bss)
    OSCfg_IntQTaskStk                        0x20001204   Data         512  os_cfg_app.o(.bss)
    OSCfg_ISRStk                             0x20001404   Data         512  os_cfg_app.o(.bss)
    OSCfg_MsgPool                            0x20001604   Data        1600  os_cfg_app.o(.bss)
    OSCfg_StatTaskStk                        0x20001c44   Data         512  os_cfg_app.o(.bss)
    OSCfg_TickTaskStk                        0x20001e44   Data         512  os_cfg_app.o(.bss)
    OSCfg_TickWheel                          0x20002044   Data         136  os_cfg_app.o(.bss)
    OSCfg_TmrTaskStk                         0x200020cc   Data         512  os_cfg_app.o(.bss)
    OSCfg_TmrWheel                           0x200022cc   Data         136  os_cfg_app.o(.bss)
    OSIdleTaskTCB                            0x20002354   Data         196  os_var.o(.bss)
    OSIntQTaskTCB                            0x20002418   Data         196  os_var.o(.bss)
    OSMsgPool                                0x200024dc   Data          12  os_var.o(.bss)
    OSRdyList                                0x200024e8   Data         768  os_var.o(.bss)
    OSStatTaskTCB                            0x200027e8   Data         196  os_var.o(.bss)
    OSTickTaskTCB                            0x200028ac   Data         196  os_var.o(.bss)
    OSTmrTaskTCB                             0x20002970   Data         196  os_var.o(.bss)
    __libspace_start                         0x20002a34   Data          96  libspace.o(.bss)
    __temporary_stack_top$libspace           0x20002a94   Data           0  libspace.o(.bss)



==============================================================================

Memory Map of the image

  Image Entry point : 0x08000189

  Load Region LR_IROM1 (Base: 0x08000000, Size: 0x00012958, Max: 0x00100000, ABSOLUTE, COMPRESSED[0x00012848])

    Execution Region ER_IROM1 (Base: 0x08000000, Size: 0x00012810, Max: 0x00100000, ABSOLUTE)

    Base Addr    Size         Type   Attr      Idx    E Section Name        Object

    0x08000000   0x00000188   Data   RO          359    RESET               startup_stm32f40_41xxx.o
    0x08000188   0x00000008   Code   RO         1053  * !!!main             c_w.l(__main.o)
    0x08000190   0x00000034   Code   RO         1249    !!!scatter          c_w.l(__scatter.o)
    0x080001c4   0x0000005a   Code   RO         1247    !!dczerorl2         c_w.l(__dczerorl2.o)
    0x0800021e   0x00000002   PAD
    0x08000220   0x0000001c   Code   RO         1251    !!handler_zi        c_w.l(__scatter_zi.o)
    0x0800023c   0x00000000   Code   RO         1050    .ARM.Collect$$_printf_percent$$00000000  c_w.l(_printf_percent.o)
    0x0800023c   0x00000006   Code   RO         1049    .ARM.Collect$$_printf_percent$$00000009  c_w.l(_printf_d.o)
    0x08000242   0x00000006   Code   RO         1048    .ARM.Collect$$_printf_percent$$0000000C  c_w.l(_printf_x.o)
    0x08000248   0x00000004   Code   RO         1078    .ARM.Collect$$_printf_percent$$00000017  c_w.l(_printf_percent_end.o)
    0x0800024c   0x00000002   Code   RO         1122    .ARM.Collect$$libinit$$00000000  c_w.l(libinit.o)
    0x0800024e   0x00000004   Code   RO         1134    .ARM.Collect$$libinit$$00000001  c_w.l(libinit2.o)
    0x08000252   0x00000000   Code   RO         1137    .ARM.Collect$$libinit$$00000004  c_w.l(libinit2.o)
    0x08000252   0x00000000   Code   RO         1140    .ARM.Collect$$libinit$$0000000A  c_w.l(libinit2.o)
    0x08000252   0x00000000   Code   RO         1142    .ARM.Collect$$libinit$$0000000C  c_w.l(libinit2.o)
    0x08000252   0x00000000   Code   RO         1144    .ARM.Collect$$libinit$$0000000E  c_w.l(libinit2.o)
    0x08000252   0x00000000   Code   RO         1147    .ARM.Collect$$libinit$$00000011  c_w.l(libinit2.o)
    0x08000252   0x00000000   Code   RO         1149    .ARM.Collect$$libinit$$00000013  c_w.l(libinit2.o)
    0x08000252   0x00000000   Code   RO         1151    .ARM.Collect$$libinit$$00000015  c_w.l(libinit2.o)
    0x08000252   0x00000000   Code   RO         1153    .ARM.Collect$$libinit$$00000017  c_w.l(libinit2.o)
    0x08000252   0x00000000   Code   RO         1155    .ARM.Collect$$libinit$$00000019  c_w.l(libinit2.o)
    0x08000252   0x00000000   Code   RO         1157    .ARM.Collect$$libinit$$0000001B  c_w.l(libinit2.o)
    0x08000252   0x00000000   Code   RO         1159    .ARM.Collect$$libinit$$0000001D  c_w.l(libinit2.o)
    0x08000252   0x00000000   Code   RO         1161    .ARM.Collect$$libinit$$0000001F  c_w.l(libinit2.o)
    0x08000252   0x00000000   Code   RO         1163    .ARM.Collect$$libinit$$00000021  c_w.l(libinit2.o)
    0x08000252   0x00000000   Code   RO         1165    .ARM.Collect$$libinit$$00000023  c_w.l(libinit2.o)
    0x08000252   0x00000000   Code   RO         1167    .ARM.Collect$$libinit$$00000025  c_w.l(libinit2.o)
    0x08000252   0x00000000   Code   RO         1171    .ARM.Collect$$libinit$$0000002C  c_w.l(libinit2.o)
    0x08000252   0x00000000   Code   RO         1173    .ARM.Collect$$libinit$$0000002E  c_w.l(libinit2.o)
    0x08000252   0x00000000   Code   RO         1175    .ARM.Collect$$libinit$$00000030  c_w.l(libinit2.o)
    0x08000252   0x00000000   Code   RO         1177    .ARM.Collect$$libinit$$00000032  c_w.l(libinit2.o)
    0x08000252   0x00000002   Code   RO         1178    .ARM.Collect$$libinit$$00000033  c_w.l(libinit2.o)
    0x08000254   0x00000002   Code   RO         1204    .ARM.Collect$$libshutdown$$00000000  c_w.l(libshutdown.o)
    0x08000256   0x00000000   Code   RO         1232    .ARM.Collect$$libshutdown$$00000003  c_w.l(libshutdown2.o)
    0x08000256   0x00000000   Code   RO         1235    .ARM.Collect$$libshutdown$$00000006  c_w.l(libshutdown2.o)
    0x08000256   0x00000000   Code   RO         1238    .ARM.Collect$$libshutdown$$00000009  c_w.l(libshutdown2.o)
    0x08000256   0x00000000   Code   RO         1240    .ARM.Collect$$libshutdown$$0000000B  c_w.l(libshutdown2.o)
    0x08000256   0x00000000   Code   RO         1243    .ARM.Collect$$libshutdown$$0000000E  c_w.l(libshutdown2.o)
    0x08000256   0x00000002   Code   RO         1244    .ARM.Collect$$libshutdown$$0000000F  c_w.l(libshutdown2.o)
    0x08000258   0x00000000   Code   RO         1069    .ARM.Collect$$rtentry$$00000000  c_w.l(__rtentry.o)
    0x08000258   0x00000000   Code   RO         1085    .ARM.Collect$$rtentry$$00000002  c_w.l(__rtentry2.o)
    0x08000258   0x00000006   Code   RO         1097    .ARM.Collect$$rtentry$$00000004  c_w.l(__rtentry4.o)
    0x0800025e   0x00000000   Code   RO         1087    .ARM.Collect$$rtentry$$00000009  c_w.l(__rtentry2.o)
    0x0800025e   0x00000004   Code   RO         1088    .ARM.Collect$$rtentry$$0000000A  c_w.l(__rtentry2.o)
    0x08000262   0x00000000   Code   RO         1090    .ARM.Collect$$rtentry$$0000000C  c_w.l(__rtentry2.o)
    0x08000262   0x00000008   Code   RO         1091    .ARM.Collect$$rtentry$$0000000D  c_w.l(__rtentry2.o)
    0x0800026a   0x00000002   Code   RO         1126    .ARM.Collect$$rtexit$$00000000  c_w.l(rtexit.o)
    0x0800026c   0x00000000   Code   RO         1180    .ARM.Collect$$rtexit$$00000002  c_w.l(rtexit2.o)
    0x0800026c   0x00000004   Code   RO         1181    .ARM.Collect$$rtexit$$00000003  c_w.l(rtexit2.o)
    0x08000270   0x00000006   Code   RO         1182    .ARM.Collect$$rtexit$$00000004  c_w.l(rtexit2.o)
    0x08000276   0x00000002   PAD
    0x08000278   0x00000614   Code   RO            3    .text               main.o
    0x0800088c   0x00000016   Code   RO          226    .text               stm32f4xx_it.o
    0x080008a2   0x00000002   PAD
    0x080008a4   0x00000210   Code   RO          275    .text               system_stm32f4xx.o
    0x08000ab4   0x00000040   Code   RO          301    .text               led.o
    0x08000af4   0x00004ca8   Code   RO          321    .text               lcd.o
    0x0800579c   0x00000040   Code   RO          360    .text               startup_stm32f40_41xxx.o
    0x080057dc   0x000000e0   Code   RO          366    .text               misc.o
    0x080058bc   0x00000294   Code   RO          386    .text               stm32f4xx_gpio.o
    0x08005b50   0x0000065c   Code   RO          406    .text               stm32f4xx_rcc.o
    0x080061ac   0x00000454   Code   RO          448    .text               stm32f4xx_usart.o
    0x08006600   0x000005c8   Code   RO          468    .text               stm32f4xx_fsmc.o
    0x08006bc8   0x00000148   Code   RO          511    .text               delay.o
    0x08006d10   0x0000015c   Code   RO          551    .text               usart.o
    0x08006e6c   0x00000084   Code   RO          582    .text               bsp.o
    0x08006ef0   0x000002a8   Code   RO          615    .text               cpu_core.o
    0x08007198   0x00000034   Code   RO          641    .text               cpu_a.o
    0x080071cc   0x00000256   Code   RO          644    .text               lib_ascii.o
    0x08007422   0x00000002   PAD
    0x08007424   0x000009c6   Code   RO          677    .text               lib_mem.o
    0x08007dea   0x00000002   PAD
    0x08007dec   0x0000092c   Code   RO          696    .text               lib_str.o
    0x08008718   0x00000220   Code   RO          713    .text               lib_mem_a.o
    0x08008938   0x000000fc   Code   RO          716    .text               os_cfg_app.o
    0x08008a34   0x00000df0   Code   RO          739    .text               os_core.o
    0x08009824   0x000001b0   Code   RO          751    .text               os_dbg.o
    0x080099d4   0x00000e28   Code   RO          766    .text               os_flag.o
    0x0800a7fc   0x00000444   Code   RO          778    .text               os_int.o
    0x0800ac40   0x00000238   Code   RO          790    .text               os_mem.o
    0x0800ae78   0x0000022c   Code   RO          802    .text               os_msg.o
    0x0800b0a4   0x00000ad4   Code   RO          814    .text               os_mutex.o
    0x0800bb78   0x0000007c   Code   RO          832    .text               os_prio.o
    0x0800bbf4   0x000008d8   Code   RO          851    .text               os_q.o
    0x0800c4cc   0x00000830   Code   RO          863    .text               os_sem.o
    0x0800ccfc   0x00000638   Code   RO          875    .text               os_stat.o
    0x0800d334   0x00001bb4   Code   RO          887    .text               os_task.o
    0x0800eee8   0x000004fc   Code   RO          899    .text               os_tick.o
    0x0800f3e4   0x00000564   Code   RO          911    .text               os_time.o
    0x0800f948   0x00000818   Code   RO          923    .text               os_tmr.o
    0x08010160   0x000003f8   Code   RO          951    .text               os_cpu_c.o
    0x08010558   0x00000002   Code   RO          995    .text               c_w.l(use_no_semi_2.o)
    0x0801055a   0x000000ee   Code   RO          997    .text               c_w.l(lludivv7m.o)
    0x08010648   0x00000018   Code   RO         1001    .text               c_w.l(noretval__2printf.o)
    0x08010660   0x00000068   Code   RO         1003    .text               c_w.l(__printf.o)
    0x080106c8   0x00000078   Code   RO         1005    .text               c_w.l(_printf_dec.o)
    0x08010740   0x00000058   Code   RO         1010    .text               c_w.l(_printf_hex_int.o)
    0x08010798   0x00000006   Code   RO         1051    .text               c_w.l(heapauxi.o)
    0x0801079e   0x00000002   Code   RO         1067    .text               c_w.l(use_no_semi.o)
    0x080107a0   0x000000b2   Code   RO         1074    .text               c_w.l(_printf_intcommon.o)
    0x08010852   0x00000002   PAD
    0x08010854   0x00000024   Code   RO         1076    .text               c_w.l(_printf_char_file.o)
    0x08010878   0x00000030   Code   RO         1101    .text               c_w.l(_printf_char_common.o)
    0x080108a8   0x00000008   Code   RO         1103    .text               c_w.l(ferror.o)
    0x080108b0   0x0000004a   Code   RO         1107    .text               c_w.l(sys_stackheap_outer.o)
    0x080108fa   0x0000000c   Code   RO         1111    .text               c_w.l(exit.o)
    0x08010906   0x00000002   PAD
    0x08010908   0x00000008   Code   RO         1123    .text               c_w.l(libspace.o)
    0x08010910   0x000000ac   Code   RO          975    CODE                os_cpu_a.o
    0x080109bc   0x0000005a   Code   RO         1055    x$fpl$dfixu         fz_wm.l(dfixu.o)
    0x08010a16   0x00000026   Code   RO         1059    x$fpl$dfltu         fz_wm.l(dflt_clz.o)
    0x08010a3c   0x00000154   Code   RO         1065    x$fpl$dmul          fz_wm.l(dmul.o)
    0x08010b90   0x0000009c   Code   RO         1079    x$fpl$dnaninf       fz_wm.l(dnaninf.o)
    0x08010c2c   0x0000000c   Code   RO         1081    x$fpl$dretinf       fz_wm.l(dretinf.o)
    0x08010c38   0x0000000a   Code   RO         1192    x$fpl$fpinit        fz_wm.l(fpinit.o)
    0x08010c42   0x00000000   Code   RO         1083    x$fpl$usenofp       fz_wm.l(usenofp.o)
    0x08010c42   0x000017c0   Data   RO          323    .constdata          lcd.o
    0x08012402   0x00000002   PAD
    0x08012404   0x0000001c   Data   RO          469    .constdata          stm32f4xx_fsmc.o
    0x08012420   0x00000104   Data   RO          617    .constdata          cpu_core.o
    0x08012524   0x00000094   Data   RO          697    .constdata          lib_str.o
    0x080125b8   0x000000a4   Data   RO          718    .constdata          os_cfg_app.o
    0x0801265c   0x0000016c   Data   RO          752    .constdata          os_dbg.o
    0x080127c8   0x00000028   Data   RO         1011    .constdata          c_w.l(_printf_hex_int.o)
    0x080127f0   0x00000020   Data   RO         1245    Region$$Table       anon$$obj.o


    Execution Region RW_IRAM1 (Base: 0x20000000, Size: 0x00003098, Max: 0x00020000, ABSOLUTE, COMPRESSED[0x00000038])

    Base Addr    Size         Type   Attr      Idx    E Section Name        Object

    0x20000000   0x00000038   Data   RW            5    .data               main.o
    0x20000038   0x00000014   Data   RW          276    .data               system_stm32f4xx.o
    0x2000004c   0x00000004   Data   RW          324    .data               lcd.o
    0x20000050   0x00000010   Data   RW          407    .data               stm32f4xx_rcc.o
    0x20000060   0x00000004   Data   RW          512    .data               delay.o
    0x20000064   0x00000006   Data   RW          553    .data               usart.o
    0x2000006a   0x00000002   PAD
    0x2000006c   0x00000004   Data   RW          618    .data               cpu_core.o
    0x20000070   0x00000004   Data   RW          679    .data               lib_mem.o
    0x20000074   0x00000008   Data   RW          833    .data               os_prio.o
    0x2000007c   0x000000c8   Data   RW          936    .data               os_var.o
    0x20000144   0x00000004   Data   RW          952    .data               os_cpu_c.o
    0x20000148   0x0000084c   Zero   RW            4    .bss                main.o
    0x20000994   0x0000000e   Zero   RW          322    .bss                lcd.o
    0x200009a2   0x000000c8   Zero   RW          552    .bss                usart.o
    0x20000a6a   0x00000010   Zero   RW          616    .bss                cpu_core.o
    0x20000a7a   0x00000002   PAD
    0x20000a7c   0x00000448   Zero   RW          678    .bss                lib_mem.o
    0x20000ec4   0x00001490   Zero   RW          717    .bss                os_cfg_app.o
    0x20002354   0x000006e0   Zero   RW          935    .bss                os_var.o
    0x20002a34   0x00000060   Zero   RW         1124    .bss                c_w.l(libspace.o)
    0x20002a94   0x00000004   PAD
    0x20002a98   0x00000200   Zero   RW          358    HEAP                startup_stm32f40_41xxx.o
    0x20002c98   0x00000400   Zero   RW          357    STACK               startup_stm32f40_41xxx.o


==============================================================================

Image component sizes


      Code (inc. data)   RO Data    RW Data    ZI Data      Debug   Object Name

       132         14          0          0          0       1259   bsp.o
        52          0          0          0          0        364   cpu_a.o
       680         14        260          4         16      14879   cpu_core.o
       328         24          0          4          0       1953   delay.o
     19624        168       6080          4         14      22522   lcd.o
        64          6          0          0          0        579   led.o
       598          0          0          0          0       3832   lib_ascii.o
      2502         32          0          4       1096      22112   lib_mem.o
       544          0          0          0          0        512   lib_mem_a.o
      2348          6        148          0          0      13334   lib_str.o
      1556        304          0         56       2124     313237   main.o
       224         20          0          0          0       2065   misc.o
       252        166        164          0       5264      21114   os_cfg_app.o
      3568        284          0          0          0      12305   os_core.o
       172         32          0          0          0        432   os_cpu_a.o
      1016         64          0          4          0       4233   os_cpu_c.o
       432        286        364          0          0       4925   os_dbg.o
      3624        110          0          0          0       8023   os_flag.o
      1092        146          0          0          0       2396   os_int.o
       568         20          0          0          0       2892   os_mem.o
       556         12          0          0          0       2907   os_msg.o
      2772        114          0          0          0       5714   os_mutex.o
       124          4          0          8          0       2068   os_prio.o
      2264         76          0          0          0       6396   os_q.o
      2096         70          0          0          0       6408   os_sem.o
      1592        180          0          0          0       2901   os_stat.o
      7092        270          0          0          0      13770   os_task.o
      1276         90          0          0          0       3505   os_tick.o
      1380         46          0          0          0       3293   os_time.o
      2072        140          0          0          0       6590   os_tmr.o
         0          0          0        200       1760      19441   os_var.o
        64         26        392          0       1536        872   startup_stm32f40_41xxx.o
      1480         18         28          0          0       5942   stm32f4xx_fsmc.o
       660         44          0          0          0       4337   stm32f4xx_gpio.o
        22          0          0          0          0       1087   stm32f4xx_it.o
      1628         52          0         16          0      13208   stm32f4xx_rcc.o
      1108         34          0          0          0       8040   stm32f4xx_usart.o
       528         46          0         20          0       1939   system_stm32f4xx.o
       348         18          0          6        200       3506   usart.o

    ----------------------------------------------------------------------
     66444       2936       7470        328      12012     564892   Object Totals
         0          0         32          0          0          0   (incl. Generated)
         6          0          2          2          2          0   (incl. Padding)

    ----------------------------------------------------------------------

      Code (inc. data)   RO Data    RW Data    ZI Data      Debug   Library Member Name

        90          0          0          0          0          0   __dczerorl2.o
         8          0          0          0          0         68   __main.o
       104          0          0          0          0         84   __printf.o
         0          0          0          0          0          0   __rtentry.o
        12          0          0          0          0          0   __rtentry2.o
         6          0          0          0          0          0   __rtentry4.o
        52          8          0          0          0          0   __scatter.o
        28          0          0          0          0          0   __scatter_zi.o
        48          6          0          0          0         96   _printf_char_common.o
        36          4          0          0          0         80   _printf_char_file.o
         6          0          0          0          0          0   _printf_d.o
       120         16          0          0          0         92   _printf_dec.o
        88          4         40          0          0         88   _printf_hex_int.o
       178          0          0          0          0         88   _printf_intcommon.o
         0          0          0          0          0          0   _printf_percent.o
         4          0          0          0          0          0   _printf_percent_end.o
         6          0          0          0          0          0   _printf_x.o
        12          0          0          0          0         72   exit.o
         8          0          0          0          0         68   ferror.o
         6          0          0          0          0        152   heapauxi.o
         2          0          0          0          0          0   libinit.o
         6          0          0          0          0          0   libinit2.o
         2          0          0          0          0          0   libshutdown.o
         2          0          0          0          0          0   libshutdown2.o
         8          4          0          0         96         68   libspace.o
       238          0          0          0          0        100   lludivv7m.o
        24          4          0          0          0         84   noretval__2printf.o
         2          0          0          0          0          0   rtexit.o
        10          0          0          0          0          0   rtexit2.o
        74          0          0          0          0         80   sys_stackheap_outer.o
         2          0          0          0          0         68   use_no_semi.o
         2          0          0          0          0         68   use_no_semi_2.o
        90          4          0          0          0        140   dfixu.o
        38          0          0          0          0        116   dflt_clz.o
       340         12          0          0          0        152   dmul.o
       156          4          0          0          0        140   dnaninf.o
        12          0          0          0          0        116   dretinf.o
        10          0          0          0          0        116   fpinit.o
         0          0          0          0          0          0   usenofp.o

    ----------------------------------------------------------------------
      1838         66         40          0        100       2136   Library Totals
         8          0          0          0          4          0   (incl. Padding)

    ----------------------------------------------------------------------

      Code (inc. data)   RO Data    RW Data    ZI Data      Debug   Library Name

      1184         46         40          0         96       1356   c_w.l
       646         20          0          0          0        780   fz_wm.l

    ----------------------------------------------------------------------
      1838         66         40          0        100       2136   Library Totals

    ----------------------------------------------------------------------

==============================================================================


      Code (inc. data)   RO Data    RW Data    ZI Data      Debug   

     68282       3002       7510        328      12112     557504   Grand Totals
     68282       3002       7510         56      12112     557504   ELF Image Totals (compressed)
     68282       3002       7510         56          0          0   ROM Totals

==============================================================================

    Total RO  Size (Code + RO Data)                75792 (  74.02kB)
    Total RW  Size (RW Data + ZI Data)             12440 (  12.15kB)
    Total ROM Size (Code + RO Data + RW Data)      75848 (  74.07kB)

==============================================================================

